******************************************************************************
                  TI ARM Linker PC v18.12.2                    
******************************************************************************
>> Linked Thu Aug  1 00:55:45 2019

OUTPUT FILE NAME:   <ST7735_4C123.out>
ENTRY POINT SYMBOL: "_c_int00_noargs"  address: 00002279


MEMORY CONFIGURATION

         name            origin    length      used     unused   attr    fill
----------------------  --------  ---------  --------  --------  ----  --------
  FLASH                 00000000   00040000  000030e8  0003cf18  R  X
  SRAM                  20000000   00008000  000004be  00007b42  RW X


SEGMENT ALLOCATION MAP

run origin  load origin   length   init length attrs members
----------  ----------- ---------- ----------- ----- -------
00000000    00000000    000030e8   000030e8    r-x
  00000000    00000000    0000026c   0000026c    r-- .intvecs
  0000026c    0000026c    000022a4   000022a4    r-x .text
  00002510    00002510    00000b88   00000b88    r-- .const
  00003098    00003098    00000050   00000050    r-- .cinit
20000000    20000000    000004c8   00000000    rw-
  20000000    20000000    0000026c   00000000    rw- .vtable
  20000270    20000270    00000200   00000000    rw- .stack
  20000470    20000470    00000024   00000000    rw- .bss
  20000494    20000494    0000001e   00000000    rw- .data
  200004b8    200004b8    00000010   00000000    rw- .sysmem


SECTION ALLOCATION MAP

 output                                  attributes/
section   page    origin      length       input sections
--------  ----  ----------  ----------   ----------------
.intvecs   0    00000000    0000026c     
                  00000000    0000026c     tm4c123gh6pm_startup_ccs.obj (.intvecs)

.text      0    0000026c    000022a4     
                  0000026c    000013a0     ST7735.obj (.text)
                  0000160c    000001e0     functions.obj (.text)
                  000017ec    0000015c     Main.obj (.text)
                  00001948    00000132     driverlib.lib : gpio.obj (.text:GPIOPadConfigSet)
                  00001a7a    00000112     tm4c123gh6pm_startup_ccs.obj (.text)
                  00001b8c    00000110     driverlib.lib : sysctl.obj (.text:SysCtlClockGet)
                  00001c9c    000000f4                   : sysctl.obj (.text:SysCtlClockSet)
                  00001d90    0000009c     rtsv7M4_T_le_v4SPD16_eabi.lib : memcpy_t2.asm.obj (.text)
                  00001e2c    0000007a     driverlib.lib : adc.obj (.text:ADCSequenceStepConfigure)
                  00001ea6    00000002     --HOLE-- [fill = 0]
                  00001ea8    00000068                   : interrupt.obj (.text:IntEnable)
                  00001f10    00000068     rtsv7M4_T_le_v4SPD16_eabi.lib : copy_decompress_lzss.c.obj (.text:decompress:lzss:__TI_decompress_lzss)
                  00001f78    00000060     driverlib.lib : timer.obj (.text:TimerConfigure)
                  00001fd8    00000056                   : gpio.obj (.text:GPIOIntTypeSet)
                  0000202e    00000050                   : adc.obj (.text:ADCSequenceConfigure)
                  0000207e    00000002     --HOLE-- [fill = 0]
                  00002080    0000004c                   : timer.obj (.text:_TimerIntNumberGet)
                  000020cc    00000048                   : gpio.obj (.text:GPIOPinConfigure)
                  00002114    00000044                   : gpio.obj (.text:_GPIOIntNumberGet)
                  00002158    00000044     rtsv7M4_T_le_v4SPD16_eabi.lib : autoinit.c.obj (.text:__TI_auto_init_nobinit_nopinit:__TI_auto_init_nobinit_nopinit)
                  0000219c    0000003c     driverlib.lib : ssi.obj (.text:SSIConfigSetExpClk)
                  000021d8    00000038                   : sysctl.obj (.text:SysCtlPeripheralReady)
                  00002210    00000034                   : interrupt.obj (.text:IntRegister)
                  00002244    00000034                   : sysctl.obj (.text:SysCtlPeripheralEnable)
                  00002278    00000034     rtsv7M4_T_le_v4SPD16_eabi.lib : boot_cortex_m.c.obj (.text:_c_int00_noargs:_c_int00_noargs)
                  000022ac    0000002e     driverlib.lib : adc.obj (.text:ADCIntStatus)
                  000022da    0000002a                   : gpio.obj (.text:GPIODirModeSet)
                  00002304    00000022                   : pwm.obj (.text:PWMGenConfigure)
                  00002326    0000001e                   : adc.obj (.text:ADCSequenceDataGet)
                  00002344    0000001e                   : pwm.obj (.text:PWMPulseWidthSet)
                  00002362    0000001c     rtsv7M4_T_le_v4SPD16_eabi.lib : copy_zero_init.c.obj (.text:decompress:ZI:__TI_zero_init_nomemset:__TI_zero_init_nomemset)
                  0000237e    00000018     driverlib.lib : adc.obj (.text:ADCProcessorTrigger)
                  00002396    00000018                   : gpio.obj (.text:GPIOIntRegister)
                  000023ae    00000018                   : gpio.obj (.text:GPIOPinTypeGPIOOutput)
                  000023c6    00000018                   : timer.obj (.text:TimerIntRegister)
                  000023de    00000002     --HOLE-- [fill = 0]
                  000023e0    00000014                   : sysctl.obj (.text:SysCtlPWMClockSet)
                  000023f4    00000012                   : gpio.obj (.text:GPIOPinTypeADC)
                  00002406    00000012                   : gpio.obj (.text:GPIOPinTypeGPIOInput)
                  00002418    00000012                   : gpio.obj (.text:GPIOPinTypePWM)
                  0000242a    00000012                   : gpio.obj (.text:GPIOPinTypeSSI)
                  0000243c    00000012                   : pwm.obj (.text:PWMOutputState)
                  0000244e    00000012                   : timer.obj (.text:TimerLoadSet)
                  00002460    00000010                   : pwm.obj (.text:PWMGenPeriodSet)
                  00002470    0000000e                   : adc.obj (.text:ADCSequenceDisable)
                  0000247e    0000000e                   : adc.obj (.text:ADCSequenceEnable)
                  0000248c    0000000e                   : timer.obj (.text:TimerEnable)
                  0000249a    0000000e     rtsv7M4_T_le_v4SPD16_eabi.lib : copy_decompress_none.c.obj (.text:decompress:none:__TI_decompress_none)
                  000024a8    0000000c     driverlib.lib : gpio.obj (.text:GPIOIntEnable)
                  000024b4    0000000c                   : pwm.obj (.text:PWMGenEnable)
                  000024c0    0000000a                   : adc.obj (.text:ADCIntClear)
                  000024ca    0000000a                   : ssi.obj (.text:SSIDataPut)
                  000024d4    0000000a                   : ssi.obj (.text:SSIEnable)
                  000024de    00000008                   : timer.obj (.text:TimerIntEnable)
                  000024e6    00000006                   : gpio.obj (.text:GPIOIntClear)
                  000024ec    00000006                   : gpio.obj (.text:GPIOPinRead)
                  000024f2    00000006                   : gpio.obj (.text:GPIOPinWrite)
                  000024f8    00000006                   : sysctl.obj (.text:SysCtlDelay)
                  000024fe    00000006                   : timer.obj (.text:TimerClockSourceSet)
                  00002504    00000004                   : timer.obj (.text:TimerIntClear)
                  00002508    00000004     rtsv7M4_T_le_v4SPD16_eabi.lib : pre_init.c.obj (.text:_system_pre_init)
                  0000250c    00000004                                   : exit.c.obj (.text:abort:abort)

.const     0    00002510    00000b88     
                  00002510    000004fb     ST7735.obj (.const:.string:Font)
                  00002a0b    00000200     ST7735.obj (.const:.string:dBfs)
                  00002c0b    00000001     --HOLE-- [fill = 0]
                  00002c0c    000000d8     driverlib.lib : gpio.obj (.const:g_ppui32GPIOIntMapSnowflake)
                  00002ce4    000000c0                   : gpio.obj (.const:g_ppui32GPIOIntMapBlizzard)
                  00002da4    00000090                   : gpio.obj (.const:g_pui32GPIOBaseAddrs)
                  00002e34    00000070                   : interrupt.obj (.const)
                  00002ea4    0000006c                   : sysctl.obj (.const:g_pui32Xtals)
                  00002f10    00000067     ST7735.obj (.const:.string:Bcmd)
                  00002f77    00000001     --HOLE-- [fill = 0]
                  00002f78    00000060     driverlib.lib : timer.obj (.const:g_ppui32TimerIntMap)
                  00002fd8    00000040                   : timer.obj (.const:g_ppui32TimerIntMapSnowflake)
                  00003018    0000003b     ST7735.obj (.const:.string:Rcmd1)
                  00003053    0000002b     ST7735.obj (.const:.string:Rcmd3)
                  0000307e    0000000d     ST7735.obj (.const:.string:Rcmd2green)
                  0000308b    0000000d     ST7735.obj (.const:.string:Rcmd2red)

.cinit     0    00003098    00000050     
                  00003098    00000017     (.cinit..data.load) [load image, compression = lzss]
                  000030af    00000001     --HOLE-- [fill = 0]
                  000030b0    0000000c     (__TI_handler_table)
                  000030bc    00000004     --HOLE-- [fill = 0]
                  000030c0    00000008     (.cinit..bss.load) [load image, compression = zero_init]
                  000030c8    00000008     (.cinit..vtable.load) [load image, compression = zero_init]
                  000030d0    00000018     (__TI_cinit_table)

.init_array 
*          0    00000000    00000000     UNINITIALIZED

.vtable    0    20000000    0000026c     UNINITIALIZED
                  20000000    0000026c     driverlib.lib : interrupt.obj (.vtable)

.stack     0    20000270    00000200     UNINITIALIZED
                  20000270    00000004     rtsv7M4_T_le_v4SPD16_eabi.lib : boot_cortex_m.c.obj (.stack)
                  20000274    000001fc     --HOLE--

.bss       0    20000470    00000024     UNINITIALIZED
                  20000470    0000000c     (.common:Message)
                  2000047c    00000004     ST7735.obj (.bss)
                  20000480    00000004     (.common:Messageindex)
                  20000484    00000004     (.common:X)
                  20000488    00000004     (.common:Ymax)
                  2000048c    00000004     (.common:Ymin)
                  20000490    00000004     (.common:Yrange)

.data      0    20000494    0000001e     UNINITIALIZED
                  20000494    0000001e     ST7735.obj (.data)

.sysmem    0    200004b8    00000010     UNINITIALIZED
                  200004b8    00000010     rtsv7M4_T_le_v4SPD16_eabi.lib : memory.c.obj (.sysmem)

MODULE SUMMARY

       Module                         code   ro data   rw data
       ------                         ----   -------   -------
    .\
       ST7735.obj                     5024   2018      66     
       tm4c123gh6pm_startup_ccs.obj   274    620       0      
       functions.obj                  480    0         0      
       Main.obj                       348    0         0      
    +--+------------------------------+------+---------+---------+
       Total:                         6126   2638      66     
                                                              
    C:/ti/TivaWare_C_Series-2.1.4.178/driverlib/ccs/Debug/driverlib.lib
       gpio.obj                       724    552       0      
       interrupt.obj                  156    112       620    
       sysctl.obj                     650    108       0      
       timer.obj                      246    160       0      
       adc.obj                        340    0         0      
       pwm.obj                        110    0         0      
       ssi.obj                        80     0         0      
    +--+------------------------------+------+---------+---------+
       Total:                         2306   932       620    
                                                              
    C:\ti\ccs910\ccs\tools\compiler\ti-cgt-arm_18.12.2.LTS\lib\rtsv7M4_T_le_v4SPD16_eabi.lib
       memcpy_t2.asm.obj              156    0         0      
       copy_decompress_lzss.c.obj     104    0         0      
       autoinit.c.obj                 68     0         0      
       boot_cortex_m.c.obj            52     0         0      
       copy_zero_init.c.obj           28     0         0      
       copy_decompress_none.c.obj     14     0         0      
       exit.c.obj                     4      0         0      
       pre_init.c.obj                 4      0         0      
    +--+------------------------------+------+---------+---------+
       Total:                         430    0         0      
                                                              
       Heap:                          0      0         16     
       Stack:                         0      0         512    
       Linker Generated:              0      75        0      
    +--+------------------------------+------+---------+---------+
       Grand Total:                   8862   3645      1214   


LINKER GENERATED COPY TABLES

__TI_cinit_table @ 000030d0 records: 3, size/record: 8, table size: 24
	.data: load addr=00003098, load size=00000017 bytes, run addr=20000494, run size=0000001e bytes, compression=lzss
	.bss: load addr=000030c0, load size=00000008 bytes, run addr=20000470, run size=00000024 bytes, compression=zero_init
	.vtable: load addr=000030c8, load size=00000008 bytes, run addr=20000000, run size=0000026c bytes, compression=zero_init


LINKER GENERATED HANDLER TABLE

__TI_handler_table @ 000030b0 records: 3, size/record: 4, table size: 12
	index: 0, handler: __TI_zero_init
	index: 1, handler: __TI_decompress_lzss
	index: 2, handler: __TI_decompress_none


GLOBAL SYMBOLS: SORTED ALPHABETICALLY BY Name 

address   name                          
-------   ----                          
00001aab  ADC0Seq0_Handler              
00001aad  ADC0Seq1_Handler              
00001aaf  ADC0Seq2_Handler              
00001ab1  ADC0Seq3_Handler              
00001aef  ADC1Seq0_Handler              
00001af1  ADC1Seq1_Handler              
00001af3  ADC1Seq2_Handler              
00001af5  ADC1Seq3_Handler              
000024c1  ADCIntClear                   
000022ad  ADCIntStatus                  
0000237f  ADCProcessorTrigger           
0000202f  ADCSequenceConfigure          
00002327  ADCSequenceDataGet            
00002471  ADCSequenceDisable            
0000247f  ADCSequenceEnable             
00001e2d  ADCSequenceStepConfigure      
0000250d  C$$EXIT                       
00001add  CAN0_Handler                  
00001adf  CAN1_Handler                  
00001ae1  CAN2_Handler                  
00001ac1  Comp0_Handler                 
00001ac3  Comp1_Handler                 
00001ac5  Comp2_Handler                 
00001a89  DebugMon_Handler              
000002a5  Delay1ms                      
00001b73  DisableInterrupts             
00001b77  EnableInterrupts              
00001b83  EndCritical                   
00001ae3  Ethernet_Handler              
00001af9  ExtBus_Handler                
00001b33  FPU_Handler                   
00001b43  Fan0_Handler                  
00001ac9  FlashCtl_Handler              
000022db  GPIODirModeSet                
000024e7  GPIOIntClear                  
000024a9  GPIOIntEnable                 
00002397  GPIOIntRegister               
00001fd9  GPIOIntTypeSet                
00001949  GPIOPadConfigSet              
000020cd  GPIOPinConfigure              
000024ed  GPIOPinRead                   
000023f5  GPIOPinTypeADC                
00002407  GPIOPinTypeGPIOInput          
000023af  GPIOPinTypeGPIOOutput         
00002419  GPIOPinTypePWM                
0000242b  GPIOPinTypeSSI                
000024f3  GPIOPinWrite                  
00001a8f  GPIOPortA_Handler             
00001a91  GPIOPortB_Handler             
00001a93  GPIOPortC_Handler             
00001a95  GPIOPortD_Handler             
00001a97  GPIOPortE_Handler             
00001acb  GPIOPortF_Handler             
00001acd  GPIOPortG_Handler             
00001acf  GPIOPortH_Handler             
00001afb  GPIOPortJ_Handler             
00001afd  GPIOPortK_Handler             
00001aff  GPIOPortL_Handler             
00001b3d  GPIOPortM_Handler             
00001b3f  GPIOPortN_Handler             
00001b47  GPIOPortP1_Handler            
00001b49  GPIOPortP2_Handler            
00001b4b  GPIOPortP3_Handler            
00001b4d  GPIOPortP4_Handler            
00001b4f  GPIOPortP5_Handler            
00001b51  GPIOPortP6_Handler            
00001b53  GPIOPortP7_Handler            
00001b45  GPIOPortP_Handler             
00001b57  GPIOPortQ1_Handler            
00001b59  GPIOPortQ2_Handler            
00001b5b  GPIOPortQ3_Handler            
00001b5d  GPIOPortQ4_Handler            
00001b5f  GPIOPortQ5_Handler            
00001b61  GPIOPortQ6_Handler            
00001b63  GPIOPortQ7_Handler            
00001b55  GPIOPortQ_Handler             
00001b65  GPIOPortR_Handler             
00001b67  GPIOPortS_Handler             
00001ae5  Hibernate_Handler             
00001a9f  I2C0_Handler                  
00001ad9  I2C1_Handler                  
00001b0f  I2C2_Handler                  
00001b11  I2C3_Handler                  
00001b39  I2C4_Handler                  
00001b3b  I2C5_Handler                  
00001af7  I2S0_Handler                  
00001ea9  IntEnable                     
00002211  IntRegister                   
00001b37  LPC0_Handler                  
20000470  Message                       
20000480  Messageindex                  
00001553  Output_Clear                  
0000156d  Output_Color                  
00001543  Output_Init                   
0000155d  Output_Off                    
00001565  Output_On                     
00001b35  PECI0_Handler                 
00001aa1  PWM0Fault_Handler             
00001aa3  PWM0Generator0_Handler        
00001aa5  PWM0Generator1_Handler        
00001aa7  PWM0Generator2_Handler        
00001ae9  PWM0Generator3_Handler        
00001b71  PWM1Fault_Handler             
00001b69  PWM1Generator0_Handler        
00001b6b  PWM1Generator1_Handler        
00001b6d  PWM1Generator2_Handler        
00001b6f  PWM1Generator3_Handler        
00002305  PWMGenConfigure               
000024b5  PWMGenEnable                  
00002461  PWMGenPeriodSet               
0000243d  PWMOutputState                
00002345  PWMPulseWidthSet              
00001a8b  PendSV_Handler                
00001aa9  Quadrature0_Handler           
00001adb  Quadrature1_Handler           
00001b41  Quadrature2_Handler           
00001a7b  ResetISR                      
00001a9d  SSI0_Handler                  
00001ad3  SSI1_Handler                  
00001b01  SSI2_Handler                  
00001b03  SSI3_Handler                  
0000219d  SSIConfigSetExpClk            
000024cb  SSIDataPut                    
000024d5  SSIEnable                     
00000871  ST7735_Color565               
000008d5  ST7735_DrawBitmap             
00000c49  ST7735_DrawChar               
00000ad3  ST7735_DrawCharS              
00000661  ST7735_DrawFastHLine          
000005a9  ST7735_DrawFastVLine          
00000545  ST7735_DrawPixel              
00000db7  ST7735_DrawString             
00000765  ST7735_FillRect               
0000070b  ST7735_FillScreen             
00000423  ST7735_InitB                  
00000443  ST7735_InitR                  
00000feb  ST7735_InvertDisplay          
00001429  ST7735_OutChar                
000014e5  ST7735_OutString              
00000ea5  ST7735_OutUDec                
00001335  ST7735_PlotBar                
00001003  ST7735_PlotClear              
00001125  ST7735_PlotLine               
000013d5  ST7735_PlotNext               
000013ef  ST7735_PlotNextErase          
0000105f  ST7735_PlotPoint              
0000125f  ST7735_PlotPoints             
0000138b  ST7735_PlotdBfs               
00000e7f  ST7735_SetCursor              
00000f21  ST7735_SetRotation            
00001503  ST7735_SetTextColor           
000008a5  ST7735_SwapColor              
00001a87  SVC_Handler                   
2000049c  StTextColor                   
20000494  StX                           
20000498  StY                           
00001b7b  StartCritical                 
00001b8d  SysCtlClockGet                
00001c9d  SysCtlClockSet                
000024f9  SysCtlDelay                   
000023e1  SysCtlPWMClockSet             
00002245  SysCtlPeripheralEnable        
000021d9  SysCtlPeripheralReady         
00001ac7  SysCtl_Handler                
00001a8d  SysTick_Handler               
00001ab5  Timer0A_Handler               
00001ab7  Timer0B_Handler               
00001ab9  Timer1A_Handler               
00001abb  Timer1B_Handler               
00001abd  Timer2A_Handler               
00001abf  Timer2B_Handler               
00001ad5  Timer3A_Handler               
00001ad7  Timer3B_Handler               
00001b13  Timer4A_Handler               
00001b15  Timer4B_Handler               
00001b17  Timer5A_Handler               
00001b19  Timer5B_Handler               
000024ff  TimerClockSourceSet           
00001f79  TimerConfigure                
0000248d  TimerEnable                   
00002505  TimerIntClear                 
000024df  TimerIntEnable                
000023c7  TimerIntRegister              
0000244f  TimerLoadSet                  
00001a99  UART0_Handler                 
00001a9b  UART1_Handler                 
00001ad1  UART2_Handler                 
00001b05  UART3_Handler                 
00001b07  UART4_Handler                 
00001b09  UART5_Handler                 
00001b0b  UART6_Handler                 
00001b0d  UART7_Handler                 
00001ae7  USB0_Handler                  
00001ab3  WDT_Handler                   
00001b89  WaitForInterrupt              
00001b1b  WideTimer0A_Handler           
00001b1d  WideTimer0B_Handler           
00001b1f  WideTimer1A_Handler           
00001b21  WideTimer1B_Handler           
00001b23  WideTimer2A_Handler           
00001b25  WideTimer2B_Handler           
00001b27  WideTimer3A_Handler           
00001b29  WideTimer3B_Handler           
00001b2b  WideTimer4A_Handler           
00001b2d  WideTimer4B_Handler           
00001b2f  WideTimer5A_Handler           
00001b31  WideTimer5B_Handler           
20000484  X                             
20000488  Ymax                          
2000048c  Ymin                          
20000490  Yrange                        
20000470  __STACK_END                   
00000200  __STACK_SIZE                  
20000470  __STACK_TOP                   
00000010  __SYSMEM_SIZE                 
000030d0  __TI_CINIT_Base               
000030e8  __TI_CINIT_Limit              
000030b0  __TI_Handler_Table_Base       
000030bc  __TI_Handler_Table_Limit      
00002159  __TI_auto_init_nobinit_nopinit
00001f11  __TI_decompress_lzss          
0000249b  __TI_decompress_none          
ffffffff  __TI_pprof_out_hndl           
ffffffff  __TI_prof_data_size           
ffffffff  __TI_prof_data_start          
00000000  __TI_static_base__            
00002363  __TI_zero_init_nomemset       
00001d91  __aeabi_memcpy                
00001d91  __aeabi_memcpy4               
00001d91  __aeabi_memcpy8               
ffffffff  __binit__                     
ffffffff  __c_args__                    
UNDEFED   __mpu_init                    
20000270  __stack                       
00002279  _c_int00_noargs               
200004b8  _sys_memory                   
UNDEFED   _system_post_cinit            
00002509  _system_pre_init              
0000250d  abort                         
ffffffff  binit                         
00001825  clearScreen                   
00002a0b  dBfs                          
000015ad  deadState                     
00001581  feedingState                  
00001535  ferror                        
00001529  fgetc                         
00000e3d  fillmessage                   
00001517  fputc                         
20000000  g_pfnRAMVectors               
00000000  g_pfnVectors                  
200004b0  gameState                     
200004a8  happiness                     
200004ac  hunger                        
00001869  init                          
0000175b  initADC                       
000016ab  initButtonInterupt            
00001623  initInput                     
0000163f  initOutput                    
000016fd  initPWMModule                 
0000165b  initPeriodicTimer             
0000160d  initPeriph                    
000017ab  initSSI                       
200004a4  lastj                         
000018f7  main                          
00001d91  memcpy                        
200004b1  petState                      
000018c3  readADC                       
000017ed  sketch                        
00001847  stickInterruptHandler         
00001837  timerInterruptHandler         
00001aed  uDMA_Error                    
00001aeb  uDMA_Handler                  


GLOBAL SYMBOLS: SORTED BY Symbol Address 

address   name                          
-------   ----                          
00000000  __TI_static_base__            
00000000  g_pfnVectors                  
00000010  __SYSMEM_SIZE                 
00000200  __STACK_SIZE                  
000002a5  Delay1ms                      
00000423  ST7735_InitB                  
00000443  ST7735_InitR                  
00000545  ST7735_DrawPixel              
000005a9  ST7735_DrawFastVLine          
00000661  ST7735_DrawFastHLine          
0000070b  ST7735_FillScreen             
00000765  ST7735_FillRect               
00000871  ST7735_Color565               
000008a5  ST7735_SwapColor              
000008d5  ST7735_DrawBitmap             
00000ad3  ST7735_DrawCharS              
00000c49  ST7735_DrawChar               
00000db7  ST7735_DrawString             
00000e3d  fillmessage                   
00000e7f  ST7735_SetCursor              
00000ea5  ST7735_OutUDec                
00000f21  ST7735_SetRotation            
00000feb  ST7735_InvertDisplay          
00001003  ST7735_PlotClear              
0000105f  ST7735_PlotPoint              
00001125  ST7735_PlotLine               
0000125f  ST7735_PlotPoints             
00001335  ST7735_PlotBar                
0000138b  ST7735_PlotdBfs               
000013d5  ST7735_PlotNext               
000013ef  ST7735_PlotNextErase          
00001429  ST7735_OutChar                
000014e5  ST7735_OutString              
00001503  ST7735_SetTextColor           
00001517  fputc                         
00001529  fgetc                         
00001535  ferror                        
00001543  Output_Init                   
00001553  Output_Clear                  
0000155d  Output_Off                    
00001565  Output_On                     
0000156d  Output_Color                  
00001581  feedingState                  
000015ad  deadState                     
0000160d  initPeriph                    
00001623  initInput                     
0000163f  initOutput                    
0000165b  initPeriodicTimer             
000016ab  initButtonInterupt            
000016fd  initPWMModule                 
0000175b  initADC                       
000017ab  initSSI                       
000017ed  sketch                        
00001825  clearScreen                   
00001837  timerInterruptHandler         
00001847  stickInterruptHandler         
00001869  init                          
000018c3  readADC                       
000018f7  main                          
00001949  GPIOPadConfigSet              
00001a7b  ResetISR                      
00001a87  SVC_Handler                   
00001a89  DebugMon_Handler              
00001a8b  PendSV_Handler                
00001a8d  SysTick_Handler               
00001a8f  GPIOPortA_Handler             
00001a91  GPIOPortB_Handler             
00001a93  GPIOPortC_Handler             
00001a95  GPIOPortD_Handler             
00001a97  GPIOPortE_Handler             
00001a99  UART0_Handler                 
00001a9b  UART1_Handler                 
00001a9d  SSI0_Handler                  
00001a9f  I2C0_Handler                  
00001aa1  PWM0Fault_Handler             
00001aa3  PWM0Generator0_Handler        
00001aa5  PWM0Generator1_Handler        
00001aa7  PWM0Generator2_Handler        
00001aa9  Quadrature0_Handler           
00001aab  ADC0Seq0_Handler              
00001aad  ADC0Seq1_Handler              
00001aaf  ADC0Seq2_Handler              
00001ab1  ADC0Seq3_Handler              
00001ab3  WDT_Handler                   
00001ab5  Timer0A_Handler               
00001ab7  Timer0B_Handler               
00001ab9  Timer1A_Handler               
00001abb  Timer1B_Handler               
00001abd  Timer2A_Handler               
00001abf  Timer2B_Handler               
00001ac1  Comp0_Handler                 
00001ac3  Comp1_Handler                 
00001ac5  Comp2_Handler                 
00001ac7  SysCtl_Handler                
00001ac9  FlashCtl_Handler              
00001acb  GPIOPortF_Handler             
00001acd  GPIOPortG_Handler             
00001acf  GPIOPortH_Handler             
00001ad1  UART2_Handler                 
00001ad3  SSI1_Handler                  
00001ad5  Timer3A_Handler               
00001ad7  Timer3B_Handler               
00001ad9  I2C1_Handler                  
00001adb  Quadrature1_Handler           
00001add  CAN0_Handler                  
00001adf  CAN1_Handler                  
00001ae1  CAN2_Handler                  
00001ae3  Ethernet_Handler              
00001ae5  Hibernate_Handler             
00001ae7  USB0_Handler                  
00001ae9  PWM0Generator3_Handler        
00001aeb  uDMA_Handler                  
00001aed  uDMA_Error                    
00001aef  ADC1Seq0_Handler              
00001af1  ADC1Seq1_Handler              
00001af3  ADC1Seq2_Handler              
00001af5  ADC1Seq3_Handler              
00001af7  I2S0_Handler                  
00001af9  ExtBus_Handler                
00001afb  GPIOPortJ_Handler             
00001afd  GPIOPortK_Handler             
00001aff  GPIOPortL_Handler             
00001b01  SSI2_Handler                  
00001b03  SSI3_Handler                  
00001b05  UART3_Handler                 
00001b07  UART4_Handler                 
00001b09  UART5_Handler                 
00001b0b  UART6_Handler                 
00001b0d  UART7_Handler                 
00001b0f  I2C2_Handler                  
00001b11  I2C3_Handler                  
00001b13  Timer4A_Handler               
00001b15  Timer4B_Handler               
00001b17  Timer5A_Handler               
00001b19  Timer5B_Handler               
00001b1b  WideTimer0A_Handler           
00001b1d  WideTimer0B_Handler           
00001b1f  WideTimer1A_Handler           
00001b21  WideTimer1B_Handler           
00001b23  WideTimer2A_Handler           
00001b25  WideTimer2B_Handler           
00001b27  WideTimer3A_Handler           
00001b29  WideTimer3B_Handler           
00001b2b  WideTimer4A_Handler           
00001b2d  WideTimer4B_Handler           
00001b2f  WideTimer5A_Handler           
00001b31  WideTimer5B_Handler           
00001b33  FPU_Handler                   
00001b35  PECI0_Handler                 
00001b37  LPC0_Handler                  
00001b39  I2C4_Handler                  
00001b3b  I2C5_Handler                  
00001b3d  GPIOPortM_Handler             
00001b3f  GPIOPortN_Handler             
00001b41  Quadrature2_Handler           
00001b43  Fan0_Handler                  
00001b45  GPIOPortP_Handler             
00001b47  GPIOPortP1_Handler            
00001b49  GPIOPortP2_Handler            
00001b4b  GPIOPortP3_Handler            
00001b4d  GPIOPortP4_Handler            
00001b4f  GPIOPortP5_Handler            
00001b51  GPIOPortP6_Handler            
00001b53  GPIOPortP7_Handler            
00001b55  GPIOPortQ_Handler             
00001b57  GPIOPortQ1_Handler            
00001b59  GPIOPortQ2_Handler            
00001b5b  GPIOPortQ3_Handler            
00001b5d  GPIOPortQ4_Handler            
00001b5f  GPIOPortQ5_Handler            
00001b61  GPIOPortQ6_Handler            
00001b63  GPIOPortQ7_Handler            
00001b65  GPIOPortR_Handler             
00001b67  GPIOPortS_Handler             
00001b69  PWM1Generator0_Handler        
00001b6b  PWM1Generator1_Handler        
00001b6d  PWM1Generator2_Handler        
00001b6f  PWM1Generator3_Handler        
00001b71  PWM1Fault_Handler             
00001b73  DisableInterrupts             
00001b77  EnableInterrupts              
00001b7b  StartCritical                 
00001b83  EndCritical                   
00001b89  WaitForInterrupt              
00001b8d  SysCtlClockGet                
00001c9d  SysCtlClockSet                
00001d91  __aeabi_memcpy                
00001d91  __aeabi_memcpy4               
00001d91  __aeabi_memcpy8               
00001d91  memcpy                        
00001e2d  ADCSequenceStepConfigure      
00001ea9  IntEnable                     
00001f11  __TI_decompress_lzss          
00001f79  TimerConfigure                
00001fd9  GPIOIntTypeSet                
0000202f  ADCSequenceConfigure          
000020cd  GPIOPinConfigure              
00002159  __TI_auto_init_nobinit_nopinit
0000219d  SSIConfigSetExpClk            
000021d9  SysCtlPeripheralReady         
00002211  IntRegister                   
00002245  SysCtlPeripheralEnable        
00002279  _c_int00_noargs               
000022ad  ADCIntStatus                  
000022db  GPIODirModeSet                
00002305  PWMGenConfigure               
00002327  ADCSequenceDataGet            
00002345  PWMPulseWidthSet              
00002363  __TI_zero_init_nomemset       
0000237f  ADCProcessorTrigger           
00002397  GPIOIntRegister               
000023af  GPIOPinTypeGPIOOutput         
000023c7  TimerIntRegister              
000023e1  SysCtlPWMClockSet             
000023f5  GPIOPinTypeADC                
00002407  GPIOPinTypeGPIOInput          
00002419  GPIOPinTypePWM                
0000242b  GPIOPinTypeSSI                
0000243d  PWMOutputState                
0000244f  TimerLoadSet                  
00002461  PWMGenPeriodSet               
00002471  ADCSequenceDisable            
0000247f  ADCSequenceEnable             
0000248d  TimerEnable                   
0000249b  __TI_decompress_none          
000024a9  GPIOIntEnable                 
000024b5  PWMGenEnable                  
000024c1  ADCIntClear                   
000024cb  SSIDataPut                    
000024d5  SSIEnable                     
000024df  TimerIntEnable                
000024e7  GPIOIntClear                  
000024ed  GPIOPinRead                   
000024f3  GPIOPinWrite                  
000024f9  SysCtlDelay                   
000024ff  TimerClockSourceSet           
00002505  TimerIntClear                 
00002509  _system_pre_init              
0000250d  C$$EXIT                       
0000250d  abort                         
00002a0b  dBfs                          
000030b0  __TI_Handler_Table_Base       
000030bc  __TI_Handler_Table_Limit      
000030d0  __TI_CINIT_Base               
000030e8  __TI_CINIT_Limit              
20000000  g_pfnRAMVectors               
20000270  __stack                       
20000470  Message                       
20000470  __STACK_END                   
20000470  __STACK_TOP                   
20000480  Messageindex                  
20000484  X                             
20000488  Ymax                          
2000048c  Ymin                          
20000490  Yrange                        
20000494  StX                           
20000498  StY                           
2000049c  StTextColor                   
200004a4  lastj                         
200004a8  happiness                     
200004ac  hunger                        
200004b0  gameState                     
200004b1  petState                      
200004b8  _sys_memory                   
ffffffff  __TI_pprof_out_hndl           
ffffffff  __TI_prof_data_size           
ffffffff  __TI_prof_data_start          
ffffffff  __binit__                     
ffffffff  __c_args__                    
ffffffff  binit                         
UNDEFED   __mpu_init                    
UNDEFED   _system_post_cinit            

[272 symbols]
