******************************************************************************
                  TI ARM Linker PC v18.12.2                    
******************************************************************************
>> Linked Thu Aug  1 17:07:27 2019

OUTPUT FILE NAME:   <ST7735_4C123.out>
ENTRY POINT SYMBOL: "_c_int00_noargs"  address: 00007c61


MEMORY CONFIGURATION

         name            origin    length      used     unused   attr    fill
----------------------  --------  ---------  --------  --------  ----  --------
  FLASH                 00000000   00040000  00007f48  000380b8  R  X
  SRAM                  20000000   00008000  000004b9  00007b47  RW X


SEGMENT ALLOCATION MAP

run origin  load origin   length   init length attrs members
----------  ----------- ---------- ----------- ----- -------
00000000    00000000    00007f48   00007f48    r-x
  00000000    00000000    0000026c   0000026c    r-- .intvecs
  0000026c    0000026c    00005808   00005808    r-- .const
  00005a74    00005a74    00002484   00002484    r-x .text
  00007ef8    00007ef8    00000050   00000050    r-- .cinit
20000000    20000000    000004c0   00000000    rw-
  20000000    20000000    0000026c   00000000    rw- .vtable
  20000270    20000270    00000200   00000000    rw- .stack
  20000470    20000470    00000024   00000000    rw- .bss
  20000494    20000494    00000019   00000000    rw- .data
  200004b0    200004b0    00000010   00000000    rw- .sysmem


SECTION ALLOCATION MAP

 output                                  attributes/
section   page    origin      length       input sections
--------  ----  ----------  ----------   ----------------
.intvecs   0    00000000    0000026c     
                  00000000    0000026c     tm4c123gh6pm_startup_ccs.obj (.intvecs)

.const     0    0000026c    00005808     
                  0000026c    00001980     Main.obj (.const:ROCK_DEAD)
                  00001bec    00001980     Main.obj (.const:ROCK_EATING)
                  0000356c    00001980     Main.obj (.const:ROCK_IDLE)
                  00004eec    000004fb     ST7735.obj (.const:.string:Font)
                  000053e7    00000200     ST7735.obj (.const:.string:dBfs)
                  000055e7    00000001     --HOLE-- [fill = 0]
                  000055e8    000000d8     driverlib.lib : gpio.obj (.const:g_ppui32GPIOIntMapSnowflake)
                  000056c0    000000c0                   : gpio.obj (.const:g_ppui32GPIOIntMapBlizzard)
                  00005780    00000090                   : gpio.obj (.const:g_pui32GPIOBaseAddrs)
                  00005810    00000070                   : interrupt.obj (.const)
                  00005880    0000006c                   : sysctl.obj (.const:g_pui32Xtals)
                  000058ec    00000067     ST7735.obj (.const:.string:Bcmd)
                  00005953    00000001     --HOLE-- [fill = 0]
                  00005954    00000060     driverlib.lib : timer.obj (.const:g_ppui32TimerIntMap)
                  000059b4    00000040                   : timer.obj (.const:g_ppui32TimerIntMapSnowflake)
                  000059f4    0000003b     ST7735.obj (.const:.string:Rcmd1)
                  00005a2f    0000002b     ST7735.obj (.const:.string:Rcmd3)
                  00005a5a    0000000d     ST7735.obj (.const:.string:Rcmd2green)
                  00005a67    0000000d     ST7735.obj (.const:.string:Rcmd2red)

.text      0    00005a74    00002484     
                  00005a74    00001348     ST7735.obj (.text)
                  00006dbc    00000394     Main.obj (.text)
                  00007150    000001e0     functions.obj (.text)
                  00007330    00000132     driverlib.lib : gpio.obj (.text:GPIOPadConfigSet)
                  00007462    00000112     tm4c123gh6pm_startup_ccs.obj (.text)
                  00007574    00000110     driverlib.lib : sysctl.obj (.text:SysCtlClockGet)
                  00007684    000000f4                   : sysctl.obj (.text:SysCtlClockSet)
                  00007778    0000009c     rtsv7M4_T_le_v4SPD16_eabi.lib : memcpy_t2.asm.obj (.text)
                  00007814    0000007a     driverlib.lib : adc.obj (.text:ADCSequenceStepConfigure)
                  0000788e    00000002     --HOLE-- [fill = 0]
                  00007890    00000068                   : interrupt.obj (.text:IntEnable)
                  000078f8    00000068     rtsv7M4_T_le_v4SPD16_eabi.lib : copy_decompress_lzss.c.obj (.text:decompress:lzss:__TI_decompress_lzss)
                  00007960    00000060     driverlib.lib : timer.obj (.text:TimerConfigure)
                  000079c0    00000056                   : gpio.obj (.text:GPIOIntTypeSet)
                  00007a16    00000050                   : adc.obj (.text:ADCSequenceConfigure)
                  00007a66    00000002     --HOLE-- [fill = 0]
                  00007a68    0000004c                   : timer.obj (.text:_TimerIntNumberGet)
                  00007ab4    00000048                   : gpio.obj (.text:GPIOPinConfigure)
                  00007afc    00000044                   : gpio.obj (.text:_GPIOIntNumberGet)
                  00007b40    00000044     rtsv7M4_T_le_v4SPD16_eabi.lib : autoinit.c.obj (.text:__TI_auto_init_nobinit_nopinit:__TI_auto_init_nobinit_nopinit)
                  00007b84    0000003c     driverlib.lib : ssi.obj (.text:SSIConfigSetExpClk)
                  00007bc0    00000038                   : sysctl.obj (.text:SysCtlPeripheralReady)
                  00007bf8    00000034                   : interrupt.obj (.text:IntRegister)
                  00007c2c    00000034                   : sysctl.obj (.text:SysCtlPeripheralEnable)
                  00007c60    00000034     rtsv7M4_T_le_v4SPD16_eabi.lib : boot_cortex_m.c.obj (.text:_c_int00_noargs:_c_int00_noargs)
                  00007c94    0000002e     driverlib.lib : adc.obj (.text:ADCIntStatus)
                  00007cc2    0000002a                   : gpio.obj (.text:GPIODirModeSet)
                  00007cec    00000022                   : pwm.obj (.text:PWMGenConfigure)
                  00007d0e    0000001e                   : adc.obj (.text:ADCSequenceDataGet)
                  00007d2c    0000001e                   : pwm.obj (.text:PWMPulseWidthSet)
                  00007d4a    0000001c     rtsv7M4_T_le_v4SPD16_eabi.lib : copy_zero_init.c.obj (.text:decompress:ZI:__TI_zero_init_nomemset:__TI_zero_init_nomemset)
                  00007d66    00000018     driverlib.lib : adc.obj (.text:ADCProcessorTrigger)
                  00007d7e    00000018                   : gpio.obj (.text:GPIOIntRegister)
                  00007d96    00000018                   : gpio.obj (.text:GPIOPinTypeGPIOOutput)
                  00007dae    00000018                   : timer.obj (.text:TimerIntRegister)
                  00007dc6    00000002     --HOLE-- [fill = 0]
                  00007dc8    00000014                   : sysctl.obj (.text:SysCtlPWMClockSet)
                  00007ddc    00000012                   : gpio.obj (.text:GPIOPinTypeADC)
                  00007dee    00000012                   : gpio.obj (.text:GPIOPinTypeGPIOInput)
                  00007e00    00000012                   : gpio.obj (.text:GPIOPinTypePWM)
                  00007e12    00000012                   : gpio.obj (.text:GPIOPinTypeSSI)
                  00007e24    00000012                   : pwm.obj (.text:PWMOutputState)
                  00007e36    00000012                   : timer.obj (.text:TimerLoadSet)
                  00007e48    00000010                   : pwm.obj (.text:PWMGenPeriodSet)
                  00007e58    0000000e                   : adc.obj (.text:ADCSequenceDisable)
                  00007e66    0000000e                   : adc.obj (.text:ADCSequenceEnable)
                  00007e74    0000000e                   : timer.obj (.text:TimerEnable)
                  00007e82    0000000e     rtsv7M4_T_le_v4SPD16_eabi.lib : copy_decompress_none.c.obj (.text:decompress:none:__TI_decompress_none)
                  00007e90    0000000c     driverlib.lib : gpio.obj (.text:GPIOIntEnable)
                  00007e9c    0000000c                   : pwm.obj (.text:PWMGenEnable)
                  00007ea8    0000000a                   : adc.obj (.text:ADCIntClear)
                  00007eb2    0000000a                   : ssi.obj (.text:SSIDataPut)
                  00007ebc    0000000a                   : ssi.obj (.text:SSIEnable)
                  00007ec6    00000008                   : timer.obj (.text:TimerIntEnable)
                  00007ece    00000006                   : gpio.obj (.text:GPIOIntClear)
                  00007ed4    00000006                   : gpio.obj (.text:GPIOPinRead)
                  00007eda    00000006                   : gpio.obj (.text:GPIOPinWrite)
                  00007ee0    00000006                   : sysctl.obj (.text:SysCtlDelay)
                  00007ee6    00000006                   : timer.obj (.text:TimerClockSourceSet)
                  00007eec    00000004                   : timer.obj (.text:TimerIntClear)
                  00007ef0    00000004     rtsv7M4_T_le_v4SPD16_eabi.lib : pre_init.c.obj (.text:_system_pre_init)
                  00007ef4    00000004                                   : exit.c.obj (.text:abort:abort)

.cinit     0    00007ef8    00000050     
                  00007ef8    00000016     (.cinit..data.load) [load image, compression = lzss]
                  00007f0e    00000002     --HOLE-- [fill = 0]
                  00007f10    0000000c     (__TI_handler_table)
                  00007f1c    00000004     --HOLE-- [fill = 0]
                  00007f20    00000008     (.cinit..bss.load) [load image, compression = zero_init]
                  00007f28    00000008     (.cinit..vtable.load) [load image, compression = zero_init]
                  00007f30    00000018     (__TI_cinit_table)

.init_array 
*          0    00000000    00000000     UNINITIALIZED

.vtable    0    20000000    0000026c     UNINITIALIZED
                  20000000    0000026c     driverlib.lib : interrupt.obj (.vtable)

.stack     0    20000270    00000200     UNINITIALIZED
                  20000270    00000004     rtsv7M4_T_le_v4SPD16_eabi.lib : boot_cortex_m.c.obj (.stack)
                  20000274    000001fc     --HOLE--

.bss       0    20000470    00000024     UNINITIALIZED
                  20000470    0000000c     (.common:Message)
                  2000047c    00000004     ST7735.obj (.bss)
                  20000480    00000004     (.common:Messageindex)
                  20000484    00000004     (.common:X)
                  20000488    00000004     (.common:Ymax)
                  2000048c    00000004     (.common:Ymin)
                  20000490    00000004     (.common:Yrange)

.data      0    20000494    00000019     UNINITIALIZED
                  20000494    00000014     ST7735.obj (.data)
                  200004a8    00000005     Main.obj (.data)

.sysmem    0    200004b0    00000010     UNINITIALIZED
                  200004b0    00000010     rtsv7M4_T_le_v4SPD16_eabi.lib : memory.c.obj (.sysmem)

MODULE SUMMARY

       Module                         code   ro data   rw data
       ------                         ----   -------   -------
    .\
       Main.obj                       916    19584     5      
       ST7735.obj                     4936   2018      56     
       tm4c123gh6pm_startup_ccs.obj   274    620       0      
       functions.obj                  480    0         0      
    +--+------------------------------+------+---------+---------+
       Total:                         6606   22222     61     
                                                              
    C:/ti/TivaWare_C_Series-2.1.4.178/driverlib/ccs/Debug/driverlib.lib
       gpio.obj                       724    552       0      
       interrupt.obj                  156    112       620    
       sysctl.obj                     650    108       0      
       timer.obj                      246    160       0      
       adc.obj                        340    0         0      
       pwm.obj                        110    0         0      
       ssi.obj                        80     0         0      
    +--+------------------------------+------+---------+---------+
       Total:                         2306   932       620    
                                                              
    C:\ti\ccs910\ccs\tools\compiler\ti-cgt-arm_18.12.2.LTS\lib\rtsv7M4_T_le_v4SPD16_eabi.lib
       memcpy_t2.asm.obj              156    0         0      
       copy_decompress_lzss.c.obj     104    0         0      
       autoinit.c.obj                 68     0         0      
       boot_cortex_m.c.obj            52     0         0      
       copy_zero_init.c.obj           28     0         0      
       copy_decompress_none.c.obj     14     0         0      
       exit.c.obj                     4      0         0      
       pre_init.c.obj                 4      0         0      
    +--+------------------------------+------+---------+---------+
       Total:                         430    0         0      
                                                              
       Heap:                          0      0         16     
       Stack:                         0      0         512    
       Linker Generated:              0      74        0      
    +--+------------------------------+------+---------+---------+
       Grand Total:                   9342   23228     1209   


LINKER GENERATED COPY TABLES

__TI_cinit_table @ 00007f30 records: 3, size/record: 8, table size: 24
	.data: load addr=00007ef8, load size=00000016 bytes, run addr=20000494, run size=00000019 bytes, compression=lzss
	.bss: load addr=00007f20, load size=00000008 bytes, run addr=20000470, run size=00000024 bytes, compression=zero_init
	.vtable: load addr=00007f28, load size=00000008 bytes, run addr=20000000, run size=0000026c bytes, compression=zero_init


LINKER GENERATED HANDLER TABLE

__TI_handler_table @ 00007f10 records: 3, size/record: 4, table size: 12
	index: 0, handler: __TI_zero_init
	index: 1, handler: __TI_decompress_lzss
	index: 2, handler: __TI_decompress_none


GLOBAL SYMBOLS: SORTED ALPHABETICALLY BY Name 

address   name                          
-------   ----                          
00007493  ADC0Seq0_Handler              
00007495  ADC0Seq1_Handler              
00007497  ADC0Seq2_Handler              
00007499  ADC0Seq3_Handler              
000074d7  ADC1Seq0_Handler              
000074d9  ADC1Seq1_Handler              
000074db  ADC1Seq2_Handler              
000074dd  ADC1Seq3_Handler              
00007ea9  ADCIntClear                   
00007c95  ADCIntStatus                  
00007d67  ADCProcessorTrigger           
00007a17  ADCSequenceConfigure          
00007d0f  ADCSequenceDataGet            
00007e59  ADCSequenceDisable            
00007e67  ADCSequenceEnable             
00007815  ADCSequenceStepConfigure      
00007ef5  C$$EXIT                       
000074c5  CAN0_Handler                  
000074c7  CAN1_Handler                  
000074c9  CAN2_Handler                  
000074a9  Comp0_Handler                 
000074ab  Comp1_Handler                 
000074ad  Comp2_Handler                 
00007471  DebugMon_Handler              
00005aad  Delay1ms                      
0000755b  DisableInterrupts             
0000755f  EnableInterrupts              
0000756b  EndCritical                   
000074cb  Ethernet_Handler              
000074e1  ExtBus_Handler                
0000751b  FPU_Handler                   
0000752b  Fan0_Handler                  
000074b1  FlashCtl_Handler              
00007cc3  GPIODirModeSet                
00007ecf  GPIOIntClear                  
00007e91  GPIOIntEnable                 
00007d7f  GPIOIntRegister               
000079c1  GPIOIntTypeSet                
00007331  GPIOPadConfigSet              
00007ab5  GPIOPinConfigure              
00007ed5  GPIOPinRead                   
00007ddd  GPIOPinTypeADC                
00007def  GPIOPinTypeGPIOInput          
00007d97  GPIOPinTypeGPIOOutput         
00007e01  GPIOPinTypePWM                
00007e13  GPIOPinTypeSSI                
00007edb  GPIOPinWrite                  
00007477  GPIOPortA_Handler             
00007479  GPIOPortB_Handler             
0000747b  GPIOPortC_Handler             
0000747d  GPIOPortD_Handler             
0000747f  GPIOPortE_Handler             
000074b3  GPIOPortF_Handler             
000074b5  GPIOPortG_Handler             
000074b7  GPIOPortH_Handler             
000074e3  GPIOPortJ_Handler             
000074e5  GPIOPortK_Handler             
000074e7  GPIOPortL_Handler             
00007525  GPIOPortM_Handler             
00007527  GPIOPortN_Handler             
0000752f  GPIOPortP1_Handler            
00007531  GPIOPortP2_Handler            
00007533  GPIOPortP3_Handler            
00007535  GPIOPortP4_Handler            
00007537  GPIOPortP5_Handler            
00007539  GPIOPortP6_Handler            
0000753b  GPIOPortP7_Handler            
0000752d  GPIOPortP_Handler             
0000753f  GPIOPortQ1_Handler            
00007541  GPIOPortQ2_Handler            
00007543  GPIOPortQ3_Handler            
00007545  GPIOPortQ4_Handler            
00007547  GPIOPortQ5_Handler            
00007549  GPIOPortQ6_Handler            
0000754b  GPIOPortQ7_Handler            
0000753d  GPIOPortQ_Handler             
0000754d  GPIOPortR_Handler             
0000754f  GPIOPortS_Handler             
000074cd  Hibernate_Handler             
00007487  I2C0_Handler                  
000074c1  I2C1_Handler                  
000074f7  I2C2_Handler                  
000074f9  I2C3_Handler                  
00007521  I2C4_Handler                  
00007523  I2C5_Handler                  
000074df  I2S0_Handler                  
00007891  IntEnable                     
00007bf9  IntRegister                   
0000751f  LPC0_Handler                  
20000470  Message                       
20000480  Messageindex                  
00006d5b  Output_Clear                  
00006d75  Output_Color                  
00006d4b  Output_Init                   
00006d65  Output_Off                    
00006d6d  Output_On                     
0000751d  PECI0_Handler                 
00007489  PWM0Fault_Handler             
0000748b  PWM0Generator0_Handler        
0000748d  PWM0Generator1_Handler        
0000748f  PWM0Generator2_Handler        
000074d1  PWM0Generator3_Handler        
00007559  PWM1Fault_Handler             
00007551  PWM1Generator0_Handler        
00007553  PWM1Generator1_Handler        
00007555  PWM1Generator2_Handler        
00007557  PWM1Generator3_Handler        
00007ced  PWMGenConfigure               
00007e9d  PWMGenEnable                  
00007e49  PWMGenPeriodSet               
00007e25  PWMOutputState                
00007d2d  PWMPulseWidthSet              
00007473  PendSV_Handler                
00007491  Quadrature0_Handler           
000074c3  Quadrature1_Handler           
00007529  Quadrature2_Handler           
0000026c  ROCK_DEAD                     
00001bec  ROCK_EATING                   
0000356c  ROCK_IDLE                     
00007463  ResetISR                      
00007485  SSI0_Handler                  
000074bb  SSI1_Handler                  
000074e9  SSI2_Handler                  
000074eb  SSI3_Handler                  
00007b85  SSIConfigSetExpClk            
00007eb3  SSIDataPut                    
00007ebd  SSIEnable                     
00006079  ST7735_Color565               
000060dd  ST7735_DrawBitmap             
00006451  ST7735_DrawChar               
000062db  ST7735_DrawCharS              
00005e69  ST7735_DrawFastHLine          
00005db1  ST7735_DrawFastVLine          
00005d4d  ST7735_DrawPixel              
000065bf  ST7735_DrawString             
00005f6d  ST7735_FillRect               
00005f13  ST7735_FillScreen             
00005c2b  ST7735_InitB                  
00005c4b  ST7735_InitR                  
000067f3  ST7735_InvertDisplay          
00006c31  ST7735_OutChar                
00006ced  ST7735_OutString              
000066ad  ST7735_OutUDec                
00006b3d  ST7735_PlotBar                
0000680b  ST7735_PlotClear              
0000692d  ST7735_PlotLine               
00006bdd  ST7735_PlotNext               
00006bf7  ST7735_PlotNextErase          
00006867  ST7735_PlotPoint              
00006a67  ST7735_PlotPoints             
00006b93  ST7735_PlotdBfs               
00006687  ST7735_SetCursor              
00006729  ST7735_SetRotation            
00006d0b  ST7735_SetTextColor           
000060ad  ST7735_SwapColor              
0000746f  SVC_Handler                   
2000049c  StTextColor                   
20000494  StX                           
20000498  StY                           
00007563  StartCritical                 
00007575  SysCtlClockGet                
00007685  SysCtlClockSet                
00007ee1  SysCtlDelay                   
00007dc9  SysCtlPWMClockSet             
00007c2d  SysCtlPeripheralEnable        
00007bc1  SysCtlPeripheralReady         
000074af  SysCtl_Handler                
00007475  SysTick_Handler               
0000749d  Timer0A_Handler               
0000749f  Timer0B_Handler               
000074a1  Timer1A_Handler               
000074a3  Timer1B_Handler               
000074a5  Timer2A_Handler               
000074a7  Timer2B_Handler               
000074bd  Timer3A_Handler               
000074bf  Timer3B_Handler               
000074fb  Timer4A_Handler               
000074fd  Timer4B_Handler               
000074ff  Timer5A_Handler               
00007501  Timer5B_Handler               
00007ee7  TimerClockSourceSet           
00007961  TimerConfigure                
00007e75  TimerEnable                   
00007eed  TimerIntClear                 
00007ec7  TimerIntEnable                
00007daf  TimerIntRegister              
00007e37  TimerLoadSet                  
00007481  UART0_Handler                 
00007483  UART1_Handler                 
000074b9  UART2_Handler                 
000074ed  UART3_Handler                 
000074ef  UART4_Handler                 
000074f1  UART5_Handler                 
000074f3  UART6_Handler                 
000074f5  UART7_Handler                 
000074cf  USB0_Handler                  
0000749b  WDT_Handler                   
00007571  WaitForInterrupt              
00007503  WideTimer0A_Handler           
00007505  WideTimer0B_Handler           
00007507  WideTimer1A_Handler           
00007509  WideTimer1B_Handler           
0000750b  WideTimer2A_Handler           
0000750d  WideTimer2B_Handler           
0000750f  WideTimer3A_Handler           
00007511  WideTimer3B_Handler           
00007513  WideTimer4A_Handler           
00007515  WideTimer4B_Handler           
00007517  WideTimer5A_Handler           
00007519  WideTimer5B_Handler           
20000484  X                             
20000488  Ymax                          
2000048c  Ymin                          
20000490  Yrange                        
20000470  __STACK_END                   
00000200  __STACK_SIZE                  
20000470  __STACK_TOP                   
00000010  __SYSMEM_SIZE                 
00007f30  __TI_CINIT_Base               
00007f48  __TI_CINIT_Limit              
00007f10  __TI_Handler_Table_Base       
00007f1c  __TI_Handler_Table_Limit      
00007b41  __TI_auto_init_nobinit_nopinit
000078f9  __TI_decompress_lzss          
00007e83  __TI_decompress_none          
ffffffff  __TI_pprof_out_hndl           
ffffffff  __TI_prof_data_size           
ffffffff  __TI_prof_data_start          
00000000  __TI_static_base__            
00007d4b  __TI_zero_init_nomemset       
00007779  __aeabi_memcpy                
00007779  __aeabi_memcpy4               
00007779  __aeabi_memcpy8               
ffffffff  __binit__                     
ffffffff  __c_args__                    
UNDEFED   __mpu_init                    
20000270  __stack                       
00007c61  _c_int00_noargs               
200004b0  _sys_memory                   
UNDEFED   _system_post_cinit            
00007ef1  _system_pre_init              
00007ef5  abort                         
ffffffff  binit                         
00006dff  clearScreen                   
000053e7  dBfs                          
00006f3d  drawSprite                    
00006f9f  drawStatusHappiness           
00006f5f  drawStatusHunger              
00006fe3  feedingState                  
00006d3d  ferror                        
00006d31  fgetc                         
00006645  fillmessage                   
00006d1f  fputc                         
20000000  g_pfnRAMVectors               
00000000  g_pfnVectors                  
200004a8  gameState                     
200004ac  happiness                     
200004ab  hunger                        
00007069  idleState                     
200004aa  imageFrame                    
00006eaf  init                          
0000729f  initADC                       
000071ef  initButtonInterupt            
00007167  initInput                     
00007183  initOutput                    
00007241  initPWMModule                 
0000719f  initPeriodicTimer             
00007151  initPeriph                    
000072ef  initSSI                       
200004a4  lastj                         
000070c1  main                          
00007779  memcpy                        
000070ad  menuState                     
200004a9  petState                      
00006f09  readADC                       
00006dbd  sketch                        
00006e8d  stickInterruptHandler         
00006e11  tickHandler                   
000074d5  uDMA_Error                    
000074d3  uDMA_Handler                  
0000702f  walkingState                  


GLOBAL SYMBOLS: SORTED BY Symbol Address 

address   name                          
-------   ----                          
00000000  __TI_static_base__            
00000000  g_pfnVectors                  
00000010  __SYSMEM_SIZE                 
00000200  __STACK_SIZE                  
0000026c  ROCK_DEAD                     
00001bec  ROCK_EATING                   
0000356c  ROCK_IDLE                     
000053e7  dBfs                          
00005aad  Delay1ms                      
00005c2b  ST7735_InitB                  
00005c4b  ST7735_InitR                  
00005d4d  ST7735_DrawPixel              
00005db1  ST7735_DrawFastVLine          
00005e69  ST7735_DrawFastHLine          
00005f13  ST7735_FillScreen             
00005f6d  ST7735_FillRect               
00006079  ST7735_Color565               
000060ad  ST7735_SwapColor              
000060dd  ST7735_DrawBitmap             
000062db  ST7735_DrawCharS              
00006451  ST7735_DrawChar               
000065bf  ST7735_DrawString             
00006645  fillmessage                   
00006687  ST7735_SetCursor              
000066ad  ST7735_OutUDec                
00006729  ST7735_SetRotation            
000067f3  ST7735_InvertDisplay          
0000680b  ST7735_PlotClear              
00006867  ST7735_PlotPoint              
0000692d  ST7735_PlotLine               
00006a67  ST7735_PlotPoints             
00006b3d  ST7735_PlotBar                
00006b93  ST7735_PlotdBfs               
00006bdd  ST7735_PlotNext               
00006bf7  ST7735_PlotNextErase          
00006c31  ST7735_OutChar                
00006ced  ST7735_OutString              
00006d0b  ST7735_SetTextColor           
00006d1f  fputc                         
00006d31  fgetc                         
00006d3d  ferror                        
00006d4b  Output_Init                   
00006d5b  Output_Clear                  
00006d65  Output_Off                    
00006d6d  Output_On                     
00006d75  Output_Color                  
00006dbd  sketch                        
00006dff  clearScreen                   
00006e11  tickHandler                   
00006e8d  stickInterruptHandler         
00006eaf  init                          
00006f09  readADC                       
00006f3d  drawSprite                    
00006f5f  drawStatusHunger              
00006f9f  drawStatusHappiness           
00006fe3  feedingState                  
0000702f  walkingState                  
00007069  idleState                     
000070ad  menuState                     
000070c1  main                          
00007151  initPeriph                    
00007167  initInput                     
00007183  initOutput                    
0000719f  initPeriodicTimer             
000071ef  initButtonInterupt            
00007241  initPWMModule                 
0000729f  initADC                       
000072ef  initSSI                       
00007331  GPIOPadConfigSet              
00007463  ResetISR                      
0000746f  SVC_Handler                   
00007471  DebugMon_Handler              
00007473  PendSV_Handler                
00007475  SysTick_Handler               
00007477  GPIOPortA_Handler             
00007479  GPIOPortB_Handler             
0000747b  GPIOPortC_Handler             
0000747d  GPIOPortD_Handler             
0000747f  GPIOPortE_Handler             
00007481  UART0_Handler                 
00007483  UART1_Handler                 
00007485  SSI0_Handler                  
00007487  I2C0_Handler                  
00007489  PWM0Fault_Handler             
0000748b  PWM0Generator0_Handler        
0000748d  PWM0Generator1_Handler        
0000748f  PWM0Generator2_Handler        
00007491  Quadrature0_Handler           
00007493  ADC0Seq0_Handler              
00007495  ADC0Seq1_Handler              
00007497  ADC0Seq2_Handler              
00007499  ADC0Seq3_Handler              
0000749b  WDT_Handler                   
0000749d  Timer0A_Handler               
0000749f  Timer0B_Handler               
000074a1  Timer1A_Handler               
000074a3  Timer1B_Handler               
000074a5  Timer2A_Handler               
000074a7  Timer2B_Handler               
000074a9  Comp0_Handler                 
000074ab  Comp1_Handler                 
000074ad  Comp2_Handler                 
000074af  SysCtl_Handler                
000074b1  FlashCtl_Handler              
000074b3  GPIOPortF_Handler             
000074b5  GPIOPortG_Handler             
000074b7  GPIOPortH_Handler             
000074b9  UART2_Handler                 
000074bb  SSI1_Handler                  
000074bd  Timer3A_Handler               
000074bf  Timer3B_Handler               
000074c1  I2C1_Handler                  
000074c3  Quadrature1_Handler           
000074c5  CAN0_Handler                  
000074c7  CAN1_Handler                  
000074c9  CAN2_Handler                  
000074cb  Ethernet_Handler              
000074cd  Hibernate_Handler             
000074cf  USB0_Handler                  
000074d1  PWM0Generator3_Handler        
000074d3  uDMA_Handler                  
000074d5  uDMA_Error                    
000074d7  ADC1Seq0_Handler              
000074d9  ADC1Seq1_Handler              
000074db  ADC1Seq2_Handler              
000074dd  ADC1Seq3_Handler              
000074df  I2S0_Handler                  
000074e1  ExtBus_Handler                
000074e3  GPIOPortJ_Handler             
000074e5  GPIOPortK_Handler             
000074e7  GPIOPortL_Handler             
000074e9  SSI2_Handler                  
000074eb  SSI3_Handler                  
000074ed  UART3_Handler                 
000074ef  UART4_Handler                 
000074f1  UART5_Handler                 
000074f3  UART6_Handler                 
000074f5  UART7_Handler                 
000074f7  I2C2_Handler                  
000074f9  I2C3_Handler                  
000074fb  Timer4A_Handler               
000074fd  Timer4B_Handler               
000074ff  Timer5A_Handler               
00007501  Timer5B_Handler               
00007503  WideTimer0A_Handler           
00007505  WideTimer0B_Handler           
00007507  WideTimer1A_Handler           
00007509  WideTimer1B_Handler           
0000750b  WideTimer2A_Handler           
0000750d  WideTimer2B_Handler           
0000750f  WideTimer3A_Handler           
00007511  WideTimer3B_Handler           
00007513  WideTimer4A_Handler           
00007515  WideTimer4B_Handler           
00007517  WideTimer5A_Handler           
00007519  WideTimer5B_Handler           
0000751b  FPU_Handler                   
0000751d  PECI0_Handler                 
0000751f  LPC0_Handler                  
00007521  I2C4_Handler                  
00007523  I2C5_Handler                  
00007525  GPIOPortM_Handler             
00007527  GPIOPortN_Handler             
00007529  Quadrature2_Handler           
0000752b  Fan0_Handler                  
0000752d  GPIOPortP_Handler             
0000752f  GPIOPortP1_Handler            
00007531  GPIOPortP2_Handler            
00007533  GPIOPortP3_Handler            
00007535  GPIOPortP4_Handler            
00007537  GPIOPortP5_Handler            
00007539  GPIOPortP6_Handler            
0000753b  GPIOPortP7_Handler            
0000753d  GPIOPortQ_Handler             
0000753f  GPIOPortQ1_Handler            
00007541  GPIOPortQ2_Handler            
00007543  GPIOPortQ3_Handler            
00007545  GPIOPortQ4_Handler            
00007547  GPIOPortQ5_Handler            
00007549  GPIOPortQ6_Handler            
0000754b  GPIOPortQ7_Handler            
0000754d  GPIOPortR_Handler             
0000754f  GPIOPortS_Handler             
00007551  PWM1Generator0_Handler        
00007553  PWM1Generator1_Handler        
00007555  PWM1Generator2_Handler        
00007557  PWM1Generator3_Handler        
00007559  PWM1Fault_Handler             
0000755b  DisableInterrupts             
0000755f  EnableInterrupts              
00007563  StartCritical                 
0000756b  EndCritical                   
00007571  WaitForInterrupt              
00007575  SysCtlClockGet                
00007685  SysCtlClockSet                
00007779  __aeabi_memcpy                
00007779  __aeabi_memcpy4               
00007779  __aeabi_memcpy8               
00007779  memcpy                        
00007815  ADCSequenceStepConfigure      
00007891  IntEnable                     
000078f9  __TI_decompress_lzss          
00007961  TimerConfigure                
000079c1  GPIOIntTypeSet                
00007a17  ADCSequenceConfigure          
00007ab5  GPIOPinConfigure              
00007b41  __TI_auto_init_nobinit_nopinit
00007b85  SSIConfigSetExpClk            
00007bc1  SysCtlPeripheralReady         
00007bf9  IntRegister                   
00007c2d  SysCtlPeripheralEnable        
00007c61  _c_int00_noargs               
00007c95  ADCIntStatus                  
00007cc3  GPIODirModeSet                
00007ced  PWMGenConfigure               
00007d0f  ADCSequenceDataGet            
00007d2d  PWMPulseWidthSet              
00007d4b  __TI_zero_init_nomemset       
00007d67  ADCProcessorTrigger           
00007d7f  GPIOIntRegister               
00007d97  GPIOPinTypeGPIOOutput         
00007daf  TimerIntRegister              
00007dc9  SysCtlPWMClockSet             
00007ddd  GPIOPinTypeADC                
00007def  GPIOPinTypeGPIOInput          
00007e01  GPIOPinTypePWM                
00007e13  GPIOPinTypeSSI                
00007e25  PWMOutputState                
00007e37  TimerLoadSet                  
00007e49  PWMGenPeriodSet               
00007e59  ADCSequenceDisable            
00007e67  ADCSequenceEnable             
00007e75  TimerEnable                   
00007e83  __TI_decompress_none          
00007e91  GPIOIntEnable                 
00007e9d  PWMGenEnable                  
00007ea9  ADCIntClear                   
00007eb3  SSIDataPut                    
00007ebd  SSIEnable                     
00007ec7  TimerIntEnable                
00007ecf  GPIOIntClear                  
00007ed5  GPIOPinRead                   
00007edb  GPIOPinWrite                  
00007ee1  SysCtlDelay                   
00007ee7  TimerClockSourceSet           
00007eed  TimerIntClear                 
00007ef1  _system_pre_init              
00007ef5  C$$EXIT                       
00007ef5  abort                         
00007f10  __TI_Handler_Table_Base       
00007f1c  __TI_Handler_Table_Limit      
00007f30  __TI_CINIT_Base               
00007f48  __TI_CINIT_Limit              
20000000  g_pfnRAMVectors               
20000270  __stack                       
20000470  Message                       
20000470  __STACK_END                   
20000470  __STACK_TOP                   
20000480  Messageindex                  
20000484  X                             
20000488  Ymax                          
2000048c  Ymin                          
20000490  Yrange                        
20000494  StX                           
20000498  StY                           
2000049c  StTextColor                   
200004a4  lastj                         
200004a8  gameState                     
200004a9  petState                      
200004aa  imageFrame                    
200004ab  hunger                        
200004ac  happiness                     
200004b0  _sys_memory                   
ffffffff  __TI_pprof_out_hndl           
ffffffff  __TI_prof_data_size           
ffffffff  __TI_prof_data_start          
ffffffff  __binit__                     
ffffffff  __c_args__                    
ffffffff  binit                         
UNDEFED   __mpu_init                    
UNDEFED   _system_post_cinit            

[281 symbols]
