******************************************************************************
                  TI ARM Linker PC v18.12.2                    
******************************************************************************
>> Linked Thu Aug  1 13:10:40 2019

OUTPUT FILE NAME:   <ST7735_4C123.out>
ENTRY POINT SYMBOL: "_c_int00_noargs"  address: 000022d5


MEMORY CONFIGURATION

         name            origin    length      used     unused   attr    fill
----------------------  --------  ---------  --------  --------  ----  --------
  FLASH                 00000000   00040000  00003344  0003ccbc  R  X
  SRAM                  20000000   00008000  000004be  00007b42  RW X


SEGMENT ALLOCATION MAP

run origin  load origin   length   init length attrs members
----------  ----------- ---------- ----------- ----- -------
00000000    00000000    00003348   00003348    r-x
  00000000    00000000    0000026c   0000026c    r-- .intvecs
  0000026c    0000026c    00002300   00002300    r-x .text
  0000256c    0000256c    00000d88   00000d88    r-- .const
  000032f8    000032f8    00000050   00000050    r-- .cinit
20000000    20000000    000004c8   00000000    rw-
  20000000    20000000    0000026c   00000000    rw- .vtable
  20000270    20000270    00000200   00000000    rw- .stack
  20000470    20000470    00000024   00000000    rw- .bss
  20000494    20000494    0000001e   00000000    rw- .data
  200004b8    200004b8    00000010   00000000    rw- .sysmem


SECTION ALLOCATION MAP

 output                                  attributes/
section   page    origin      length       input sections
--------  ----  ----------  ----------   ----------------
.intvecs   0    00000000    0000026c     
                  00000000    0000026c     tm4c123gh6pm_startup_ccs.obj (.intvecs)

.text      0    0000026c    00002300     
                  0000026c    00001348     ST7735.obj (.text)
                  000015b4    00000210     Main.obj (.text)
                  000017c4    000001e0     functions.obj (.text)
                  000019a4    00000132     driverlib.lib : gpio.obj (.text:GPIOPadConfigSet)
                  00001ad6    00000112     tm4c123gh6pm_startup_ccs.obj (.text)
                  00001be8    00000110     driverlib.lib : sysctl.obj (.text:SysCtlClockGet)
                  00001cf8    000000f4                   : sysctl.obj (.text:SysCtlClockSet)
                  00001dec    0000009c     rtsv7M4_T_le_v4SPD16_eabi.lib : memcpy_t2.asm.obj (.text)
                  00001e88    0000007a     driverlib.lib : adc.obj (.text:ADCSequenceStepConfigure)
                  00001f02    00000002     --HOLE-- [fill = 0]
                  00001f04    00000068                   : interrupt.obj (.text:IntEnable)
                  00001f6c    00000068     rtsv7M4_T_le_v4SPD16_eabi.lib : copy_decompress_lzss.c.obj (.text:decompress:lzss:__TI_decompress_lzss)
                  00001fd4    00000060     driverlib.lib : timer.obj (.text:TimerConfigure)
                  00002034    00000056                   : gpio.obj (.text:GPIOIntTypeSet)
                  0000208a    00000050                   : adc.obj (.text:ADCSequenceConfigure)
                  000020da    00000002     --HOLE-- [fill = 0]
                  000020dc    0000004c                   : timer.obj (.text:_TimerIntNumberGet)
                  00002128    00000048                   : gpio.obj (.text:GPIOPinConfigure)
                  00002170    00000044                   : gpio.obj (.text:_GPIOIntNumberGet)
                  000021b4    00000044     rtsv7M4_T_le_v4SPD16_eabi.lib : autoinit.c.obj (.text:__TI_auto_init_nobinit_nopinit:__TI_auto_init_nobinit_nopinit)
                  000021f8    0000003c     driverlib.lib : ssi.obj (.text:SSIConfigSetExpClk)
                  00002234    00000038                   : sysctl.obj (.text:SysCtlPeripheralReady)
                  0000226c    00000034                   : interrupt.obj (.text:IntRegister)
                  000022a0    00000034                   : sysctl.obj (.text:SysCtlPeripheralEnable)
                  000022d4    00000034     rtsv7M4_T_le_v4SPD16_eabi.lib : boot_cortex_m.c.obj (.text:_c_int00_noargs:_c_int00_noargs)
                  00002308    0000002e     driverlib.lib : adc.obj (.text:ADCIntStatus)
                  00002336    0000002a                   : gpio.obj (.text:GPIODirModeSet)
                  00002360    00000022                   : pwm.obj (.text:PWMGenConfigure)
                  00002382    0000001e                   : adc.obj (.text:ADCSequenceDataGet)
                  000023a0    0000001e                   : pwm.obj (.text:PWMPulseWidthSet)
                  000023be    0000001c     rtsv7M4_T_le_v4SPD16_eabi.lib : copy_zero_init.c.obj (.text:decompress:ZI:__TI_zero_init_nomemset:__TI_zero_init_nomemset)
                  000023da    00000018     driverlib.lib : adc.obj (.text:ADCProcessorTrigger)
                  000023f2    00000018                   : gpio.obj (.text:GPIOIntRegister)
                  0000240a    00000018                   : gpio.obj (.text:GPIOPinTypeGPIOOutput)
                  00002422    00000018                   : timer.obj (.text:TimerIntRegister)
                  0000243a    00000002     --HOLE-- [fill = 0]
                  0000243c    00000014                   : sysctl.obj (.text:SysCtlPWMClockSet)
                  00002450    00000012                   : gpio.obj (.text:GPIOPinTypeADC)
                  00002462    00000012                   : gpio.obj (.text:GPIOPinTypeGPIOInput)
                  00002474    00000012                   : gpio.obj (.text:GPIOPinTypePWM)
                  00002486    00000012                   : gpio.obj (.text:GPIOPinTypeSSI)
                  00002498    00000012                   : pwm.obj (.text:PWMOutputState)
                  000024aa    00000012                   : timer.obj (.text:TimerLoadSet)
                  000024bc    00000010                   : pwm.obj (.text:PWMGenPeriodSet)
                  000024cc    0000000e                   : adc.obj (.text:ADCSequenceDisable)
                  000024da    0000000e                   : adc.obj (.text:ADCSequenceEnable)
                  000024e8    0000000e                   : timer.obj (.text:TimerEnable)
                  000024f6    0000000e     rtsv7M4_T_le_v4SPD16_eabi.lib : copy_decompress_none.c.obj (.text:decompress:none:__TI_decompress_none)
                  00002504    0000000c     driverlib.lib : gpio.obj (.text:GPIOIntEnable)
                  00002510    0000000c                   : pwm.obj (.text:PWMGenEnable)
                  0000251c    0000000a                   : adc.obj (.text:ADCIntClear)
                  00002526    0000000a                   : ssi.obj (.text:SSIDataPut)
                  00002530    0000000a                   : ssi.obj (.text:SSIEnable)
                  0000253a    00000008                   : timer.obj (.text:TimerIntEnable)
                  00002542    00000006                   : gpio.obj (.text:GPIOIntClear)
                  00002548    00000006                   : gpio.obj (.text:GPIOPinRead)
                  0000254e    00000006                   : gpio.obj (.text:GPIOPinWrite)
                  00002554    00000006                   : sysctl.obj (.text:SysCtlDelay)
                  0000255a    00000006                   : timer.obj (.text:TimerClockSourceSet)
                  00002560    00000004                   : timer.obj (.text:TimerIntClear)
                  00002564    00000004     rtsv7M4_T_le_v4SPD16_eabi.lib : pre_init.c.obj (.text:_system_pre_init)
                  00002568    00000004                                   : exit.c.obj (.text:abort:abort)

.const     0    0000256c    00000d88     
                  0000256c    000004fb     ST7735.obj (.const:.string:Font)
                  00002a67    00000200     ST7735.obj (.const:.string:dBfs)
                  00002c67    00000001     --HOLE-- [fill = 0]
                  00002c68    00000200     Main.obj (.const:BIGGER_FACE)
                  00002e68    000000d8     driverlib.lib : gpio.obj (.const:g_ppui32GPIOIntMapSnowflake)
                  00002f40    000000c0                   : gpio.obj (.const:g_ppui32GPIOIntMapBlizzard)
                  00003000    00000090                   : gpio.obj (.const:g_pui32GPIOBaseAddrs)
                  00003090    00000070                   : interrupt.obj (.const)
                  00003100    0000006c                   : sysctl.obj (.const:g_pui32Xtals)
                  0000316c    00000067     ST7735.obj (.const:.string:Bcmd)
                  000031d3    00000001     --HOLE-- [fill = 0]
                  000031d4    00000060     driverlib.lib : timer.obj (.const:g_ppui32TimerIntMap)
                  00003234    00000040                   : timer.obj (.const:g_ppui32TimerIntMapSnowflake)
                  00003274    0000003b     ST7735.obj (.const:.string:Rcmd1)
                  000032af    0000002b     ST7735.obj (.const:.string:Rcmd3)
                  000032da    0000000d     ST7735.obj (.const:.string:Rcmd2green)
                  000032e7    0000000d     ST7735.obj (.const:.string:Rcmd2red)

.cinit     0    000032f8    00000050     
                  000032f8    00000017     (.cinit..data.load) [load image, compression = lzss]
                  0000330f    00000001     --HOLE-- [fill = 0]
                  00003310    0000000c     (__TI_handler_table)
                  0000331c    00000004     --HOLE-- [fill = 0]
                  00003320    00000008     (.cinit..bss.load) [load image, compression = zero_init]
                  00003328    00000008     (.cinit..vtable.load) [load image, compression = zero_init]
                  00003330    00000018     (__TI_cinit_table)

.init_array 
*          0    00000000    00000000     UNINITIALIZED

.vtable    0    20000000    0000026c     UNINITIALIZED
                  20000000    0000026c     driverlib.lib : interrupt.obj (.vtable)

.stack     0    20000270    00000200     UNINITIALIZED
                  20000270    00000004     rtsv7M4_T_le_v4SPD16_eabi.lib : boot_cortex_m.c.obj (.stack)
                  20000274    000001fc     --HOLE--

.bss       0    20000470    00000024     UNINITIALIZED
                  20000470    0000000c     (.common:Message)
                  2000047c    00000004     ST7735.obj (.bss)
                  20000480    00000004     (.common:Messageindex)
                  20000484    00000004     (.common:X)
                  20000488    00000004     (.common:Ymax)
                  2000048c    00000004     (.common:Ymin)
                  20000490    00000004     (.common:Yrange)

.data      0    20000494    0000001e     UNINITIALIZED
                  20000494    00000014     ST7735.obj (.data)
                  200004a8    0000000a     Main.obj (.data)

.sysmem    0    200004b8    00000010     UNINITIALIZED
                  200004b8    00000010     rtsv7M4_T_le_v4SPD16_eabi.lib : memory.c.obj (.sysmem)

MODULE SUMMARY

       Module                         code   ro data   rw data
       ------                         ----   -------   -------
    .\
       ST7735.obj                     4936   2018      56     
       Main.obj                       528    512       10     
       tm4c123gh6pm_startup_ccs.obj   274    620       0      
       functions.obj                  480    0         0      
    +--+------------------------------+------+---------+---------+
       Total:                         6218   3150      66     
                                                              
    C:/ti/TivaWare_C_Series-2.1.4.178/driverlib/ccs/Debug/driverlib.lib
       gpio.obj                       724    552       0      
       interrupt.obj                  156    112       620    
       sysctl.obj                     650    108       0      
       timer.obj                      246    160       0      
       adc.obj                        340    0         0      
       pwm.obj                        110    0         0      
       ssi.obj                        80     0         0      
    +--+------------------------------+------+---------+---------+
       Total:                         2306   932       620    
                                                              
    C:\ti\ccs910\ccs\tools\compiler\ti-cgt-arm_18.12.2.LTS\lib\rtsv7M4_T_le_v4SPD16_eabi.lib
       memcpy_t2.asm.obj              156    0         0      
       copy_decompress_lzss.c.obj     104    0         0      
       autoinit.c.obj                 68     0         0      
       boot_cortex_m.c.obj            52     0         0      
       copy_zero_init.c.obj           28     0         0      
       copy_decompress_none.c.obj     14     0         0      
       exit.c.obj                     4      0         0      
       pre_init.c.obj                 4      0         0      
    +--+------------------------------+------+---------+---------+
       Total:                         430    0         0      
                                                              
       Heap:                          0      0         16     
       Stack:                         0      0         512    
       Linker Generated:              0      75        0      
    +--+------------------------------+------+---------+---------+
       Grand Total:                   8954   4157      1214   


LINKER GENERATED COPY TABLES

__TI_cinit_table @ 00003330 records: 3, size/record: 8, table size: 24
	.data: load addr=000032f8, load size=00000017 bytes, run addr=20000494, run size=0000001e bytes, compression=lzss
	.bss: load addr=00003320, load size=00000008 bytes, run addr=20000470, run size=00000024 bytes, compression=zero_init
	.vtable: load addr=00003328, load size=00000008 bytes, run addr=20000000, run size=0000026c bytes, compression=zero_init


LINKER GENERATED HANDLER TABLE

__TI_handler_table @ 00003310 records: 3, size/record: 4, table size: 12
	index: 0, handler: __TI_zero_init
	index: 1, handler: __TI_decompress_lzss
	index: 2, handler: __TI_decompress_none


GLOBAL SYMBOLS: SORTED ALPHABETICALLY BY Name 

address   name                          
-------   ----                          
00001b07  ADC0Seq0_Handler              
00001b09  ADC0Seq1_Handler              
00001b0b  ADC0Seq2_Handler              
00001b0d  ADC0Seq3_Handler              
00001b4b  ADC1Seq0_Handler              
00001b4d  ADC1Seq1_Handler              
00001b4f  ADC1Seq2_Handler              
00001b51  ADC1Seq3_Handler              
0000251d  ADCIntClear                   
00002309  ADCIntStatus                  
000023db  ADCProcessorTrigger           
0000208b  ADCSequenceConfigure          
00002383  ADCSequenceDataGet            
000024cd  ADCSequenceDisable            
000024db  ADCSequenceEnable             
00001e89  ADCSequenceStepConfigure      
00002c68  BIGGER_FACE                   
00002569  C$$EXIT                       
00001b39  CAN0_Handler                  
00001b3b  CAN1_Handler                  
00001b3d  CAN2_Handler                  
00001b1d  Comp0_Handler                 
00001b1f  Comp1_Handler                 
00001b21  Comp2_Handler                 
00001ae5  DebugMon_Handler              
000002a5  Delay1ms                      
00001bcf  DisableInterrupts             
00001bd3  EnableInterrupts              
00001bdf  EndCritical                   
00001b3f  Ethernet_Handler              
00001b55  ExtBus_Handler                
00001b8f  FPU_Handler                   
00001b9f  Fan0_Handler                  
00001b25  FlashCtl_Handler              
00002337  GPIODirModeSet                
00002543  GPIOIntClear                  
00002505  GPIOIntEnable                 
000023f3  GPIOIntRegister               
00002035  GPIOIntTypeSet                
000019a5  GPIOPadConfigSet              
00002129  GPIOPinConfigure              
00002549  GPIOPinRead                   
00002451  GPIOPinTypeADC                
00002463  GPIOPinTypeGPIOInput          
0000240b  GPIOPinTypeGPIOOutput         
00002475  GPIOPinTypePWM                
00002487  GPIOPinTypeSSI                
0000254f  GPIOPinWrite                  
00001aeb  GPIOPortA_Handler             
00001aed  GPIOPortB_Handler             
00001aef  GPIOPortC_Handler             
00001af1  GPIOPortD_Handler             
00001af3  GPIOPortE_Handler             
00001b27  GPIOPortF_Handler             
00001b29  GPIOPortG_Handler             
00001b2b  GPIOPortH_Handler             
00001b57  GPIOPortJ_Handler             
00001b59  GPIOPortK_Handler             
00001b5b  GPIOPortL_Handler             
00001b99  GPIOPortM_Handler             
00001b9b  GPIOPortN_Handler             
00001ba3  GPIOPortP1_Handler            
00001ba5  GPIOPortP2_Handler            
00001ba7  GPIOPortP3_Handler            
00001ba9  GPIOPortP4_Handler            
00001bab  GPIOPortP5_Handler            
00001bad  GPIOPortP6_Handler            
00001baf  GPIOPortP7_Handler            
00001ba1  GPIOPortP_Handler             
00001bb3  GPIOPortQ1_Handler            
00001bb5  GPIOPortQ2_Handler            
00001bb7  GPIOPortQ3_Handler            
00001bb9  GPIOPortQ4_Handler            
00001bbb  GPIOPortQ5_Handler            
00001bbd  GPIOPortQ6_Handler            
00001bbf  GPIOPortQ7_Handler            
00001bb1  GPIOPortQ_Handler             
00001bc1  GPIOPortR_Handler             
00001bc3  GPIOPortS_Handler             
00001b41  Hibernate_Handler             
00001afb  I2C0_Handler                  
00001b35  I2C1_Handler                  
00001b6b  I2C2_Handler                  
00001b6d  I2C3_Handler                  
00001b95  I2C4_Handler                  
00001b97  I2C5_Handler                  
00001b53  I2S0_Handler                  
00001f05  IntEnable                     
0000226d  IntRegister                   
00001b93  LPC0_Handler                  
20000470  Message                       
20000480  Messageindex                  
00001553  Output_Clear                  
0000156d  Output_Color                  
00001543  Output_Init                   
0000155d  Output_Off                    
00001565  Output_On                     
00001b91  PECI0_Handler                 
00001afd  PWM0Fault_Handler             
00001aff  PWM0Generator0_Handler        
00001b01  PWM0Generator1_Handler        
00001b03  PWM0Generator2_Handler        
00001b45  PWM0Generator3_Handler        
00001bcd  PWM1Fault_Handler             
00001bc5  PWM1Generator0_Handler        
00001bc7  PWM1Generator1_Handler        
00001bc9  PWM1Generator2_Handler        
00001bcb  PWM1Generator3_Handler        
00002361  PWMGenConfigure               
00002511  PWMGenEnable                  
000024bd  PWMGenPeriodSet               
00002499  PWMOutputState                
000023a1  PWMPulseWidthSet              
00001ae7  PendSV_Handler                
00001b05  Quadrature0_Handler           
00001b37  Quadrature1_Handler           
00001b9d  Quadrature2_Handler           
00001ad7  ResetISR                      
00001af9  SSI0_Handler                  
00001b2f  SSI1_Handler                  
00001b5d  SSI2_Handler                  
00001b5f  SSI3_Handler                  
000021f9  SSIConfigSetExpClk            
00002527  SSIDataPut                    
00002531  SSIEnable                     
00000871  ST7735_Color565               
000008d5  ST7735_DrawBitmap             
00000c49  ST7735_DrawChar               
00000ad3  ST7735_DrawCharS              
00000661  ST7735_DrawFastHLine          
000005a9  ST7735_DrawFastVLine          
00000545  ST7735_DrawPixel              
00000db7  ST7735_DrawString             
00000765  ST7735_FillRect               
0000070b  ST7735_FillScreen             
00000423  ST7735_InitB                  
00000443  ST7735_InitR                  
00000feb  ST7735_InvertDisplay          
00001429  ST7735_OutChar                
000014e5  ST7735_OutString              
00000ea5  ST7735_OutUDec                
00001335  ST7735_PlotBar                
00001003  ST7735_PlotClear              
00001125  ST7735_PlotLine               
000013d5  ST7735_PlotNext               
000013ef  ST7735_PlotNextErase          
0000105f  ST7735_PlotPoint              
0000125f  ST7735_PlotPoints             
0000138b  ST7735_PlotdBfs               
00000e7f  ST7735_SetCursor              
00000f21  ST7735_SetRotation            
00001503  ST7735_SetTextColor           
000008a5  ST7735_SwapColor              
00001ae3  SVC_Handler                   
2000049c  StTextColor                   
20000494  StX                           
20000498  StY                           
00001bd7  StartCritical                 
00001be9  SysCtlClockGet                
00001cf9  SysCtlClockSet                
00002555  SysCtlDelay                   
0000243d  SysCtlPWMClockSet             
000022a1  SysCtlPeripheralEnable        
00002235  SysCtlPeripheralReady         
00001b23  SysCtl_Handler                
00001ae9  SysTick_Handler               
00001b11  Timer0A_Handler               
00001b13  Timer0B_Handler               
00001b15  Timer1A_Handler               
00001b17  Timer1B_Handler               
00001b19  Timer2A_Handler               
00001b1b  Timer2B_Handler               
00001b31  Timer3A_Handler               
00001b33  Timer3B_Handler               
00001b6f  Timer4A_Handler               
00001b71  Timer4B_Handler               
00001b73  Timer5A_Handler               
00001b75  Timer5B_Handler               
0000255b  TimerClockSourceSet           
00001fd5  TimerConfigure                
000024e9  TimerEnable                   
00002561  TimerIntClear                 
0000253b  TimerIntEnable                
00002423  TimerIntRegister              
000024ab  TimerLoadSet                  
00001af5  UART0_Handler                 
00001af7  UART1_Handler                 
00001b2d  UART2_Handler                 
00001b61  UART3_Handler                 
00001b63  UART4_Handler                 
00001b65  UART5_Handler                 
00001b67  UART6_Handler                 
00001b69  UART7_Handler                 
00001b43  USB0_Handler                  
00001b0f  WDT_Handler                   
00001be5  WaitForInterrupt              
00001b77  WideTimer0A_Handler           
00001b79  WideTimer0B_Handler           
00001b7b  WideTimer1A_Handler           
00001b7d  WideTimer1B_Handler           
00001b7f  WideTimer2A_Handler           
00001b81  WideTimer2B_Handler           
00001b83  WideTimer3A_Handler           
00001b85  WideTimer3B_Handler           
00001b87  WideTimer4A_Handler           
00001b89  WideTimer4B_Handler           
00001b8b  WideTimer5A_Handler           
00001b8d  WideTimer5B_Handler           
20000484  X                             
20000488  Ymax                          
2000048c  Ymin                          
20000490  Yrange                        
20000470  __STACK_END                   
00000200  __STACK_SIZE                  
20000470  __STACK_TOP                   
00000010  __SYSMEM_SIZE                 
00003330  __TI_CINIT_Base               
00003348  __TI_CINIT_Limit              
00003310  __TI_Handler_Table_Base       
0000331c  __TI_Handler_Table_Limit      
000021b5  __TI_auto_init_nobinit_nopinit
00001f6d  __TI_decompress_lzss          
000024f7  __TI_decompress_none          
ffffffff  __TI_pprof_out_hndl           
ffffffff  __TI_prof_data_size           
ffffffff  __TI_prof_data_start          
00000000  __TI_static_base__            
000023bf  __TI_zero_init_nomemset       
00001ded  __aeabi_memcpy                
00001ded  __aeabi_memcpy4               
00001ded  __aeabi_memcpy8               
ffffffff  __binit__                     
ffffffff  __c_args__                    
UNDEFED   __mpu_init                    
20000270  __stack                       
000022d5  _c_int00_noargs               
200004b8  _sys_memory                   
UNDEFED   _system_post_cinit            
00002565  _system_pre_init              
00002569  abort                         
ffffffff  binit                         
000015f7  clearScreen                   
00002a67  dBfs                          
0000171b  deadState                     
000016c9  feedingState                  
00001535  ferror                        
00001529  fgetc                         
00000e3d  fillmessage                   
00001517  fputc                         
20000000  g_pfnRAMVectors               
00000000  g_pfnVectors                  
200004b0  gameState                     
200004a8  happiness                     
200004ac  hunger                        
0000163b  init                          
00001913  initADC                       
00001863  initButtonInterupt            
000017db  initInput                     
000017f7  initOutput                    
000018b5  initPWMModule                 
00001813  initPeriodicTimer             
000017c5  initPeriph                    
00001963  initSSI                       
200004a4  lastj                         
0000173f  lostState                     
00001761  main                          
00001ded  memcpy                        
200004b1  petState                      
00001695  readADC                       
000015b5  sketch                        
00001619  stickInterruptHandler         
00001609  timerInterruptHandler         
00001b49  uDMA_Error                    
00001b47  uDMA_Handler                  
000016f1  walkingState                  


GLOBAL SYMBOLS: SORTED BY Symbol Address 

address   name                          
-------   ----                          
00000000  __TI_static_base__            
00000000  g_pfnVectors                  
00000010  __SYSMEM_SIZE                 
00000200  __STACK_SIZE                  
000002a5  Delay1ms                      
00000423  ST7735_InitB                  
00000443  ST7735_InitR                  
00000545  ST7735_DrawPixel              
000005a9  ST7735_DrawFastVLine          
00000661  ST7735_DrawFastHLine          
0000070b  ST7735_FillScreen             
00000765  ST7735_FillRect               
00000871  ST7735_Color565               
000008a5  ST7735_SwapColor              
000008d5  ST7735_DrawBitmap             
00000ad3  ST7735_DrawCharS              
00000c49  ST7735_DrawChar               
00000db7  ST7735_DrawString             
00000e3d  fillmessage                   
00000e7f  ST7735_SetCursor              
00000ea5  ST7735_OutUDec                
00000f21  ST7735_SetRotation            
00000feb  ST7735_InvertDisplay          
00001003  ST7735_PlotClear              
0000105f  ST7735_PlotPoint              
00001125  ST7735_PlotLine               
0000125f  ST7735_PlotPoints             
00001335  ST7735_PlotBar                
0000138b  ST7735_PlotdBfs               
000013d5  ST7735_PlotNext               
000013ef  ST7735_PlotNextErase          
00001429  ST7735_OutChar                
000014e5  ST7735_OutString              
00001503  ST7735_SetTextColor           
00001517  fputc                         
00001529  fgetc                         
00001535  ferror                        
00001543  Output_Init                   
00001553  Output_Clear                  
0000155d  Output_Off                    
00001565  Output_On                     
0000156d  Output_Color                  
000015b5  sketch                        
000015f7  clearScreen                   
00001609  timerInterruptHandler         
00001619  stickInterruptHandler         
0000163b  init                          
00001695  readADC                       
000016c9  feedingState                  
000016f1  walkingState                  
0000171b  deadState                     
0000173f  lostState                     
00001761  main                          
000017c5  initPeriph                    
000017db  initInput                     
000017f7  initOutput                    
00001813  initPeriodicTimer             
00001863  initButtonInterupt            
000018b5  initPWMModule                 
00001913  initADC                       
00001963  initSSI                       
000019a5  GPIOPadConfigSet              
00001ad7  ResetISR                      
00001ae3  SVC_Handler                   
00001ae5  DebugMon_Handler              
00001ae7  PendSV_Handler                
00001ae9  SysTick_Handler               
00001aeb  GPIOPortA_Handler             
00001aed  GPIOPortB_Handler             
00001aef  GPIOPortC_Handler             
00001af1  GPIOPortD_Handler             
00001af3  GPIOPortE_Handler             
00001af5  UART0_Handler                 
00001af7  UART1_Handler                 
00001af9  SSI0_Handler                  
00001afb  I2C0_Handler                  
00001afd  PWM0Fault_Handler             
00001aff  PWM0Generator0_Handler        
00001b01  PWM0Generator1_Handler        
00001b03  PWM0Generator2_Handler        
00001b05  Quadrature0_Handler           
00001b07  ADC0Seq0_Handler              
00001b09  ADC0Seq1_Handler              
00001b0b  ADC0Seq2_Handler              
00001b0d  ADC0Seq3_Handler              
00001b0f  WDT_Handler                   
00001b11  Timer0A_Handler               
00001b13  Timer0B_Handler               
00001b15  Timer1A_Handler               
00001b17  Timer1B_Handler               
00001b19  Timer2A_Handler               
00001b1b  Timer2B_Handler               
00001b1d  Comp0_Handler                 
00001b1f  Comp1_Handler                 
00001b21  Comp2_Handler                 
00001b23  SysCtl_Handler                
00001b25  FlashCtl_Handler              
00001b27  GPIOPortF_Handler             
00001b29  GPIOPortG_Handler             
00001b2b  GPIOPortH_Handler             
00001b2d  UART2_Handler                 
00001b2f  SSI1_Handler                  
00001b31  Timer3A_Handler               
00001b33  Timer3B_Handler               
00001b35  I2C1_Handler                  
00001b37  Quadrature1_Handler           
00001b39  CAN0_Handler                  
00001b3b  CAN1_Handler                  
00001b3d  CAN2_Handler                  
00001b3f  Ethernet_Handler              
00001b41  Hibernate_Handler             
00001b43  USB0_Handler                  
00001b45  PWM0Generator3_Handler        
00001b47  uDMA_Handler                  
00001b49  uDMA_Error                    
00001b4b  ADC1Seq0_Handler              
00001b4d  ADC1Seq1_Handler              
00001b4f  ADC1Seq2_Handler              
00001b51  ADC1Seq3_Handler              
00001b53  I2S0_Handler                  
00001b55  ExtBus_Handler                
00001b57  GPIOPortJ_Handler             
00001b59  GPIOPortK_Handler             
00001b5b  GPIOPortL_Handler             
00001b5d  SSI2_Handler                  
00001b5f  SSI3_Handler                  
00001b61  UART3_Handler                 
00001b63  UART4_Handler                 
00001b65  UART5_Handler                 
00001b67  UART6_Handler                 
00001b69  UART7_Handler                 
00001b6b  I2C2_Handler                  
00001b6d  I2C3_Handler                  
00001b6f  Timer4A_Handler               
00001b71  Timer4B_Handler               
00001b73  Timer5A_Handler               
00001b75  Timer5B_Handler               
00001b77  WideTimer0A_Handler           
00001b79  WideTimer0B_Handler           
00001b7b  WideTimer1A_Handler           
00001b7d  WideTimer1B_Handler           
00001b7f  WideTimer2A_Handler           
00001b81  WideTimer2B_Handler           
00001b83  WideTimer3A_Handler           
00001b85  WideTimer3B_Handler           
00001b87  WideTimer4A_Handler           
00001b89  WideTimer4B_Handler           
00001b8b  WideTimer5A_Handler           
00001b8d  WideTimer5B_Handler           
00001b8f  FPU_Handler                   
00001b91  PECI0_Handler                 
00001b93  LPC0_Handler                  
00001b95  I2C4_Handler                  
00001b97  I2C5_Handler                  
00001b99  GPIOPortM_Handler             
00001b9b  GPIOPortN_Handler             
00001b9d  Quadrature2_Handler           
00001b9f  Fan0_Handler                  
00001ba1  GPIOPortP_Handler             
00001ba3  GPIOPortP1_Handler            
00001ba5  GPIOPortP2_Handler            
00001ba7  GPIOPortP3_Handler            
00001ba9  GPIOPortP4_Handler            
00001bab  GPIOPortP5_Handler            
00001bad  GPIOPortP6_Handler            
00001baf  GPIOPortP7_Handler            
00001bb1  GPIOPortQ_Handler             
00001bb3  GPIOPortQ1_Handler            
00001bb5  GPIOPortQ2_Handler            
00001bb7  GPIOPortQ3_Handler            
00001bb9  GPIOPortQ4_Handler            
00001bbb  GPIOPortQ5_Handler            
00001bbd  GPIOPortQ6_Handler            
00001bbf  GPIOPortQ7_Handler            
00001bc1  GPIOPortR_Handler             
00001bc3  GPIOPortS_Handler             
00001bc5  PWM1Generator0_Handler        
00001bc7  PWM1Generator1_Handler        
00001bc9  PWM1Generator2_Handler        
00001bcb  PWM1Generator3_Handler        
00001bcd  PWM1Fault_Handler             
00001bcf  DisableInterrupts             
00001bd3  EnableInterrupts              
00001bd7  StartCritical                 
00001bdf  EndCritical                   
00001be5  WaitForInterrupt              
00001be9  SysCtlClockGet                
00001cf9  SysCtlClockSet                
00001ded  __aeabi_memcpy                
00001ded  __aeabi_memcpy4               
00001ded  __aeabi_memcpy8               
00001ded  memcpy                        
00001e89  ADCSequenceStepConfigure      
00001f05  IntEnable                     
00001f6d  __TI_decompress_lzss          
00001fd5  TimerConfigure                
00002035  GPIOIntTypeSet                
0000208b  ADCSequenceConfigure          
00002129  GPIOPinConfigure              
000021b5  __TI_auto_init_nobinit_nopinit
000021f9  SSIConfigSetExpClk            
00002235  SysCtlPeripheralReady         
0000226d  IntRegister                   
000022a1  SysCtlPeripheralEnable        
000022d5  _c_int00_noargs               
00002309  ADCIntStatus                  
00002337  GPIODirModeSet                
00002361  PWMGenConfigure               
00002383  ADCSequenceDataGet            
000023a1  PWMPulseWidthSet              
000023bf  __TI_zero_init_nomemset       
000023db  ADCProcessorTrigger           
000023f3  GPIOIntRegister               
0000240b  GPIOPinTypeGPIOOutput         
00002423  TimerIntRegister              
0000243d  SysCtlPWMClockSet             
00002451  GPIOPinTypeADC                
00002463  GPIOPinTypeGPIOInput          
00002475  GPIOPinTypePWM                
00002487  GPIOPinTypeSSI                
00002499  PWMOutputState                
000024ab  TimerLoadSet                  
000024bd  PWMGenPeriodSet               
000024cd  ADCSequenceDisable            
000024db  ADCSequenceEnable             
000024e9  TimerEnable                   
000024f7  __TI_decompress_none          
00002505  GPIOIntEnable                 
00002511  PWMGenEnable                  
0000251d  ADCIntClear                   
00002527  SSIDataPut                    
00002531  SSIEnable                     
0000253b  TimerIntEnable                
00002543  GPIOIntClear                  
00002549  GPIOPinRead                   
0000254f  GPIOPinWrite                  
00002555  SysCtlDelay                   
0000255b  TimerClockSourceSet           
00002561  TimerIntClear                 
00002565  _system_pre_init              
00002569  C$$EXIT                       
00002569  abort                         
00002a67  dBfs                          
00002c68  BIGGER_FACE                   
00003310  __TI_Handler_Table_Base       
0000331c  __TI_Handler_Table_Limit      
00003330  __TI_CINIT_Base               
00003348  __TI_CINIT_Limit              
20000000  g_pfnRAMVectors               
20000270  __stack                       
20000470  Message                       
20000470  __STACK_END                   
20000470  __STACK_TOP                   
20000480  Messageindex                  
20000484  X                             
20000488  Ymax                          
2000048c  Ymin                          
20000490  Yrange                        
20000494  StX                           
20000498  StY                           
2000049c  StTextColor                   
200004a4  lastj                         
200004a8  happiness                     
200004ac  hunger                        
200004b0  gameState                     
200004b1  petState                      
200004b8  _sys_memory                   
ffffffff  __TI_pprof_out_hndl           
ffffffff  __TI_prof_data_size           
ffffffff  __TI_prof_data_start          
ffffffff  __binit__                     
ffffffff  __c_args__                    
ffffffff  binit                         
UNDEFED   __mpu_init                    
UNDEFED   _system_post_cinit            

[275 symbols]
