******************************************************************************
                  TI ARM Linker PC v18.12.2                    
******************************************************************************
>> Linked Thu Aug  1 15:59:17 2019

OUTPUT FILE NAME:   <ST7735_4C123.out>
ENTRY POINT SYMBOL: "_c_int00_noargs"  address: 00004839


MEMORY CONFIGURATION

         name            origin    length      used     unused   attr    fill
----------------------  --------  ---------  --------  --------  ----  --------
  FLASH                 00000000   00040000  00004b20  0003b4e0  R  X
  SRAM                  20000000   00008000  000004bf  00007b41  RW X


SEGMENT ALLOCATION MAP

run origin  load origin   length   init length attrs members
----------  ----------- ---------- ----------- ----- -------
00000000    00000000    00004b20   00004b20    r-x
  00000000    00000000    0000026c   0000026c    r-- .intvecs
  0000026c    0000026c    00002508   00002508    r-- .const
  00002774    00002774    0000235c   0000235c    r-x .text
  00004ad0    00004ad0    00000050   00000050    r-- .cinit
20000000    20000000    000004c8   00000000    rw-
  20000000    20000000    0000026c   00000000    rw- .vtable
  20000270    20000270    00000200   00000000    rw- .stack
  20000470    20000470    00000024   00000000    rw- .bss
  20000494    20000494    0000001f   00000000    rw- .data
  200004b8    200004b8    00000010   00000000    rw- .sysmem


SECTION ALLOCATION MAP

 output                                  attributes/
section   page    origin      length       input sections
--------  ----  ----------  ----------   ----------------
.intvecs   0    00000000    0000026c     
                  00000000    0000026c     tm4c123gh6pm_startup_ccs.obj (.intvecs)

.const     0    0000026c    00002508     
                  0000026c    00001980     Main.obj (.const:ROCK_DEAD)
                  00001bec    000004fb     ST7735.obj (.const:.string:Font)
                  000020e7    00000200     ST7735.obj (.const:.string:dBfs)
                  000022e7    00000001     --HOLE-- [fill = 0]
                  000022e8    000000d8     driverlib.lib : gpio.obj (.const:g_ppui32GPIOIntMapSnowflake)
                  000023c0    000000c0                   : gpio.obj (.const:g_ppui32GPIOIntMapBlizzard)
                  00002480    00000090                   : gpio.obj (.const:g_pui32GPIOBaseAddrs)
                  00002510    00000070                   : interrupt.obj (.const)
                  00002580    0000006c                   : sysctl.obj (.const:g_pui32Xtals)
                  000025ec    00000067     ST7735.obj (.const:.string:Bcmd)
                  00002653    00000001     --HOLE-- [fill = 0]
                  00002654    00000060     driverlib.lib : timer.obj (.const:g_ppui32TimerIntMap)
                  000026b4    00000040                   : timer.obj (.const:g_ppui32TimerIntMapSnowflake)
                  000026f4    0000003b     ST7735.obj (.const:.string:Rcmd1)
                  0000272f    0000002b     ST7735.obj (.const:.string:Rcmd3)
                  0000275a    0000000d     ST7735.obj (.const:.string:Rcmd2green)
                  00002767    0000000d     ST7735.obj (.const:.string:Rcmd2red)

.text      0    00002774    0000235c     
                  00002774    00001348     ST7735.obj (.text)
                  00003abc    0000026c     Main.obj (.text)
                  00003d28    000001e0     functions.obj (.text)
                  00003f08    00000132     driverlib.lib : gpio.obj (.text:GPIOPadConfigSet)
                  0000403a    00000112     tm4c123gh6pm_startup_ccs.obj (.text)
                  0000414c    00000110     driverlib.lib : sysctl.obj (.text:SysCtlClockGet)
                  0000425c    000000f4                   : sysctl.obj (.text:SysCtlClockSet)
                  00004350    0000009c     rtsv7M4_T_le_v4SPD16_eabi.lib : memcpy_t2.asm.obj (.text)
                  000043ec    0000007a     driverlib.lib : adc.obj (.text:ADCSequenceStepConfigure)
                  00004466    00000002     --HOLE-- [fill = 0]
                  00004468    00000068                   : interrupt.obj (.text:IntEnable)
                  000044d0    00000068     rtsv7M4_T_le_v4SPD16_eabi.lib : copy_decompress_lzss.c.obj (.text:decompress:lzss:__TI_decompress_lzss)
                  00004538    00000060     driverlib.lib : timer.obj (.text:TimerConfigure)
                  00004598    00000056                   : gpio.obj (.text:GPIOIntTypeSet)
                  000045ee    00000050                   : adc.obj (.text:ADCSequenceConfigure)
                  0000463e    00000002     --HOLE-- [fill = 0]
                  00004640    0000004c                   : timer.obj (.text:_TimerIntNumberGet)
                  0000468c    00000048                   : gpio.obj (.text:GPIOPinConfigure)
                  000046d4    00000044                   : gpio.obj (.text:_GPIOIntNumberGet)
                  00004718    00000044     rtsv7M4_T_le_v4SPD16_eabi.lib : autoinit.c.obj (.text:__TI_auto_init_nobinit_nopinit:__TI_auto_init_nobinit_nopinit)
                  0000475c    0000003c     driverlib.lib : ssi.obj (.text:SSIConfigSetExpClk)
                  00004798    00000038                   : sysctl.obj (.text:SysCtlPeripheralReady)
                  000047d0    00000034                   : interrupt.obj (.text:IntRegister)
                  00004804    00000034                   : sysctl.obj (.text:SysCtlPeripheralEnable)
                  00004838    00000034     rtsv7M4_T_le_v4SPD16_eabi.lib : boot_cortex_m.c.obj (.text:_c_int00_noargs:_c_int00_noargs)
                  0000486c    0000002e     driverlib.lib : adc.obj (.text:ADCIntStatus)
                  0000489a    0000002a                   : gpio.obj (.text:GPIODirModeSet)
                  000048c4    00000022                   : pwm.obj (.text:PWMGenConfigure)
                  000048e6    0000001e                   : adc.obj (.text:ADCSequenceDataGet)
                  00004904    0000001e                   : pwm.obj (.text:PWMPulseWidthSet)
                  00004922    0000001c     rtsv7M4_T_le_v4SPD16_eabi.lib : copy_zero_init.c.obj (.text:decompress:ZI:__TI_zero_init_nomemset:__TI_zero_init_nomemset)
                  0000493e    00000018     driverlib.lib : adc.obj (.text:ADCProcessorTrigger)
                  00004956    00000018                   : gpio.obj (.text:GPIOIntRegister)
                  0000496e    00000018                   : gpio.obj (.text:GPIOPinTypeGPIOOutput)
                  00004986    00000018                   : timer.obj (.text:TimerIntRegister)
                  0000499e    00000002     --HOLE-- [fill = 0]
                  000049a0    00000014                   : sysctl.obj (.text:SysCtlPWMClockSet)
                  000049b4    00000012                   : gpio.obj (.text:GPIOPinTypeADC)
                  000049c6    00000012                   : gpio.obj (.text:GPIOPinTypeGPIOInput)
                  000049d8    00000012                   : gpio.obj (.text:GPIOPinTypePWM)
                  000049ea    00000012                   : gpio.obj (.text:GPIOPinTypeSSI)
                  000049fc    00000012                   : pwm.obj (.text:PWMOutputState)
                  00004a0e    00000012                   : timer.obj (.text:TimerLoadSet)
                  00004a20    00000010                   : pwm.obj (.text:PWMGenPeriodSet)
                  00004a30    0000000e                   : adc.obj (.text:ADCSequenceDisable)
                  00004a3e    0000000e                   : adc.obj (.text:ADCSequenceEnable)
                  00004a4c    0000000e                   : timer.obj (.text:TimerEnable)
                  00004a5a    0000000e     rtsv7M4_T_le_v4SPD16_eabi.lib : copy_decompress_none.c.obj (.text:decompress:none:__TI_decompress_none)
                  00004a68    0000000c     driverlib.lib : gpio.obj (.text:GPIOIntEnable)
                  00004a74    0000000c                   : pwm.obj (.text:PWMGenEnable)
                  00004a80    0000000a                   : adc.obj (.text:ADCIntClear)
                  00004a8a    0000000a                   : ssi.obj (.text:SSIDataPut)
                  00004a94    0000000a                   : ssi.obj (.text:SSIEnable)
                  00004a9e    00000008                   : timer.obj (.text:TimerIntEnable)
                  00004aa6    00000006                   : gpio.obj (.text:GPIOIntClear)
                  00004aac    00000006                   : gpio.obj (.text:GPIOPinRead)
                  00004ab2    00000006                   : gpio.obj (.text:GPIOPinWrite)
                  00004ab8    00000006                   : sysctl.obj (.text:SysCtlDelay)
                  00004abe    00000006                   : timer.obj (.text:TimerClockSourceSet)
                  00004ac4    00000004                   : timer.obj (.text:TimerIntClear)
                  00004ac8    00000004     rtsv7M4_T_le_v4SPD16_eabi.lib : pre_init.c.obj (.text:_system_pre_init)
                  00004acc    00000004                                   : exit.c.obj (.text:abort:abort)

.cinit     0    00004ad0    00000050     
                  00004ad0    00000019     (.cinit..data.load) [load image, compression = lzss]
                  00004ae9    00000003     --HOLE-- [fill = 0]
                  00004aec    0000000c     (__TI_handler_table)
                  00004af8    00000008     (.cinit..bss.load) [load image, compression = zero_init]
                  00004b00    00000008     (.cinit..vtable.load) [load image, compression = zero_init]
                  00004b08    00000018     (__TI_cinit_table)

.init_array 
*          0    00000000    00000000     UNINITIALIZED

.vtable    0    20000000    0000026c     UNINITIALIZED
                  20000000    0000026c     driverlib.lib : interrupt.obj (.vtable)

.stack     0    20000270    00000200     UNINITIALIZED
                  20000270    00000004     rtsv7M4_T_le_v4SPD16_eabi.lib : boot_cortex_m.c.obj (.stack)
                  20000274    000001fc     --HOLE--

.bss       0    20000470    00000024     UNINITIALIZED
                  20000470    0000000c     (.common:Message)
                  2000047c    00000004     ST7735.obj (.bss)
                  20000480    00000004     (.common:Messageindex)
                  20000484    00000004     (.common:X)
                  20000488    00000004     (.common:Ymax)
                  2000048c    00000004     (.common:Ymin)
                  20000490    00000004     (.common:Yrange)

.data      0    20000494    0000001f     UNINITIALIZED
                  20000494    00000014     ST7735.obj (.data)
                  200004a8    0000000b     Main.obj (.data)

.sysmem    0    200004b8    00000010     UNINITIALIZED
                  200004b8    00000010     rtsv7M4_T_le_v4SPD16_eabi.lib : memory.c.obj (.sysmem)

MODULE SUMMARY

       Module                         code   ro data   rw data
       ------                         ----   -------   -------
    .\
       Main.obj                       620    6528      11     
       ST7735.obj                     4936   2018      56     
       tm4c123gh6pm_startup_ccs.obj   274    620       0      
       functions.obj                  480    0         0      
    +--+------------------------------+------+---------+---------+
       Total:                         6310   9166      67     
                                                              
    C:/ti/TivaWare_C_Series-2.1.4.178/driverlib/ccs/Debug/driverlib.lib
       gpio.obj                       724    552       0      
       interrupt.obj                  156    112       620    
       sysctl.obj                     650    108       0      
       timer.obj                      246    160       0      
       adc.obj                        340    0         0      
       pwm.obj                        110    0         0      
       ssi.obj                        80     0         0      
    +--+------------------------------+------+---------+---------+
       Total:                         2306   932       620    
                                                              
    C:\ti\ccs910\ccs\tools\compiler\ti-cgt-arm_18.12.2.LTS\lib\rtsv7M4_T_le_v4SPD16_eabi.lib
       memcpy_t2.asm.obj              156    0         0      
       copy_decompress_lzss.c.obj     104    0         0      
       autoinit.c.obj                 68     0         0      
       boot_cortex_m.c.obj            52     0         0      
       copy_zero_init.c.obj           28     0         0      
       copy_decompress_none.c.obj     14     0         0      
       exit.c.obj                     4      0         0      
       pre_init.c.obj                 4      0         0      
    +--+------------------------------+------+---------+---------+
       Total:                         430    0         0      
                                                              
       Heap:                          0      0         16     
       Stack:                         0      0         512    
       Linker Generated:              0      77        0      
    +--+------------------------------+------+---------+---------+
       Grand Total:                   9046   10175     1215   


LINKER GENERATED COPY TABLES

__TI_cinit_table @ 00004b08 records: 3, size/record: 8, table size: 24
	.data: load addr=00004ad0, load size=00000019 bytes, run addr=20000494, run size=0000001f bytes, compression=lzss
	.bss: load addr=00004af8, load size=00000008 bytes, run addr=20000470, run size=00000024 bytes, compression=zero_init
	.vtable: load addr=00004b00, load size=00000008 bytes, run addr=20000000, run size=0000026c bytes, compression=zero_init


LINKER GENERATED HANDLER TABLE

__TI_handler_table @ 00004aec records: 3, size/record: 4, table size: 12
	index: 0, handler: __TI_zero_init
	index: 1, handler: __TI_decompress_lzss
	index: 2, handler: __TI_decompress_none


GLOBAL SYMBOLS: SORTED ALPHABETICALLY BY Name 

address   name                          
-------   ----                          
0000406b  ADC0Seq0_Handler              
0000406d  ADC0Seq1_Handler              
0000406f  ADC0Seq2_Handler              
00004071  ADC0Seq3_Handler              
000040af  ADC1Seq0_Handler              
000040b1  ADC1Seq1_Handler              
000040b3  ADC1Seq2_Handler              
000040b5  ADC1Seq3_Handler              
00004a81  ADCIntClear                   
0000486d  ADCIntStatus                  
0000493f  ADCProcessorTrigger           
000045ef  ADCSequenceConfigure          
000048e7  ADCSequenceDataGet            
00004a31  ADCSequenceDisable            
00004a3f  ADCSequenceEnable             
000043ed  ADCSequenceStepConfigure      
00004acd  C$$EXIT                       
0000409d  CAN0_Handler                  
0000409f  CAN1_Handler                  
000040a1  CAN2_Handler                  
00004081  Comp0_Handler                 
00004083  Comp1_Handler                 
00004085  Comp2_Handler                 
00004049  DebugMon_Handler              
000027ad  Delay1ms                      
00004133  DisableInterrupts             
00004137  EnableInterrupts              
00004143  EndCritical                   
000040a3  Ethernet_Handler              
000040b9  ExtBus_Handler                
000040f3  FPU_Handler                   
00004103  Fan0_Handler                  
00004089  FlashCtl_Handler              
0000489b  GPIODirModeSet                
00004aa7  GPIOIntClear                  
00004a69  GPIOIntEnable                 
00004957  GPIOIntRegister               
00004599  GPIOIntTypeSet                
00003f09  GPIOPadConfigSet              
0000468d  GPIOPinConfigure              
00004aad  GPIOPinRead                   
000049b5  GPIOPinTypeADC                
000049c7  GPIOPinTypeGPIOInput          
0000496f  GPIOPinTypeGPIOOutput         
000049d9  GPIOPinTypePWM                
000049eb  GPIOPinTypeSSI                
00004ab3  GPIOPinWrite                  
0000404f  GPIOPortA_Handler             
00004051  GPIOPortB_Handler             
00004053  GPIOPortC_Handler             
00004055  GPIOPortD_Handler             
00004057  GPIOPortE_Handler             
0000408b  GPIOPortF_Handler             
0000408d  GPIOPortG_Handler             
0000408f  GPIOPortH_Handler             
000040bb  GPIOPortJ_Handler             
000040bd  GPIOPortK_Handler             
000040bf  GPIOPortL_Handler             
000040fd  GPIOPortM_Handler             
000040ff  GPIOPortN_Handler             
00004107  GPIOPortP1_Handler            
00004109  GPIOPortP2_Handler            
0000410b  GPIOPortP3_Handler            
0000410d  GPIOPortP4_Handler            
0000410f  GPIOPortP5_Handler            
00004111  GPIOPortP6_Handler            
00004113  GPIOPortP7_Handler            
00004105  GPIOPortP_Handler             
00004117  GPIOPortQ1_Handler            
00004119  GPIOPortQ2_Handler            
0000411b  GPIOPortQ3_Handler            
0000411d  GPIOPortQ4_Handler            
0000411f  GPIOPortQ5_Handler            
00004121  GPIOPortQ6_Handler            
00004123  GPIOPortQ7_Handler            
00004115  GPIOPortQ_Handler             
00004125  GPIOPortR_Handler             
00004127  GPIOPortS_Handler             
000040a5  Hibernate_Handler             
0000405f  I2C0_Handler                  
00004099  I2C1_Handler                  
000040cf  I2C2_Handler                  
000040d1  I2C3_Handler                  
000040f9  I2C4_Handler                  
000040fb  I2C5_Handler                  
000040b7  I2S0_Handler                  
00004469  IntEnable                     
000047d1  IntRegister                   
000040f7  LPC0_Handler                  
20000470  Message                       
20000480  Messageindex                  
00003a5b  Output_Clear                  
00003a75  Output_Color                  
00003a4b  Output_Init                   
00003a65  Output_Off                    
00003a6d  Output_On                     
000040f5  PECI0_Handler                 
00004061  PWM0Fault_Handler             
00004063  PWM0Generator0_Handler        
00004065  PWM0Generator1_Handler        
00004067  PWM0Generator2_Handler        
000040a9  PWM0Generator3_Handler        
00004131  PWM1Fault_Handler             
00004129  PWM1Generator0_Handler        
0000412b  PWM1Generator1_Handler        
0000412d  PWM1Generator2_Handler        
0000412f  PWM1Generator3_Handler        
000048c5  PWMGenConfigure               
00004a75  PWMGenEnable                  
00004a21  PWMGenPeriodSet               
000049fd  PWMOutputState                
00004905  PWMPulseWidthSet              
0000404b  PendSV_Handler                
00004069  Quadrature0_Handler           
0000409b  Quadrature1_Handler           
00004101  Quadrature2_Handler           
0000026c  ROCK_DEAD                     
0000403b  ResetISR                      
0000405d  SSI0_Handler                  
00004093  SSI1_Handler                  
000040c1  SSI2_Handler                  
000040c3  SSI3_Handler                  
0000475d  SSIConfigSetExpClk            
00004a8b  SSIDataPut                    
00004a95  SSIEnable                     
00002d79  ST7735_Color565               
00002ddd  ST7735_DrawBitmap             
00003151  ST7735_DrawChar               
00002fdb  ST7735_DrawCharS              
00002b69  ST7735_DrawFastHLine          
00002ab1  ST7735_DrawFastVLine          
00002a4d  ST7735_DrawPixel              
000032bf  ST7735_DrawString             
00002c6d  ST7735_FillRect               
00002c13  ST7735_FillScreen             
0000292b  ST7735_InitB                  
0000294b  ST7735_InitR                  
000034f3  ST7735_InvertDisplay          
00003931  ST7735_OutChar                
000039ed  ST7735_OutString              
000033ad  ST7735_OutUDec                
0000383d  ST7735_PlotBar                
0000350b  ST7735_PlotClear              
0000362d  ST7735_PlotLine               
000038dd  ST7735_PlotNext               
000038f7  ST7735_PlotNextErase          
00003567  ST7735_PlotPoint              
00003767  ST7735_PlotPoints             
00003893  ST7735_PlotdBfs               
00003387  ST7735_SetCursor              
00003429  ST7735_SetRotation            
00003a0b  ST7735_SetTextColor           
00002dad  ST7735_SwapColor              
00004047  SVC_Handler                   
2000049c  StTextColor                   
20000494  StX                           
20000498  StY                           
0000413b  StartCritical                 
0000414d  SysCtlClockGet                
0000425d  SysCtlClockSet                
00004ab9  SysCtlDelay                   
000049a1  SysCtlPWMClockSet             
00004805  SysCtlPeripheralEnable        
00004799  SysCtlPeripheralReady         
00004087  SysCtl_Handler                
0000404d  SysTick_Handler               
00004075  Timer0A_Handler               
00004077  Timer0B_Handler               
00004079  Timer1A_Handler               
0000407b  Timer1B_Handler               
0000407d  Timer2A_Handler               
0000407f  Timer2B_Handler               
00004095  Timer3A_Handler               
00004097  Timer3B_Handler               
000040d3  Timer4A_Handler               
000040d5  Timer4B_Handler               
000040d7  Timer5A_Handler               
000040d9  Timer5B_Handler               
00004abf  TimerClockSourceSet           
00004539  TimerConfigure                
00004a4d  TimerEnable                   
00004ac5  TimerIntClear                 
00004a9f  TimerIntEnable                
00004987  TimerIntRegister              
00004a0f  TimerLoadSet                  
00004059  UART0_Handler                 
0000405b  UART1_Handler                 
00004091  UART2_Handler                 
000040c5  UART3_Handler                 
000040c7  UART4_Handler                 
000040c9  UART5_Handler                 
000040cb  UART6_Handler                 
000040cd  UART7_Handler                 
000040a7  USB0_Handler                  
00004073  WDT_Handler                   
00004149  WaitForInterrupt              
000040db  WideTimer0A_Handler           
000040dd  WideTimer0B_Handler           
000040df  WideTimer1A_Handler           
000040e1  WideTimer1B_Handler           
000040e3  WideTimer2A_Handler           
000040e5  WideTimer2B_Handler           
000040e7  WideTimer3A_Handler           
000040e9  WideTimer3B_Handler           
000040eb  WideTimer4A_Handler           
000040ed  WideTimer4B_Handler           
000040ef  WideTimer5A_Handler           
000040f1  WideTimer5B_Handler           
20000484  X                             
20000488  Ymax                          
2000048c  Ymin                          
20000490  Yrange                        
20000470  __STACK_END                   
00000200  __STACK_SIZE                  
20000470  __STACK_TOP                   
00000010  __SYSMEM_SIZE                 
00004b08  __TI_CINIT_Base               
00004b20  __TI_CINIT_Limit              
00004aec  __TI_Handler_Table_Base       
00004af8  __TI_Handler_Table_Limit      
00004719  __TI_auto_init_nobinit_nopinit
000044d1  __TI_decompress_lzss          
00004a5b  __TI_decompress_none          
ffffffff  __TI_pprof_out_hndl           
ffffffff  __TI_prof_data_size           
ffffffff  __TI_prof_data_start          
00000000  __TI_static_base__            
00004923  __TI_zero_init_nomemset       
00004351  __aeabi_memcpy                
00004351  __aeabi_memcpy4               
00004351  __aeabi_memcpy8               
ffffffff  __binit__                     
ffffffff  __c_args__                    
UNDEFED   __mpu_init                    
20000270  __stack                       
00004839  _c_int00_noargs               
200004b8  _sys_memory                   
UNDEFED   _system_post_cinit            
00004ac9  _system_pre_init              
00004acd  abort                         
ffffffff  binit                         
00003aff  clearScreen                   
000020e7  dBfs                          
00003c45  deadState                     
00003bd1  drawSprite                    
00003bf3  feedingState                  
00003a3d  ferror                        
00003a31  fgetc                         
00003345  fillmessage                   
00003a1f  fputc                         
20000000  g_pfnRAMVectors               
00000000  g_pfnVectors                  
200004b0  gameState                     
200004a8  happiness                     
200004ac  hunger                        
00003c8b  idleState                     
200004b2  imageFrame                    
00003b43  init                          
00003e77  initADC                       
00003dc7  initButtonInterupt            
00003d3f  initInput                     
00003d5b  initOutput                    
00003e19  initPWMModule                 
00003d77  initPeriodicTimer             
00003d29  initPeriph                    
00003ec7  initSSI                       
200004a4  lastj                         
00003c69  lostState                     
00003c99  main                          
00004351  memcpy                        
00003c97  menuState                     
200004b1  petState                      
00003b9d  readADC                       
00003abd  sketch                        
00003b21  stickInterruptHandler         
00003b11  timerInterruptHandler         
000040ad  uDMA_Error                    
000040ab  uDMA_Handler                  
00003c1b  walkingState                  


GLOBAL SYMBOLS: SORTED BY Symbol Address 

address   name                          
-------   ----                          
00000000  __TI_static_base__            
00000000  g_pfnVectors                  
00000010  __SYSMEM_SIZE                 
00000200  __STACK_SIZE                  
0000026c  ROCK_DEAD                     
000020e7  dBfs                          
000027ad  Delay1ms                      
0000292b  ST7735_InitB                  
0000294b  ST7735_InitR                  
00002a4d  ST7735_DrawPixel              
00002ab1  ST7735_DrawFastVLine          
00002b69  ST7735_DrawFastHLine          
00002c13  ST7735_FillScreen             
00002c6d  ST7735_FillRect               
00002d79  ST7735_Color565               
00002dad  ST7735_SwapColor              
00002ddd  ST7735_DrawBitmap             
00002fdb  ST7735_DrawCharS              
00003151  ST7735_DrawChar               
000032bf  ST7735_DrawString             
00003345  fillmessage                   
00003387  ST7735_SetCursor              
000033ad  ST7735_OutUDec                
00003429  ST7735_SetRotation            
000034f3  ST7735_InvertDisplay          
0000350b  ST7735_PlotClear              
00003567  ST7735_PlotPoint              
0000362d  ST7735_PlotLine               
00003767  ST7735_PlotPoints             
0000383d  ST7735_PlotBar                
00003893  ST7735_PlotdBfs               
000038dd  ST7735_PlotNext               
000038f7  ST7735_PlotNextErase          
00003931  ST7735_OutChar                
000039ed  ST7735_OutString              
00003a0b  ST7735_SetTextColor           
00003a1f  fputc                         
00003a31  fgetc                         
00003a3d  ferror                        
00003a4b  Output_Init                   
00003a5b  Output_Clear                  
00003a65  Output_Off                    
00003a6d  Output_On                     
00003a75  Output_Color                  
00003abd  sketch                        
00003aff  clearScreen                   
00003b11  timerInterruptHandler         
00003b21  stickInterruptHandler         
00003b43  init                          
00003b9d  readADC                       
00003bd1  drawSprite                    
00003bf3  feedingState                  
00003c1b  walkingState                  
00003c45  deadState                     
00003c69  lostState                     
00003c8b  idleState                     
00003c97  menuState                     
00003c99  main                          
00003d29  initPeriph                    
00003d3f  initInput                     
00003d5b  initOutput                    
00003d77  initPeriodicTimer             
00003dc7  initButtonInterupt            
00003e19  initPWMModule                 
00003e77  initADC                       
00003ec7  initSSI                       
00003f09  GPIOPadConfigSet              
0000403b  ResetISR                      
00004047  SVC_Handler                   
00004049  DebugMon_Handler              
0000404b  PendSV_Handler                
0000404d  SysTick_Handler               
0000404f  GPIOPortA_Handler             
00004051  GPIOPortB_Handler             
00004053  GPIOPortC_Handler             
00004055  GPIOPortD_Handler             
00004057  GPIOPortE_Handler             
00004059  UART0_Handler                 
0000405b  UART1_Handler                 
0000405d  SSI0_Handler                  
0000405f  I2C0_Handler                  
00004061  PWM0Fault_Handler             
00004063  PWM0Generator0_Handler        
00004065  PWM0Generator1_Handler        
00004067  PWM0Generator2_Handler        
00004069  Quadrature0_Handler           
0000406b  ADC0Seq0_Handler              
0000406d  ADC0Seq1_Handler              
0000406f  ADC0Seq2_Handler              
00004071  ADC0Seq3_Handler              
00004073  WDT_Handler                   
00004075  Timer0A_Handler               
00004077  Timer0B_Handler               
00004079  Timer1A_Handler               
0000407b  Timer1B_Handler               
0000407d  Timer2A_Handler               
0000407f  Timer2B_Handler               
00004081  Comp0_Handler                 
00004083  Comp1_Handler                 
00004085  Comp2_Handler                 
00004087  SysCtl_Handler                
00004089  FlashCtl_Handler              
0000408b  GPIOPortF_Handler             
0000408d  GPIOPortG_Handler             
0000408f  GPIOPortH_Handler             
00004091  UART2_Handler                 
00004093  SSI1_Handler                  
00004095  Timer3A_Handler               
00004097  Timer3B_Handler               
00004099  I2C1_Handler                  
0000409b  Quadrature1_Handler           
0000409d  CAN0_Handler                  
0000409f  CAN1_Handler                  
000040a1  CAN2_Handler                  
000040a3  Ethernet_Handler              
000040a5  Hibernate_Handler             
000040a7  USB0_Handler                  
000040a9  PWM0Generator3_Handler        
000040ab  uDMA_Handler                  
000040ad  uDMA_Error                    
000040af  ADC1Seq0_Handler              
000040b1  ADC1Seq1_Handler              
000040b3  ADC1Seq2_Handler              
000040b5  ADC1Seq3_Handler              
000040b7  I2S0_Handler                  
000040b9  ExtBus_Handler                
000040bb  GPIOPortJ_Handler             
000040bd  GPIOPortK_Handler             
000040bf  GPIOPortL_Handler             
000040c1  SSI2_Handler                  
000040c3  SSI3_Handler                  
000040c5  UART3_Handler                 
000040c7  UART4_Handler                 
000040c9  UART5_Handler                 
000040cb  UART6_Handler                 
000040cd  UART7_Handler                 
000040cf  I2C2_Handler                  
000040d1  I2C3_Handler                  
000040d3  Timer4A_Handler               
000040d5  Timer4B_Handler               
000040d7  Timer5A_Handler               
000040d9  Timer5B_Handler               
000040db  WideTimer0A_Handler           
000040dd  WideTimer0B_Handler           
000040df  WideTimer1A_Handler           
000040e1  WideTimer1B_Handler           
000040e3  WideTimer2A_Handler           
000040e5  WideTimer2B_Handler           
000040e7  WideTimer3A_Handler           
000040e9  WideTimer3B_Handler           
000040eb  WideTimer4A_Handler           
000040ed  WideTimer4B_Handler           
000040ef  WideTimer5A_Handler           
000040f1  WideTimer5B_Handler           
000040f3  FPU_Handler                   
000040f5  PECI0_Handler                 
000040f7  LPC0_Handler                  
000040f9  I2C4_Handler                  
000040fb  I2C5_Handler                  
000040fd  GPIOPortM_Handler             
000040ff  GPIOPortN_Handler             
00004101  Quadrature2_Handler           
00004103  Fan0_Handler                  
00004105  GPIOPortP_Handler             
00004107  GPIOPortP1_Handler            
00004109  GPIOPortP2_Handler            
0000410b  GPIOPortP3_Handler            
0000410d  GPIOPortP4_Handler            
0000410f  GPIOPortP5_Handler            
00004111  GPIOPortP6_Handler            
00004113  GPIOPortP7_Handler            
00004115  GPIOPortQ_Handler             
00004117  GPIOPortQ1_Handler            
00004119  GPIOPortQ2_Handler            
0000411b  GPIOPortQ3_Handler            
0000411d  GPIOPortQ4_Handler            
0000411f  GPIOPortQ5_Handler            
00004121  GPIOPortQ6_Handler            
00004123  GPIOPortQ7_Handler            
00004125  GPIOPortR_Handler             
00004127  GPIOPortS_Handler             
00004129  PWM1Generator0_Handler        
0000412b  PWM1Generator1_Handler        
0000412d  PWM1Generator2_Handler        
0000412f  PWM1Generator3_Handler        
00004131  PWM1Fault_Handler             
00004133  DisableInterrupts             
00004137  EnableInterrupts              
0000413b  StartCritical                 
00004143  EndCritical                   
00004149  WaitForInterrupt              
0000414d  SysCtlClockGet                
0000425d  SysCtlClockSet                
00004351  __aeabi_memcpy                
00004351  __aeabi_memcpy4               
00004351  __aeabi_memcpy8               
00004351  memcpy                        
000043ed  ADCSequenceStepConfigure      
00004469  IntEnable                     
000044d1  __TI_decompress_lzss          
00004539  TimerConfigure                
00004599  GPIOIntTypeSet                
000045ef  ADCSequenceConfigure          
0000468d  GPIOPinConfigure              
00004719  __TI_auto_init_nobinit_nopinit
0000475d  SSIConfigSetExpClk            
00004799  SysCtlPeripheralReady         
000047d1  IntRegister                   
00004805  SysCtlPeripheralEnable        
00004839  _c_int00_noargs               
0000486d  ADCIntStatus                  
0000489b  GPIODirModeSet                
000048c5  PWMGenConfigure               
000048e7  ADCSequenceDataGet            
00004905  PWMPulseWidthSet              
00004923  __TI_zero_init_nomemset       
0000493f  ADCProcessorTrigger           
00004957  GPIOIntRegister               
0000496f  GPIOPinTypeGPIOOutput         
00004987  TimerIntRegister              
000049a1  SysCtlPWMClockSet             
000049b5  GPIOPinTypeADC                
000049c7  GPIOPinTypeGPIOInput          
000049d9  GPIOPinTypePWM                
000049eb  GPIOPinTypeSSI                
000049fd  PWMOutputState                
00004a0f  TimerLoadSet                  
00004a21  PWMGenPeriodSet               
00004a31  ADCSequenceDisable            
00004a3f  ADCSequenceEnable             
00004a4d  TimerEnable                   
00004a5b  __TI_decompress_none          
00004a69  GPIOIntEnable                 
00004a75  PWMGenEnable                  
00004a81  ADCIntClear                   
00004a8b  SSIDataPut                    
00004a95  SSIEnable                     
00004a9f  TimerIntEnable                
00004aa7  GPIOIntClear                  
00004aad  GPIOPinRead                   
00004ab3  GPIOPinWrite                  
00004ab9  SysCtlDelay                   
00004abf  TimerClockSourceSet           
00004ac5  TimerIntClear                 
00004ac9  _system_pre_init              
00004acd  C$$EXIT                       
00004acd  abort                         
00004aec  __TI_Handler_Table_Base       
00004af8  __TI_Handler_Table_Limit      
00004b08  __TI_CINIT_Base               
00004b20  __TI_CINIT_Limit              
20000000  g_pfnRAMVectors               
20000270  __stack                       
20000470  Message                       
20000470  __STACK_END                   
20000470  __STACK_TOP                   
20000480  Messageindex                  
20000484  X                             
20000488  Ymax                          
2000048c  Ymin                          
20000490  Yrange                        
20000494  StX                           
20000498  StY                           
2000049c  StTextColor                   
200004a4  lastj                         
200004a8  happiness                     
200004ac  hunger                        
200004b0  gameState                     
200004b1  petState                      
200004b2  imageFrame                    
200004b8  _sys_memory                   
ffffffff  __TI_pprof_out_hndl           
ffffffff  __TI_prof_data_size           
ffffffff  __TI_prof_data_start          
ffffffff  __binit__                     
ffffffff  __c_args__                    
ffffffff  binit                         
UNDEFED   __mpu_init                    
UNDEFED   _system_post_cinit            

[279 symbols]
