<?xml version="1.0" encoding="ISO-8859-1" ?>
<link_info>
   <banner>TI ARM Linker PC v18.12.2.LTS</banner>
   <copyright>Copyright (c) 1996-2018 Texas Instruments Incorporated</copyright>
   <link_time>0x5d43569d</link_time>
   <link_errors>0x0</link_errors>
   <output_file>ST7735_4C123.out</output_file>
   <entry_point>
      <name>_c_int00_noargs</name>
      <address>0x7cad</address>
   </entry_point>
   <input_file_list>
      <input_file id="fl-2">
         <path>.\</path>
         <kind>object</kind>
         <file>Main.obj</file>
         <name>Main.obj</name>
      </input_file>
      <input_file id="fl-3">
         <path>.\</path>
         <kind>object</kind>
         <file>PLL.obj</file>
         <name>PLL.obj</name>
      </input_file>
      <input_file id="fl-4">
         <path>.\</path>
         <kind>object</kind>
         <file>ST7735.obj</file>
         <name>ST7735.obj</name>
      </input_file>
      <input_file id="fl-5">
         <path>.\</path>
         <kind>object</kind>
         <file>ST7735TestMain.obj</file>
         <name>ST7735TestMain.obj</name>
      </input_file>
      <input_file id="fl-6">
         <path>.\</path>
         <kind>object</kind>
         <file>functions.obj</file>
         <name>functions.obj</name>
      </input_file>
      <input_file id="fl-7">
         <path>.\</path>
         <kind>object</kind>
         <file>tm4c123gh6pm_startup_ccs.obj</file>
         <name>tm4c123gh6pm_startup_ccs.obj</name>
      </input_file>
      <input_file id="fl-c">
         <kind>object</kind>
         <file>&lt;internal&gt;</file>
         <name>&lt;internal&gt;</name>
      </input_file>
      <input_file id="fl-c2">
         <path>C:\ti\ccs910\ccs\tools\compiler\ti-cgt-arm_18.12.2.LTS\lib\</path>
         <kind>archive</kind>
         <file>rtsv7M4_T_le_v4SPD16_eabi.lib</file>
         <name>printf.c.obj</name>
      </input_file>
      <input_file id="fl-c3">
         <path>C:\ti\ccs910\ccs\tools\compiler\ti-cgt-arm_18.12.2.LTS\lib\</path>
         <kind>archive</kind>
         <file>rtsv7M4_T_le_v4SPD16_eabi.lib</file>
         <name>_printfi.c.obj</name>
      </input_file>
      <input_file id="fl-c4">
         <path>C:\ti\ccs910\ccs\tools\compiler\ti-cgt-arm_18.12.2.LTS\lib\</path>
         <kind>archive</kind>
         <file>rtsv7M4_T_le_v4SPD16_eabi.lib</file>
         <name>fputs.c.obj</name>
      </input_file>
      <input_file id="fl-c5">
         <path>C:\ti\ccs910\ccs\tools\compiler\ti-cgt-arm_18.12.2.LTS\lib\</path>
         <kind>archive</kind>
         <file>rtsv7M4_T_le_v4SPD16_eabi.lib</file>
         <name>_io_perm.c.obj</name>
      </input_file>
      <input_file id="fl-c6">
         <path>C:\ti\ccs910\ccs\tools\compiler\ti-cgt-arm_18.12.2.LTS\lib\</path>
         <kind>archive</kind>
         <file>rtsv7M4_T_le_v4SPD16_eabi.lib</file>
         <name>setvbuf.c.obj</name>
      </input_file>
      <input_file id="fl-c7">
         <path>C:\ti\ccs910\ccs\tools\compiler\ti-cgt-arm_18.12.2.LTS\lib\</path>
         <kind>archive</kind>
         <file>rtsv7M4_T_le_v4SPD16_eabi.lib</file>
         <name>s_frexp.c.obj</name>
      </input_file>
      <input_file id="fl-c8">
         <path>C:\ti\ccs910\ccs\tools\compiler\ti-cgt-arm_18.12.2.LTS\lib\</path>
         <kind>archive</kind>
         <file>rtsv7M4_T_le_v4SPD16_eabi.lib</file>
         <name>s_scalbn.c.obj</name>
      </input_file>
      <input_file id="fl-c9">
         <path>C:\ti\ccs910\ccs\tools\compiler\ti-cgt-arm_18.12.2.LTS\lib\</path>
         <kind>archive</kind>
         <file>rtsv7M4_T_le_v4SPD16_eabi.lib</file>
         <name>ull_div_t2.asm.obj</name>
      </input_file>
      <input_file id="fl-ca">
         <path>C:\ti\ccs910\ccs\tools\compiler\ti-cgt-arm_18.12.2.LTS\lib\</path>
         <kind>archive</kind>
         <file>rtsv7M4_T_le_v4SPD16_eabi.lib</file>
         <name>memset_t2.asm.obj</name>
      </input_file>
      <input_file id="fl-cb">
         <path>C:\ti\ccs910\ccs\tools\compiler\ti-cgt-arm_18.12.2.LTS\lib\</path>
         <kind>archive</kind>
         <file>rtsv7M4_T_le_v4SPD16_eabi.lib</file>
         <name>fd_add_t2.asm.obj</name>
      </input_file>
      <input_file id="fl-cc">
         <path>C:\ti\ccs910\ccs\tools\compiler\ti-cgt-arm_18.12.2.LTS\lib\</path>
         <kind>archive</kind>
         <file>rtsv7M4_T_le_v4SPD16_eabi.lib</file>
         <name>fd_cmp_t2.asm.obj</name>
      </input_file>
      <input_file id="fl-cd">
         <path>C:\ti\ccs910\ccs\tools\compiler\ti-cgt-arm_18.12.2.LTS\lib\</path>
         <kind>archive</kind>
         <file>rtsv7M4_T_le_v4SPD16_eabi.lib</file>
         <name>fd_div_t2.asm.obj</name>
      </input_file>
      <input_file id="fl-ce">
         <path>C:\ti\ccs910\ccs\tools\compiler\ti-cgt-arm_18.12.2.LTS\lib\</path>
         <kind>archive</kind>
         <file>rtsv7M4_T_le_v4SPD16_eabi.lib</file>
         <name>fd_mul_t2.asm.obj</name>
      </input_file>
      <input_file id="fl-cf">
         <path>C:\ti\ccs910\ccs\tools\compiler\ti-cgt-arm_18.12.2.LTS\lib\</path>
         <kind>archive</kind>
         <file>rtsv7M4_T_le_v4SPD16_eabi.lib</file>
         <name>fd_toi_t2.asm.obj</name>
      </input_file>
      <input_file id="fl-d0">
         <path>C:\ti\ccs910\ccs\tools\compiler\ti-cgt-arm_18.12.2.LTS\lib\</path>
         <kind>archive</kind>
         <file>rtsv7M4_T_le_v4SPD16_eabi.lib</file>
         <name>fs_tod_t2.asm.obj</name>
      </input_file>
      <input_file id="fl-d1">
         <path>C:\ti\ccs910\ccs\tools\compiler\ti-cgt-arm_18.12.2.LTS\lib\</path>
         <kind>archive</kind>
         <file>rtsv7M4_T_le_v4SPD16_eabi.lib</file>
         <name>i_tofd_t2.asm.obj</name>
      </input_file>
      <input_file id="fl-d2">
         <path>C:\ti\ccs910\ccs\tools\compiler\ti-cgt-arm_18.12.2.LTS\lib\</path>
         <kind>archive</kind>
         <file>rtsv7M4_T_le_v4SPD16_eabi.lib</file>
         <name>memcpy_t2.asm.obj</name>
      </input_file>
      <input_file id="fl-d3">
         <path>C:\ti\ccs910\ccs\tools\compiler\ti-cgt-arm_18.12.2.LTS\lib\</path>
         <kind>archive</kind>
         <file>rtsv7M4_T_le_v4SPD16_eabi.lib</file>
         <name>copy_zero_init.c.obj</name>
      </input_file>
      <input_file id="fl-d4">
         <path>C:\ti\ccs910\ccs\tools\compiler\ti-cgt-arm_18.12.2.LTS\lib\</path>
         <kind>archive</kind>
         <file>rtsv7M4_T_le_v4SPD16_eabi.lib</file>
         <name>copy_decompress_none.c.obj</name>
      </input_file>
      <input_file id="fl-d5">
         <path>C:\ti\ccs910\ccs\tools\compiler\ti-cgt-arm_18.12.2.LTS\lib\</path>
         <kind>archive</kind>
         <file>rtsv7M4_T_le_v4SPD16_eabi.lib</file>
         <name>copy_decompress_lzss.c.obj</name>
      </input_file>
      <input_file id="fl-d6">
         <path>C:\ti\ccs910\ccs\tools\compiler\ti-cgt-arm_18.12.2.LTS\lib\</path>
         <kind>archive</kind>
         <file>rtsv7M4_T_le_v4SPD16_eabi.lib</file>
         <name>exit.c.obj</name>
      </input_file>
      <input_file id="fl-d7">
         <path>C:\ti\ccs910\ccs\tools\compiler\ti-cgt-arm_18.12.2.LTS\lib\</path>
         <kind>archive</kind>
         <file>rtsv7M4_T_le_v4SPD16_eabi.lib</file>
         <name>_lock.c.obj</name>
      </input_file>
      <input_file id="fl-d8">
         <path>C:\ti\ccs910\ccs\tools\compiler\ti-cgt-arm_18.12.2.LTS\lib\</path>
         <kind>archive</kind>
         <file>rtsv7M4_T_le_v4SPD16_eabi.lib</file>
         <name>atoi.c.obj</name>
      </input_file>
      <input_file id="fl-d9">
         <path>C:\ti\ccs910\ccs\tools\compiler\ti-cgt-arm_18.12.2.LTS\lib\</path>
         <kind>archive</kind>
         <file>rtsv7M4_T_le_v4SPD16_eabi.lib</file>
         <name>ctype.c.obj</name>
      </input_file>
      <input_file id="fl-da">
         <path>C:\ti\ccs910\ccs\tools\compiler\ti-cgt-arm_18.12.2.LTS\lib\</path>
         <kind>archive</kind>
         <file>rtsv7M4_T_le_v4SPD16_eabi.lib</file>
         <name>defs.c.obj</name>
      </input_file>
      <input_file id="fl-db">
         <path>C:\ti\ccs910\ccs\tools\compiler\ti-cgt-arm_18.12.2.LTS\lib\</path>
         <kind>archive</kind>
         <file>rtsv7M4_T_le_v4SPD16_eabi.lib</file>
         <name>ltoa.c.obj</name>
      </input_file>
      <input_file id="fl-dc">
         <path>C:\ti\ccs910\ccs\tools\compiler\ti-cgt-arm_18.12.2.LTS\lib\</path>
         <kind>archive</kind>
         <file>rtsv7M4_T_le_v4SPD16_eabi.lib</file>
         <name>memccpy.c.obj</name>
      </input_file>
      <input_file id="fl-dd">
         <path>C:\ti\ccs910\ccs\tools\compiler\ti-cgt-arm_18.12.2.LTS\lib\</path>
         <kind>archive</kind>
         <file>rtsv7M4_T_le_v4SPD16_eabi.lib</file>
         <name>memchr.c.obj</name>
      </input_file>
      <input_file id="fl-de">
         <path>C:\ti\ccs910\ccs\tools\compiler\ti-cgt-arm_18.12.2.LTS\lib\</path>
         <kind>archive</kind>
         <file>rtsv7M4_T_le_v4SPD16_eabi.lib</file>
         <name>memory.c.obj</name>
      </input_file>
      <input_file id="fl-df">
         <path>C:\ti\ccs910\ccs\tools\compiler\ti-cgt-arm_18.12.2.LTS\lib\</path>
         <kind>archive</kind>
         <file>rtsv7M4_T_le_v4SPD16_eabi.lib</file>
         <name>strchr.c.obj</name>
      </input_file>
      <input_file id="fl-e0">
         <path>C:\ti\ccs910\ccs\tools\compiler\ti-cgt-arm_18.12.2.LTS\lib\</path>
         <kind>archive</kind>
         <file>rtsv7M4_T_le_v4SPD16_eabi.lib</file>
         <name>strlen.c.obj</name>
      </input_file>
      <input_file id="fl-e1">
         <path>C:\ti\ccs910\ccs\tools\compiler\ti-cgt-arm_18.12.2.LTS\lib\</path>
         <kind>archive</kind>
         <file>rtsv7M4_T_le_v4SPD16_eabi.lib</file>
         <name>write.c.obj</name>
      </input_file>
      <input_file id="fl-e2">
         <path>C:\ti\ccs910\ccs\tools\compiler\ti-cgt-arm_18.12.2.LTS\lib\</path>
         <kind>archive</kind>
         <file>rtsv7M4_T_le_v4SPD16_eabi.lib</file>
         <name>host_device.c.obj</name>
      </input_file>
      <input_file id="fl-e3">
         <path>C:\ti\ccs910\ccs\tools\compiler\ti-cgt-arm_18.12.2.LTS\lib\</path>
         <kind>archive</kind>
         <file>rtsv7M4_T_le_v4SPD16_eabi.lib</file>
         <name>boot_cortex_m.c.obj</name>
      </input_file>
      <input_file id="fl-e4">
         <path>C:\ti\ccs910\ccs\tools\compiler\ti-cgt-arm_18.12.2.LTS\lib\</path>
         <kind>archive</kind>
         <file>rtsv7M4_T_le_v4SPD16_eabi.lib</file>
         <name>errno.c.obj</name>
      </input_file>
      <input_file id="fl-e5">
         <path>C:\ti\ccs910\ccs\tools\compiler\ti-cgt-arm_18.12.2.LTS\lib\</path>
         <kind>archive</kind>
         <file>rtsv7M4_T_le_v4SPD16_eabi.lib</file>
         <name>wcslen.c.obj</name>
      </input_file>
      <input_file id="fl-e6">
         <path>C:\ti\ccs910\ccs\tools\compiler\ti-cgt-arm_18.12.2.LTS\lib\</path>
         <kind>archive</kind>
         <file>rtsv7M4_T_le_v4SPD16_eabi.lib</file>
         <name>s_copysign.c.obj</name>
      </input_file>
      <input_file id="fl-e7">
         <path>C:\ti\ccs910\ccs\tools\compiler\ti-cgt-arm_18.12.2.LTS\lib\</path>
         <kind>archive</kind>
         <file>rtsv7M4_T_le_v4SPD16_eabi.lib</file>
         <name>fflush.c.obj</name>
      </input_file>
      <input_file id="fl-e8">
         <path>C:\ti\ccs910\ccs\tools\compiler\ti-cgt-arm_18.12.2.LTS\lib\</path>
         <kind>archive</kind>
         <file>rtsv7M4_T_le_v4SPD16_eabi.lib</file>
         <name>fopen.c.obj</name>
      </input_file>
      <input_file id="fl-e9">
         <path>C:\ti\ccs910\ccs\tools\compiler\ti-cgt-arm_18.12.2.LTS\lib\</path>
         <kind>archive</kind>
         <file>rtsv7M4_T_le_v4SPD16_eabi.lib</file>
         <name>fseek.c.obj</name>
      </input_file>
      <input_file id="fl-ea">
         <path>C:\ti\ccs910\ccs\tools\compiler\ti-cgt-arm_18.12.2.LTS\lib\</path>
         <kind>archive</kind>
         <file>rtsv7M4_T_le_v4SPD16_eabi.lib</file>
         <name>div0.asm.obj</name>
      </input_file>
      <input_file id="fl-eb">
         <path>C:\ti\ccs910\ccs\tools\compiler\ti-cgt-arm_18.12.2.LTS\lib\</path>
         <kind>archive</kind>
         <file>rtsv7M4_T_le_v4SPD16_eabi.lib</file>
         <name>autoinit.c.obj</name>
      </input_file>
      <input_file id="fl-ec">
         <path>C:\ti\ccs910\ccs\tools\compiler\ti-cgt-arm_18.12.2.LTS\lib\</path>
         <kind>archive</kind>
         <file>rtsv7M4_T_le_v4SPD16_eabi.lib</file>
         <name>pre_init.c.obj</name>
      </input_file>
      <input_file id="fl-ed">
         <path>C:\ti\ccs910\ccs\tools\compiler\ti-cgt-arm_18.12.2.LTS\lib\</path>
         <kind>archive</kind>
         <file>rtsv7M4_T_le_v4SPD16_eabi.lib</file>
         <name>cpy_tbl.c.obj</name>
      </input_file>
      <input_file id="fl-ee">
         <path>C:\ti\ccs910\ccs\tools\compiler\ti-cgt-arm_18.12.2.LTS\lib\</path>
         <kind>archive</kind>
         <file>rtsv7M4_T_le_v4SPD16_eabi.lib</file>
         <name>args_main.c.obj</name>
      </input_file>
      <input_file id="fl-ef">
         <path>C:\ti\ccs910\ccs\tools\compiler\ti-cgt-arm_18.12.2.LTS\lib\</path>
         <kind>archive</kind>
         <file>rtsv7M4_T_le_v4SPD16_eabi.lib</file>
         <name>hostclose.c.obj</name>
      </input_file>
      <input_file id="fl-f0">
         <path>C:\ti\ccs910\ccs\tools\compiler\ti-cgt-arm_18.12.2.LTS\lib\</path>
         <kind>archive</kind>
         <file>rtsv7M4_T_le_v4SPD16_eabi.lib</file>
         <name>hostlseek.c.obj</name>
      </input_file>
      <input_file id="fl-f1">
         <path>C:\ti\ccs910\ccs\tools\compiler\ti-cgt-arm_18.12.2.LTS\lib\</path>
         <kind>archive</kind>
         <file>rtsv7M4_T_le_v4SPD16_eabi.lib</file>
         <name>hostopen.c.obj</name>
      </input_file>
      <input_file id="fl-f2">
         <path>C:\ti\ccs910\ccs\tools\compiler\ti-cgt-arm_18.12.2.LTS\lib\</path>
         <kind>archive</kind>
         <file>rtsv7M4_T_le_v4SPD16_eabi.lib</file>
         <name>hostread.c.obj</name>
      </input_file>
      <input_file id="fl-f3">
         <path>C:\ti\ccs910\ccs\tools\compiler\ti-cgt-arm_18.12.2.LTS\lib\</path>
         <kind>archive</kind>
         <file>rtsv7M4_T_le_v4SPD16_eabi.lib</file>
         <name>hostrename.c.obj</name>
      </input_file>
      <input_file id="fl-f4">
         <path>C:\ti\ccs910\ccs\tools\compiler\ti-cgt-arm_18.12.2.LTS\lib\</path>
         <kind>archive</kind>
         <file>rtsv7M4_T_le_v4SPD16_eabi.lib</file>
         <name>hostunlink.c.obj</name>
      </input_file>
      <input_file id="fl-f5">
         <path>C:\ti\ccs910\ccs\tools\compiler\ti-cgt-arm_18.12.2.LTS\lib\</path>
         <kind>archive</kind>
         <file>rtsv7M4_T_le_v4SPD16_eabi.lib</file>
         <name>hostwrite.c.obj</name>
      </input_file>
      <input_file id="fl-f6">
         <path>C:\ti\ccs910\ccs\tools\compiler\ti-cgt-arm_18.12.2.LTS\lib\</path>
         <kind>archive</kind>
         <file>rtsv7M4_T_le_v4SPD16_eabi.lib</file>
         <name>trgmsg.c.obj</name>
      </input_file>
      <input_file id="fl-f7">
         <path>C:\ti\ccs910\ccs\tools\compiler\ti-cgt-arm_18.12.2.LTS\lib\</path>
         <kind>archive</kind>
         <file>rtsv7M4_T_le_v4SPD16_eabi.lib</file>
         <name>open.c.obj</name>
      </input_file>
      <input_file id="fl-f8">
         <path>C:\ti\ccs910\ccs\tools\compiler\ti-cgt-arm_18.12.2.LTS\lib\</path>
         <kind>archive</kind>
         <file>rtsv7M4_T_le_v4SPD16_eabi.lib</file>
         <name>lseek.c.obj</name>
      </input_file>
      <input_file id="fl-f9">
         <path>C:\ti\ccs910\ccs\tools\compiler\ti-cgt-arm_18.12.2.LTS\lib\</path>
         <kind>archive</kind>
         <file>rtsv7M4_T_le_v4SPD16_eabi.lib</file>
         <name>fclose.c.obj</name>
      </input_file>
      <input_file id="fl-fa">
         <path>C:\ti\ccs910\ccs\tools\compiler\ti-cgt-arm_18.12.2.LTS\lib\</path>
         <kind>archive</kind>
         <file>rtsv7M4_T_le_v4SPD16_eabi.lib</file>
         <name>getdevice.c.obj</name>
      </input_file>
      <input_file id="fl-fb">
         <path>C:\ti\ccs910\ccs\tools\compiler\ti-cgt-arm_18.12.2.LTS\lib\</path>
         <kind>archive</kind>
         <file>rtsv7M4_T_le_v4SPD16_eabi.lib</file>
         <name>strcmp.c.obj</name>
      </input_file>
      <input_file id="fl-fc">
         <path>C:\ti\ccs910\ccs\tools\compiler\ti-cgt-arm_18.12.2.LTS\lib\</path>
         <kind>archive</kind>
         <file>rtsv7M4_T_le_v4SPD16_eabi.lib</file>
         <name>strcpy.c.obj</name>
      </input_file>
      <input_file id="fl-fd">
         <path>C:\ti\ccs910\ccs\tools\compiler\ti-cgt-arm_18.12.2.LTS\lib\</path>
         <kind>archive</kind>
         <file>rtsv7M4_T_le_v4SPD16_eabi.lib</file>
         <name>strncpy.c.obj</name>
      </input_file>
      <input_file id="fl-fe">
         <path>C:\ti\ccs910\ccs\tools\compiler\ti-cgt-arm_18.12.2.LTS\lib\</path>
         <kind>archive</kind>
         <file>rtsv7M4_T_le_v4SPD16_eabi.lib</file>
         <name>remove.c.obj</name>
      </input_file>
      <input_file id="fl-ff">
         <path>C:\ti\ccs910\ccs\tools\compiler\ti-cgt-arm_18.12.2.LTS\lib\</path>
         <kind>archive</kind>
         <file>rtsv7M4_T_le_v4SPD16_eabi.lib</file>
         <name>close.c.obj</name>
      </input_file>
      <input_file id="fl-100">
         <path>C:\ti\ccs910\ccs\tools\compiler\ti-cgt-arm_18.12.2.LTS\lib\</path>
         <kind>archive</kind>
         <file>rtsv7M4_T_le_v4SPD16_eabi.lib</file>
         <name>unlink.c.obj</name>
      </input_file>
      <input_file id="fl-101">
         <path>C:\ti\TivaWare_C_Series-2.1.4.178\driverlib\ccs\Debug\</path>
         <kind>archive</kind>
         <file>driverlib.lib</file>
         <name>adc.obj</name>
      </input_file>
      <input_file id="fl-102">
         <path>C:\ti\TivaWare_C_Series-2.1.4.178\driverlib\ccs\Debug\</path>
         <kind>archive</kind>
         <file>driverlib.lib</file>
         <name>gpio.obj</name>
      </input_file>
      <input_file id="fl-103">
         <path>C:\ti\TivaWare_C_Series-2.1.4.178\driverlib\ccs\Debug\</path>
         <kind>archive</kind>
         <file>driverlib.lib</file>
         <name>interrupt.obj</name>
      </input_file>
      <input_file id="fl-104">
         <path>C:\ti\TivaWare_C_Series-2.1.4.178\driverlib\ccs\Debug\</path>
         <kind>archive</kind>
         <file>driverlib.lib</file>
         <name>pwm.obj</name>
      </input_file>
      <input_file id="fl-105">
         <path>C:\ti\TivaWare_C_Series-2.1.4.178\driverlib\ccs\Debug\</path>
         <kind>archive</kind>
         <file>driverlib.lib</file>
         <name>ssi.obj</name>
      </input_file>
      <input_file id="fl-106">
         <path>C:\ti\TivaWare_C_Series-2.1.4.178\driverlib\ccs\Debug\</path>
         <kind>archive</kind>
         <file>driverlib.lib</file>
         <name>sysctl.obj</name>
      </input_file>
      <input_file id="fl-107">
         <path>C:\ti\TivaWare_C_Series-2.1.4.178\driverlib\ccs\Debug\</path>
         <kind>archive</kind>
         <file>driverlib.lib</file>
         <name>timer.obj</name>
      </input_file>
      <input_file id="fl-108">
         <path>C:\ti\TivaWare_C_Series-2.1.4.178\driverlib\ccs\Debug\</path>
         <kind>archive</kind>
         <file>driverlib.lib</file>
         <name>cpu.obj</name>
      </input_file>
   </input_file_list>
   <object_component_list>
      <object_component id="oc-f">
         <name>.intvecs</name>
         <load_address>0x0</load_address>
         <run_address>0x0</run_address>
         <size>0x26c</size>
         <input_file_ref idref="fl-7"/>
      </object_component>
      <object_component id="oc-d8">
         <name>.text</name>
         <load_address>0x5a74</load_address>
         <run_address>0x5a74</run_address>
         <size>0x1348</size>
         <input_file_ref idref="fl-4"/>
      </object_component>
      <object_component id="oc-9f">
         <name>.text</name>
         <load_address>0x6dbc</load_address>
         <run_address>0x6dbc</run_address>
         <size>0x3e0</size>
         <input_file_ref idref="fl-2"/>
      </object_component>
      <object_component id="oc-f7">
         <name>.text</name>
         <load_address>0x719c</load_address>
         <run_address>0x719c</run_address>
         <size>0x1e0</size>
         <input_file_ref idref="fl-6"/>
      </object_component>
      <object_component id="oc-1f1">
         <name>.text:GPIOPadConfigSet</name>
         <load_address>0x737c</load_address>
         <run_address>0x737c</run_address>
         <size>0x132</size>
         <input_file_ref idref="fl-102"/>
      </object_component>
      <object_component id="oc-27">
         <name>.text</name>
         <load_address>0x74ae</load_address>
         <run_address>0x74ae</run_address>
         <size>0x112</size>
         <input_file_ref idref="fl-7"/>
      </object_component>
      <object_component id="oc-173">
         <name>.text:SysCtlClockGet</name>
         <load_address>0x75c0</load_address>
         <run_address>0x75c0</run_address>
         <size>0x110</size>
         <input_file_ref idref="fl-106"/>
      </object_component>
      <object_component id="oc-f1">
         <name>.text:SysCtlClockSet</name>
         <load_address>0x76d0</load_address>
         <run_address>0x76d0</run_address>
         <size>0xf4</size>
         <input_file_ref idref="fl-106"/>
      </object_component>
      <object_component id="oc-3b">
         <name>.text</name>
         <load_address>0x77c4</load_address>
         <run_address>0x77c4</run_address>
         <size>0x9c</size>
         <input_file_ref idref="fl-d2"/>
      </object_component>
      <object_component id="oc-245">
         <name>.text:ADCSequenceStepConfigure</name>
         <load_address>0x7860</load_address>
         <run_address>0x7860</run_address>
         <size>0x7a</size>
         <input_file_ref idref="fl-101"/>
      </object_component>
      <object_component id="oc-2db">
         <name>.text:IntEnable</name>
         <load_address>0x78dc</load_address>
         <run_address>0x78dc</run_address>
         <size>0x68</size>
         <input_file_ref idref="fl-103"/>
      </object_component>
      <object_component id="oc-12">
         <name>.text:decompress:lzss:__TI_decompress_lzss</name>
         <load_address>0x7944</load_address>
         <run_address>0x7944</run_address>
         <size>0x68</size>
         <input_file_ref idref="fl-d5"/>
      </object_component>
      <object_component id="oc-1d3">
         <name>.text:TimerConfigure</name>
         <load_address>0x79ac</load_address>
         <run_address>0x79ac</run_address>
         <size>0x60</size>
         <input_file_ref idref="fl-107"/>
      </object_component>
      <object_component id="oc-1f7">
         <name>.text:GPIOIntTypeSet</name>
         <load_address>0x7a0c</load_address>
         <run_address>0x7a0c</run_address>
         <size>0x56</size>
         <input_file_ref idref="fl-102"/>
      </object_component>
      <object_component id="oc-23f">
         <name>.text:ADCSequenceConfigure</name>
         <load_address>0x7a62</load_address>
         <run_address>0x7a62</run_address>
         <size>0x50</size>
         <input_file_ref idref="fl-101"/>
      </object_component>
      <object_component id="oc-2cf">
         <name>.text:_TimerIntNumberGet</name>
         <load_address>0x7ab4</load_address>
         <run_address>0x7ab4</run_address>
         <size>0x4c</size>
         <input_file_ref idref="fl-107"/>
      </object_component>
      <object_component id="oc-179">
         <name>.text:GPIOPinConfigure</name>
         <load_address>0x7b00</load_address>
         <run_address>0x7b00</run_address>
         <size>0x48</size>
         <input_file_ref idref="fl-102"/>
      </object_component>
      <object_component id="oc-2e6">
         <name>.text:_GPIOIntNumberGet</name>
         <load_address>0x7b48</load_address>
         <run_address>0x7b48</run_address>
         <size>0x44</size>
         <input_file_ref idref="fl-102"/>
      </object_component>
      <object_component id="oc-12e">
         <name>.text:__TI_auto_init_nobinit_nopinit:__TI_auto_init_nobinit_nopinit</name>
         <load_address>0x7b8c</load_address>
         <run_address>0x7b8c</run_address>
         <size>0x44</size>
         <input_file_ref idref="fl-eb"/>
      </object_component>
      <object_component id="oc-251">
         <name>.text:SSIConfigSetExpClk</name>
         <load_address>0x7bd0</load_address>
         <run_address>0x7bd0</run_address>
         <size>0x3c</size>
         <input_file_ref idref="fl-105"/>
      </object_component>
      <object_component id="oc-1bb">
         <name>.text:SysCtlPeripheralReady</name>
         <load_address>0x7c0c</load_address>
         <run_address>0x7c0c</run_address>
         <size>0x38</size>
         <input_file_ref idref="fl-106"/>
      </object_component>
      <object_component id="oc-2d5">
         <name>.text:IntRegister</name>
         <load_address>0x7c44</load_address>
         <run_address>0x7c44</run_address>
         <size>0x34</size>
         <input_file_ref idref="fl-103"/>
      </object_component>
      <object_component id="oc-1b5">
         <name>.text:SysCtlPeripheralEnable</name>
         <load_address>0x7c78</load_address>
         <run_address>0x7c78</run_address>
         <size>0x34</size>
         <input_file_ref idref="fl-106"/>
      </object_component>
      <object_component id="oc-59">
         <name>.text:_c_int00_noargs:_c_int00_noargs</name>
         <load_address>0x7cac</load_address>
         <run_address>0x7cac</run_address>
         <size>0x34</size>
         <input_file_ref idref="fl-e3"/>
      </object_component>
      <object_component id="oc-fd">
         <name>.text:ADCIntStatus</name>
         <load_address>0x7ce0</load_address>
         <run_address>0x7ce0</run_address>
         <size>0x2e</size>
         <input_file_ref idref="fl-101"/>
      </object_component>
      <object_component id="oc-29d">
         <name>.text:GPIODirModeSet</name>
         <load_address>0x7d0e</load_address>
         <run_address>0x7d0e</run_address>
         <size>0x2a</size>
         <input_file_ref idref="fl-102"/>
      </object_component>
      <object_component id="oc-215">
         <name>.text:PWMGenConfigure</name>
         <load_address>0x7d38</load_address>
         <run_address>0x7d38</run_address>
         <size>0x22</size>
         <input_file_ref idref="fl-104"/>
      </object_component>
      <object_component id="oc-109">
         <name>.text:ADCSequenceDataGet</name>
         <load_address>0x7d5a</load_address>
         <run_address>0x7d5a</run_address>
         <size>0x1e</size>
         <input_file_ref idref="fl-101"/>
      </object_component>
      <object_component id="oc-221">
         <name>.text:PWMPulseWidthSet</name>
         <load_address>0x7d78</load_address>
         <run_address>0x7d78</run_address>
         <size>0x1e</size>
         <input_file_ref idref="fl-104"/>
      </object_component>
      <object_component id="oc-47">
         <name>.text:decompress:ZI:__TI_zero_init_nomemset:__TI_zero_init_nomemset</name>
         <load_address>0x7d96</load_address>
         <run_address>0x7d96</run_address>
         <size>0x1c</size>
         <input_file_ref idref="fl-d3"/>
      </object_component>
      <object_component id="oc-10f">
         <name>.text:ADCProcessorTrigger</name>
         <load_address>0x7db2</load_address>
         <run_address>0x7db2</run_address>
         <size>0x18</size>
         <input_file_ref idref="fl-101"/>
      </object_component>
      <object_component id="oc-1fd">
         <name>.text:GPIOIntRegister</name>
         <load_address>0x7dca</load_address>
         <run_address>0x7dca</run_address>
         <size>0x18</size>
         <input_file_ref idref="fl-102"/>
      </object_component>
      <object_component id="oc-1c7">
         <name>.text:GPIOPinTypeGPIOOutput</name>
         <load_address>0x7de2</load_address>
         <run_address>0x7de2</run_address>
         <size>0x18</size>
         <input_file_ref idref="fl-102"/>
      </object_component>
      <object_component id="oc-1df">
         <name>.text:TimerIntRegister</name>
         <load_address>0x7dfa</load_address>
         <run_address>0x7dfa</run_address>
         <size>0x18</size>
         <input_file_ref idref="fl-107"/>
      </object_component>
      <object_component id="oc-209">
         <name>.text:SysCtlPWMClockSet</name>
         <load_address>0x7e14</load_address>
         <run_address>0x7e14</run_address>
         <size>0x14</size>
         <input_file_ref idref="fl-106"/>
      </object_component>
      <object_component id="oc-233">
         <name>.text:GPIOPinTypeADC</name>
         <load_address>0x7e28</load_address>
         <run_address>0x7e28</run_address>
         <size>0x12</size>
         <input_file_ref idref="fl-102"/>
      </object_component>
      <object_component id="oc-1c1">
         <name>.text:GPIOPinTypeGPIOInput</name>
         <load_address>0x7e3a</load_address>
         <run_address>0x7e3a</run_address>
         <size>0x12</size>
         <input_file_ref idref="fl-102"/>
      </object_component>
      <object_component id="oc-20f">
         <name>.text:GPIOPinTypePWM</name>
         <load_address>0x7e4c</load_address>
         <run_address>0x7e4c</run_address>
         <size>0x12</size>
         <input_file_ref idref="fl-102"/>
      </object_component>
      <object_component id="oc-17f">
         <name>.text:GPIOPinTypeSSI</name>
         <load_address>0x7e5e</load_address>
         <run_address>0x7e5e</run_address>
         <size>0x12</size>
         <input_file_ref idref="fl-102"/>
      </object_component>
      <object_component id="oc-22d">
         <name>.text:PWMOutputState</name>
         <load_address>0x7e70</load_address>
         <run_address>0x7e70</run_address>
         <size>0x12</size>
         <input_file_ref idref="fl-104"/>
      </object_component>
      <object_component id="oc-1d9">
         <name>.text:TimerLoadSet</name>
         <load_address>0x7e82</load_address>
         <run_address>0x7e82</run_address>
         <size>0x12</size>
         <input_file_ref idref="fl-107"/>
      </object_component>
      <object_component id="oc-21b">
         <name>.text:PWMGenPeriodSet</name>
         <load_address>0x7e94</load_address>
         <run_address>0x7e94</run_address>
         <size>0x10</size>
         <input_file_ref idref="fl-104"/>
      </object_component>
      <object_component id="oc-239">
         <name>.text:ADCSequenceDisable</name>
         <load_address>0x7ea4</load_address>
         <run_address>0x7ea4</run_address>
         <size>0xe</size>
         <input_file_ref idref="fl-101"/>
      </object_component>
      <object_component id="oc-24b">
         <name>.text:ADCSequenceEnable</name>
         <load_address>0x7eb2</load_address>
         <run_address>0x7eb2</run_address>
         <size>0xe</size>
         <input_file_ref idref="fl-101"/>
      </object_component>
      <object_component id="oc-1eb">
         <name>.text:TimerEnable</name>
         <load_address>0x7ec0</load_address>
         <run_address>0x7ec0</run_address>
         <size>0xe</size>
         <input_file_ref idref="fl-107"/>
      </object_component>
      <object_component id="oc-18">
         <name>.text:decompress:none:__TI_decompress_none</name>
         <load_address>0x7ece</load_address>
         <run_address>0x7ece</run_address>
         <size>0xe</size>
         <input_file_ref idref="fl-d4"/>
      </object_component>
      <object_component id="oc-203">
         <name>.text:GPIOIntEnable</name>
         <load_address>0x7edc</load_address>
         <run_address>0x7edc</run_address>
         <size>0xc</size>
         <input_file_ref idref="fl-102"/>
      </object_component>
      <object_component id="oc-227">
         <name>.text:PWMGenEnable</name>
         <load_address>0x7ee8</load_address>
         <run_address>0x7ee8</run_address>
         <size>0xc</size>
         <input_file_ref idref="fl-104"/>
      </object_component>
      <object_component id="oc-103">
         <name>.text:ADCIntClear</name>
         <load_address>0x7ef4</load_address>
         <run_address>0x7ef4</run_address>
         <size>0xa</size>
         <input_file_ref idref="fl-101"/>
      </object_component>
      <object_component id="oc-16d">
         <name>.text:SSIDataPut</name>
         <load_address>0x7efe</load_address>
         <run_address>0x7efe</run_address>
         <size>0xa</size>
         <input_file_ref idref="fl-105"/>
      </object_component>
      <object_component id="oc-257">
         <name>.text:SSIEnable</name>
         <load_address>0x7f08</load_address>
         <run_address>0x7f08</run_address>
         <size>0xa</size>
         <input_file_ref idref="fl-105"/>
      </object_component>
      <object_component id="oc-1e5">
         <name>.text:TimerIntEnable</name>
         <load_address>0x7f12</load_address>
         <run_address>0x7f12</run_address>
         <size>0x8</size>
         <input_file_ref idref="fl-107"/>
      </object_component>
      <object_component id="oc-eb">
         <name>.text:GPIOIntClear</name>
         <load_address>0x7f1a</load_address>
         <run_address>0x7f1a</run_address>
         <size>0x6</size>
         <input_file_ref idref="fl-102"/>
      </object_component>
      <object_component id="oc-e5">
         <name>.text:GPIOPinRead</name>
         <load_address>0x7f20</load_address>
         <run_address>0x7f20</run_address>
         <size>0x6</size>
         <input_file_ref idref="fl-102"/>
      </object_component>
      <object_component id="oc-167">
         <name>.text:GPIOPinWrite</name>
         <load_address>0x7f26</load_address>
         <run_address>0x7f26</run_address>
         <size>0x6</size>
         <input_file_ref idref="fl-102"/>
      </object_component>
      <object_component id="oc-e4">
         <name>.text:SysCtlDelay</name>
         <load_address>0x7f2c</load_address>
         <run_address>0x7f2c</run_address>
         <size>0x6</size>
         <input_file_ref idref="fl-106"/>
      </object_component>
      <object_component id="oc-1cd">
         <name>.text:TimerClockSourceSet</name>
         <load_address>0x7f32</load_address>
         <run_address>0x7f32</run_address>
         <size>0x6</size>
         <input_file_ref idref="fl-107"/>
      </object_component>
      <object_component id="oc-de">
         <name>.text:TimerIntClear</name>
         <load_address>0x7f38</load_address>
         <run_address>0x7f38</run_address>
         <size>0x4</size>
         <input_file_ref idref="fl-107"/>
      </object_component>
      <object_component id="oc-99">
         <name>.text:_system_pre_init</name>
         <load_address>0x7f3c</load_address>
         <run_address>0x7f3c</run_address>
         <size>0x4</size>
         <input_file_ref idref="fl-ec"/>
      </object_component>
      <object_component id="oc-122">
         <name>.text:abort:abort</name>
         <load_address>0x7f40</load_address>
         <run_address>0x7f40</run_address>
         <size>0x4</size>
         <input_file_ref idref="fl-d6"/>
      </object_component>
      <object_component id="oc-115">
         <name>.const:ROCK_DEAD</name>
         <load_address>0x26c</load_address>
         <run_address>0x26c</run_address>
         <size>0x1980</size>
         <input_file_ref idref="fl-2"/>
      </object_component>
      <object_component id="oc-11e">
         <name>.const:ROCK_EATING</name>
         <load_address>0x1bec</load_address>
         <run_address>0x1bec</run_address>
         <size>0x1980</size>
         <input_file_ref idref="fl-2"/>
      </object_component>
      <object_component id="oc-11b">
         <name>.const:ROCK_IDLE</name>
         <load_address>0x356c</load_address>
         <run_address>0x356c</run_address>
         <size>0x1980</size>
         <input_file_ref idref="fl-2"/>
      </object_component>
      <object_component id="oc-19a">
         <name>.const:.string:Font</name>
         <load_address>0x4eec</load_address>
         <run_address>0x4eec</run_address>
         <size>0x4fb</size>
         <input_file_ref idref="fl-4"/>
      </object_component>
      <object_component id="oc-1a5">
         <name>.const:.string:dBfs</name>
         <load_address>0x53e7</load_address>
         <run_address>0x53e7</run_address>
         <size>0x200</size>
         <input_file_ref idref="fl-4"/>
      </object_component>
      <object_component id="oc-33c">
         <name>.const:g_ppui32GPIOIntMapSnowflake</name>
         <load_address>0x55e8</load_address>
         <run_address>0x55e8</run_address>
         <size>0xd8</size>
         <input_file_ref idref="fl-102"/>
      </object_component>
      <object_component id="oc-339">
         <name>.const:g_ppui32GPIOIntMapBlizzard</name>
         <load_address>0x56c0</load_address>
         <run_address>0x56c0</run_address>
         <size>0xc0</size>
         <input_file_ref idref="fl-102"/>
      </object_component>
      <object_component id="oc-299">
         <name>.const:g_pui32GPIOBaseAddrs</name>
         <load_address>0x5780</load_address>
         <run_address>0x5780</run_address>
         <size>0x90</size>
         <input_file_ref idref="fl-102"/>
      </object_component>
      <object_component id="oc-335">
         <name>.const</name>
         <load_address>0x5810</load_address>
         <run_address>0x5810</run_address>
         <size>0x70</size>
         <input_file_ref idref="fl-103"/>
      </object_component>
      <object_component id="oc-295">
         <name>.const:g_pui32Xtals</name>
         <load_address>0x5880</load_address>
         <run_address>0x5880</run_address>
         <size>0x6c</size>
         <input_file_ref idref="fl-106"/>
      </object_component>
      <object_component id="oc-188">
         <name>.const:.string:Bcmd</name>
         <load_address>0x58ec</load_address>
         <run_address>0x58ec</run_address>
         <size>0x67</size>
         <input_file_ref idref="fl-4"/>
      </object_component>
      <object_component id="oc-329">
         <name>.const:g_ppui32TimerIntMap</name>
         <load_address>0x5954</load_address>
         <run_address>0x5954</run_address>
         <size>0x60</size>
         <input_file_ref idref="fl-107"/>
      </object_component>
      <object_component id="oc-32c">
         <name>.const:g_ppui32TimerIntMapSnowflake</name>
         <load_address>0x59b4</load_address>
         <run_address>0x59b4</run_address>
         <size>0x40</size>
         <input_file_ref idref="fl-107"/>
      </object_component>
      <object_component id="oc-18e">
         <name>.const:.string:Rcmd1</name>
         <load_address>0x59f4</load_address>
         <run_address>0x59f4</run_address>
         <size>0x3b</size>
         <input_file_ref idref="fl-4"/>
      </object_component>
      <object_component id="oc-197">
         <name>.const:.string:Rcmd3</name>
         <load_address>0x5a2f</load_address>
         <run_address>0x5a2f</run_address>
         <size>0x2b</size>
         <input_file_ref idref="fl-4"/>
      </object_component>
      <object_component id="oc-191">
         <name>.const:.string:Rcmd2green</name>
         <load_address>0x5a5a</load_address>
         <run_address>0x5a5a</run_address>
         <size>0xd</size>
         <input_file_ref idref="fl-4"/>
      </object_component>
      <object_component id="oc-194">
         <name>.const:.string:Rcmd2red</name>
         <load_address>0x5a67</load_address>
         <run_address>0x5a67</run_address>
         <size>0xd</size>
         <input_file_ref idref="fl-4"/>
      </object_component>
      <object_component id="oc-389">
         <name>.cinit..data.load</name>
         <load_address>0x7f48</load_address>
         <run_address>0x7f48</run_address>
         <size>0x16</size>
      </object_component>
      <object_component id="oc-386">
         <name>__TI_handler_table</name>
         <load_address>0x7f60</load_address>
         <run_address>0x7f60</run_address>
         <size>0xc</size>
      </object_component>
      <object_component id="oc-38a">
         <name>.cinit..bss.load</name>
         <load_address>0x7f70</load_address>
         <run_address>0x7f70</run_address>
         <size>0x8</size>
      </object_component>
      <object_component id="oc-388">
         <name>.cinit..vtable.load</name>
         <load_address>0x7f78</load_address>
         <run_address>0x7f78</run_address>
         <size>0x8</size>
      </object_component>
      <object_component id="oc-387">
         <name>__TI_cinit_table</name>
         <load_address>0x7f80</load_address>
         <run_address>0x7f80</run_address>
         <size>0x18</size>
      </object_component>
      <object_component id="oc-330">
         <name>.vtable</name>
         <uninitialized>true</uninitialized>
         <run_address>0x20000000</run_address>
         <size>0x26c</size>
         <input_file_ref idref="fl-103"/>
      </object_component>
      <object_component id="oc-118">
         <name>.data</name>
         <load_address>0x200004a8</load_address>
         <run_address>0x200004a8</run_address>
         <size>0x5</size>
         <input_file_ref idref="fl-2"/>
      </object_component>
      <object_component id="oc-18b">
         <name>.data</name>
         <load_address>0x20000494</load_address>
         <run_address>0x20000494</run_address>
         <size>0x14</size>
         <input_file_ref idref="fl-4"/>
      </object_component>
      <object_component id="oc-185">
         <name>.bss</name>
         <uninitialized>true</uninitialized>
         <run_address>0x2000047c</run_address>
         <size>0x4</size>
         <input_file_ref idref="fl-4"/>
      </object_component>
      <object_component id="oc-19d">
         <name>.common:Message</name>
         <uninitialized>true</uninitialized>
         <run_address>0x20000470</run_address>
         <size>0xc</size>
      </object_component>
      <object_component id="oc-1a0">
         <name>.common:Messageindex</name>
         <uninitialized>true</uninitialized>
         <run_address>0x20000480</run_address>
         <size>0x4</size>
      </object_component>
      <object_component id="oc-1a1">
         <name>.common:Ymax</name>
         <uninitialized>true</uninitialized>
         <run_address>0x20000488</run_address>
         <size>0x4</size>
      </object_component>
      <object_component id="oc-1a2">
         <name>.common:Ymin</name>
         <uninitialized>true</uninitialized>
         <run_address>0x2000048c</run_address>
         <size>0x4</size>
      </object_component>
      <object_component id="oc-1a4">
         <name>.common:X</name>
         <uninitialized>true</uninitialized>
         <run_address>0x20000484</run_address>
         <size>0x4</size>
      </object_component>
      <object_component id="oc-1a3">
         <name>.common:Yrange</name>
         <uninitialized>true</uninitialized>
         <run_address>0x20000490</run_address>
         <size>0x4</size>
      </object_component>
      <object_component id="oc-21">
         <name>.sysmem</name>
         <uninitialized>true</uninitialized>
         <run_address>0x200004b0</run_address>
         <size>0x10</size>
         <input_file_ref idref="fl-de"/>
      </object_component>
      <object_component id="oc-38c">
         <name>.sysmem</name>
         <uninitialized>true</uninitialized>
         <run_address>0x200004b0</run_address>
         <size>0x0</size>
      </object_component>
      <object_component id="oc-24">
         <name>.stack</name>
         <uninitialized>true</uninitialized>
         <run_address>0x20000270</run_address>
         <size>0x4</size>
         <input_file_ref idref="fl-e3"/>
      </object_component>
      <object_component id="oc-38b">
         <name>.stack</name>
         <uninitialized>true</uninitialized>
         <run_address>0x20000270</run_address>
         <size>0x0</size>
      </object_component>
      <object_component id="oc-c7">
         <name>.debug_info</name>
         <load_address>0x0</load_address>
         <run_address>0x0</run_address>
         <size>0x656</size>
         <input_file_ref idref="fl-2"/>
      </object_component>
      <object_component id="oc-11c">
         <name>.debug_info</name>
         <load_address>0x656</load_address>
         <run_address>0x656</run_address>
         <size>0xde</size>
         <input_file_ref idref="fl-2"/>
      </object_component>
      <object_component id="oc-116">
         <name>.debug_info</name>
         <load_address>0x734</load_address>
         <run_address>0x734</run_address>
         <size>0xde</size>
         <input_file_ref idref="fl-2"/>
      </object_component>
      <object_component id="oc-11f">
         <name>.debug_info</name>
         <load_address>0x812</load_address>
         <run_address>0x812</run_address>
         <size>0xe2</size>
         <input_file_ref idref="fl-2"/>
      </object_component>
      <object_component id="oc-119">
         <name>.debug_info</name>
         <load_address>0x8f4</load_address>
         <run_address>0x8f4</run_address>
         <size>0x164</size>
         <input_file_ref idref="fl-2"/>
      </object_component>
      <object_component id="oc-a0">
         <name>.debug_info</name>
         <load_address>0xa58</load_address>
         <run_address>0xa58</run_address>
         <size>0x945</size>
         <input_file_ref idref="fl-2"/>
      </object_component>
      <object_component id="oc-269">
         <name>.debug_info</name>
         <load_address>0x139d</load_address>
         <run_address>0x139d</run_address>
         <size>0xb5</size>
         <input_file_ref idref="fl-2"/>
      </object_component>
      <object_component id="oc-74">
         <name>.debug_info</name>
         <load_address>0x1452</load_address>
         <run_address>0x1452</run_address>
         <size>0x26b</size>
         <input_file_ref idref="fl-2"/>
      </object_component>
      <object_component id="oc-c2">
         <name>.debug_info</name>
         <load_address>0x16bd</load_address>
         <run_address>0x16bd</run_address>
         <size>0x8b</size>
         <input_file_ref idref="fl-2"/>
      </object_component>
      <object_component id="oc-bd">
         <name>.debug_info</name>
         <load_address>0x1748</load_address>
         <run_address>0x1748</run_address>
         <size>0x297</size>
         <input_file_ref idref="fl-2"/>
      </object_component>
      <object_component id="oc-79">
         <name>.debug_info</name>
         <load_address>0x19df</load_address>
         <run_address>0x19df</run_address>
         <size>0xbb</size>
         <input_file_ref idref="fl-2"/>
      </object_component>
      <object_component id="oc-162">
         <name>.debug_info</name>
         <load_address>0x1a9a</load_address>
         <run_address>0x1a9a</run_address>
         <size>0x51</size>
         <input_file_ref idref="fl-2"/>
      </object_component>
      <object_component id="oc-36">
         <name>.debug_info</name>
         <load_address>0x1aeb</load_address>
         <run_address>0x1aeb</run_address>
         <size>0x84</size>
         <input_file_ref idref="fl-3"/>
      </object_component>
      <object_component id="oc-19e">
         <name>.debug_info</name>
         <load_address>0x1b6f</load_address>
         <run_address>0x1b6f</run_address>
         <size>0x51e</size>
         <input_file_ref idref="fl-4"/>
      </object_component>
      <object_component id="oc-18c">
         <name>.debug_info</name>
         <load_address>0x208d</load_address>
         <run_address>0x208d</run_address>
         <size>0x16a</size>
         <input_file_ref idref="fl-4"/>
      </object_component>
      <object_component id="oc-19b">
         <name>.debug_info</name>
         <load_address>0x21f7</load_address>
         <run_address>0x21f7</run_address>
         <size>0xd5</size>
         <input_file_ref idref="fl-4"/>
      </object_component>
      <object_component id="oc-186">
         <name>.debug_info</name>
         <load_address>0x22cc</load_address>
         <run_address>0x22cc</run_address>
         <size>0x141</size>
         <input_file_ref idref="fl-4"/>
      </object_component>
      <object_component id="oc-189">
         <name>.debug_info</name>
         <load_address>0x240d</load_address>
         <run_address>0x240d</run_address>
         <size>0xd6</size>
         <input_file_ref idref="fl-4"/>
      </object_component>
      <object_component id="oc-18f">
         <name>.debug_info</name>
         <load_address>0x24e3</load_address>
         <run_address>0x24e3</run_address>
         <size>0xd8</size>
         <input_file_ref idref="fl-4"/>
      </object_component>
      <object_component id="oc-192">
         <name>.debug_info</name>
         <load_address>0x25bb</load_address>
         <run_address>0x25bb</run_address>
         <size>0xe2</size>
         <input_file_ref idref="fl-4"/>
      </object_component>
      <object_component id="oc-195">
         <name>.debug_info</name>
         <load_address>0x269d</load_address>
         <run_address>0x269d</run_address>
         <size>0xde</size>
         <input_file_ref idref="fl-4"/>
      </object_component>
      <object_component id="oc-198">
         <name>.debug_info</name>
         <load_address>0x277b</load_address>
         <run_address>0x277b</run_address>
         <size>0xd8</size>
         <input_file_ref idref="fl-4"/>
      </object_component>
      <object_component id="oc-1a6">
         <name>.debug_info</name>
         <load_address>0x2853</load_address>
         <run_address>0x2853</run_address>
         <size>0xd7</size>
         <input_file_ref idref="fl-4"/>
      </object_component>
      <object_component id="oc-d9">
         <name>.debug_info</name>
         <load_address>0x292a</load_address>
         <run_address>0x292a</run_address>
         <size>0x224e</size>
         <input_file_ref idref="fl-4"/>
      </object_component>
      <object_component id="oc-2b6">
         <name>.debug_info</name>
         <load_address>0x4b78</load_address>
         <run_address>0x4b78</run_address>
         <size>0xcc</size>
         <input_file_ref idref="fl-4"/>
      </object_component>
      <object_component id="oc-25e">
         <name>.debug_info</name>
         <load_address>0x4c44</load_address>
         <run_address>0x4c44</run_address>
         <size>0x92c</size>
         <input_file_ref idref="fl-6"/>
      </object_component>
      <object_component id="oc-fa">
         <name>.debug_info</name>
         <load_address>0x5570</load_address>
         <run_address>0x5570</run_address>
         <size>0xbf0</size>
         <input_file_ref idref="fl-6"/>
      </object_component>
      <object_component id="oc-2f">
         <name>.debug_info</name>
         <load_address>0x6160</load_address>
         <run_address>0x6160</run_address>
         <size>0x2b9</size>
         <input_file_ref idref="fl-7"/>
      </object_component>
      <object_component id="oc-10">
         <name>.debug_info</name>
         <load_address>0x6419</load_address>
         <run_address>0x6419</run_address>
         <size>0xf8</size>
         <input_file_ref idref="fl-7"/>
      </object_component>
      <object_component id="oc-2a">
         <name>.debug_info</name>
         <load_address>0x6511</load_address>
         <run_address>0x6511</run_address>
         <size>0x39d3</size>
         <input_file_ref idref="fl-7"/>
      </object_component>
      <object_component id="oc-cf">
         <name>.debug_info</name>
         <load_address>0x9ee4</load_address>
         <run_address>0x9ee4</run_address>
         <size>0x2c</size>
         <input_file_ref idref="fl-c4"/>
      </object_component>
      <object_component id="oc-3c">
         <name>.debug_info</name>
         <load_address>0x9f10</load_address>
         <run_address>0x9f10</run_address>
         <size>0x11a</size>
         <input_file_ref idref="fl-d2"/>
      </object_component>
      <object_component id="oc-92">
         <name>.debug_info</name>
         <load_address>0xa02a</load_address>
         <run_address>0xa02a</run_address>
         <size>0x2d5</size>
         <input_file_ref idref="fl-d3"/>
      </object_component>
      <object_component id="oc-4a">
         <name>.debug_info</name>
         <load_address>0xa2ff</load_address>
         <run_address>0xa2ff</run_address>
         <size>0x1d3</size>
         <input_file_ref idref="fl-d3"/>
      </object_component>
      <object_component id="oc-8d">
         <name>.debug_info</name>
         <load_address>0xa4d2</load_address>
         <run_address>0xa4d2</run_address>
         <size>0x46</size>
         <input_file_ref idref="fl-d3"/>
      </object_component>
      <object_component id="oc-46">
         <name>.debug_info</name>
         <load_address>0xa518</load_address>
         <run_address>0xa518</run_address>
         <size>0x2a9</size>
         <input_file_ref idref="fl-d4"/>
      </object_component>
      <object_component id="oc-1c">
         <name>.debug_info</name>
         <load_address>0xa7c1</load_address>
         <run_address>0xa7c1</run_address>
         <size>0x1eb</size>
         <input_file_ref idref="fl-d4"/>
      </object_component>
      <object_component id="oc-41">
         <name>.debug_info</name>
         <load_address>0xa9ac</load_address>
         <run_address>0xa9ac</run_address>
         <size>0x46</size>
         <input_file_ref idref="fl-d4"/>
      </object_component>
      <object_component id="oc-85">
         <name>.debug_info</name>
         <load_address>0xa9f2</load_address>
         <run_address>0xa9f2</run_address>
         <size>0x2c</size>
         <input_file_ref idref="fl-d4"/>
      </object_component>
      <object_component id="oc-83">
         <name>.debug_info</name>
         <load_address>0xaa1e</load_address>
         <run_address>0xaa1e</run_address>
         <size>0x29f</size>
         <input_file_ref idref="fl-d5"/>
      </object_component>
      <object_component id="oc-15">
         <name>.debug_info</name>
         <load_address>0xacbd</load_address>
         <run_address>0xacbd</run_address>
         <size>0x251</size>
         <input_file_ref idref="fl-d5"/>
      </object_component>
      <object_component id="oc-31">
         <name>.debug_info</name>
         <load_address>0xaf0e</load_address>
         <run_address>0xaf0e</run_address>
         <size>0x60</size>
         <input_file_ref idref="fl-d5"/>
      </object_component>
      <object_component id="oc-c8">
         <name>.debug_info</name>
         <load_address>0xaf6e</load_address>
         <run_address>0xaf6e</run_address>
         <size>0x46</size>
         <input_file_ref idref="fl-d5"/>
      </object_component>
      <object_component id="oc-7e">
         <name>.debug_info</name>
         <load_address>0xafb4</load_address>
         <run_address>0xafb4</run_address>
         <size>0x39</size>
         <input_file_ref idref="fl-d5"/>
      </object_component>
      <object_component id="oc-123">
         <name>.debug_info</name>
         <load_address>0xafed</load_address>
         <run_address>0xafed</run_address>
         <size>0x123</size>
         <input_file_ref idref="fl-d6"/>
      </object_component>
      <object_component id="oc-6d">
         <name>.debug_info</name>
         <load_address>0xb110</load_address>
         <run_address>0xb110</run_address>
         <size>0x3b3</size>
         <input_file_ref idref="fl-de"/>
      </object_component>
      <object_component id="oc-22">
         <name>.debug_info</name>
         <load_address>0xb4c3</load_address>
         <run_address>0xb4c3</run_address>
         <size>0x10d</size>
         <input_file_ref idref="fl-de"/>
      </object_component>
      <object_component id="oc-b8">
         <name>.debug_info</name>
         <load_address>0xb5d0</load_address>
         <run_address>0xb5d0</run_address>
         <size>0xb2</size>
         <input_file_ref idref="fl-de"/>
      </object_component>
      <object_component id="oc-b3">
         <name>.debug_info</name>
         <load_address>0xb682</load_address>
         <run_address>0xb682</run_address>
         <size>0x2c</size>
         <input_file_ref idref="fl-de"/>
      </object_component>
      <object_component id="oc-25">
         <name>.debug_info</name>
         <load_address>0xb6ae</load_address>
         <run_address>0xb6ae</run_address>
         <size>0x10c</size>
         <input_file_ref idref="fl-e3"/>
      </object_component>
      <object_component id="oc-5c">
         <name>.debug_info</name>
         <load_address>0xb7ba</load_address>
         <run_address>0xb7ba</run_address>
         <size>0x1aa</size>
         <input_file_ref idref="fl-e3"/>
      </object_component>
      <object_component id="oc-27d">
         <name>.debug_info</name>
         <load_address>0xb964</load_address>
         <run_address>0xb964</run_address>
         <size>0x4b4</size>
         <input_file_ref idref="fl-eb"/>
      </object_component>
      <object_component id="oc-131">
         <name>.debug_info</name>
         <load_address>0xbe18</load_address>
         <run_address>0xbe18</run_address>
         <size>0x1a7</size>
         <input_file_ref idref="fl-eb"/>
      </object_component>
      <object_component id="oc-311">
         <name>.debug_info</name>
         <load_address>0xbfbf</load_address>
         <run_address>0xbfbf</run_address>
         <size>0x39</size>
         <input_file_ref idref="fl-eb"/>
      </object_component>
      <object_component id="oc-345">
         <name>.debug_info</name>
         <load_address>0xbff8</load_address>
         <run_address>0xbff8</run_address>
         <size>0x39</size>
         <input_file_ref idref="fl-eb"/>
      </object_component>
      <object_component id="oc-316">
         <name>.debug_info</name>
         <load_address>0xc031</load_address>
         <run_address>0xc031</run_address>
         <size>0x39</size>
         <input_file_ref idref="fl-eb"/>
      </object_component>
      <object_component id="oc-31b">
         <name>.debug_info</name>
         <load_address>0xc06a</load_address>
         <run_address>0xc06a</run_address>
         <size>0xcd</size>
         <input_file_ref idref="fl-eb"/>
      </object_component>
      <object_component id="oc-9d">
         <name>.debug_info</name>
         <load_address>0xc137</load_address>
         <run_address>0xc137</run_address>
         <size>0x154</size>
         <input_file_ref idref="fl-ec"/>
      </object_component>
      <object_component id="oc-260">
         <name>.debug_info</name>
         <load_address>0xc28b</load_address>
         <run_address>0xc28b</run_address>
         <size>0x24d</size>
         <input_file_ref idref="fl-101"/>
      </object_component>
      <object_component id="oc-246">
         <name>.debug_info</name>
         <load_address>0xc4d8</load_address>
         <run_address>0xc4d8</run_address>
         <size>0x333</size>
         <input_file_ref idref="fl-101"/>
      </object_component>
      <object_component id="oc-24c">
         <name>.debug_info</name>
         <load_address>0xc80b</load_address>
         <run_address>0xc80b</run_address>
         <size>0x2a0</size>
         <input_file_ref idref="fl-101"/>
      </object_component>
      <object_component id="oc-23a">
         <name>.debug_info</name>
         <load_address>0xcaab</load_address>
         <run_address>0xcaab</run_address>
         <size>0x2a2</size>
         <input_file_ref idref="fl-101"/>
      </object_component>
      <object_component id="oc-10a">
         <name>.debug_info</name>
         <load_address>0xcd4d</load_address>
         <run_address>0xcd4d</run_address>
         <size>0x2ff</size>
         <input_file_ref idref="fl-101"/>
      </object_component>
      <object_component id="oc-240">
         <name>.debug_info</name>
         <load_address>0xd04c</load_address>
         <run_address>0xd04c</run_address>
         <size>0x326</size>
         <input_file_ref idref="fl-101"/>
      </object_component>
      <object_component id="oc-110">
         <name>.debug_info</name>
         <load_address>0xd372</load_address>
         <run_address>0xd372</run_address>
         <size>0x2a4</size>
         <input_file_ref idref="fl-101"/>
      </object_component>
      <object_component id="oc-fe">
         <name>.debug_info</name>
         <load_address>0xd616</load_address>
         <run_address>0xd616</run_address>
         <size>0x2e7</size>
         <input_file_ref idref="fl-101"/>
      </object_component>
      <object_component id="oc-104">
         <name>.debug_info</name>
         <load_address>0xd8fd</load_address>
         <run_address>0xd8fd</run_address>
         <size>0x294</size>
         <input_file_ref idref="fl-101"/>
      </object_component>
      <object_component id="oc-1aa">
         <name>.debug_info</name>
         <load_address>0xdb91</load_address>
         <run_address>0xdb91</run_address>
         <size>0x18b</size>
         <input_file_ref idref="fl-101"/>
      </object_component>
      <object_component id="oc-1b1">
         <name>.debug_info</name>
         <load_address>0xdd1c</load_address>
         <run_address>0xdd1c</run_address>
         <size>0x240</size>
         <input_file_ref idref="fl-102"/>
      </object_component>
      <object_component id="oc-33a">
         <name>.debug_info</name>
         <load_address>0xdf5c</load_address>
         <run_address>0xdf5c</run_address>
         <size>0x167</size>
         <input_file_ref idref="fl-102"/>
      </object_component>
      <object_component id="oc-33d">
         <name>.debug_info</name>
         <load_address>0xe0c3</load_address>
         <run_address>0xe0c3</run_address>
         <size>0x169</size>
         <input_file_ref idref="fl-102"/>
      </object_component>
      <object_component id="oc-29a">
         <name>.debug_info</name>
         <load_address>0xe22c</load_address>
         <run_address>0xe22c</run_address>
         <size>0x15b</size>
         <input_file_ref idref="fl-102"/>
      </object_component>
      <object_component id="oc-168">
         <name>.debug_info</name>
         <load_address>0xe387</load_address>
         <run_address>0xe387</run_address>
         <size>0x2a3</size>
         <input_file_ref idref="fl-102"/>
      </object_component>
      <object_component id="oc-29f">
         <name>.debug_info</name>
         <load_address>0xe62a</load_address>
         <run_address>0xe62a</run_address>
         <size>0x2b3</size>
         <input_file_ref idref="fl-102"/>
      </object_component>
      <object_component id="oc-1f2">
         <name>.debug_info</name>
         <load_address>0xe8dd</load_address>
         <run_address>0xe8dd</run_address>
         <size>0x316</size>
         <input_file_ref idref="fl-102"/>
      </object_component>
      <object_component id="oc-180">
         <name>.debug_info</name>
         <load_address>0xebf3</load_address>
         <run_address>0xebf3</run_address>
         <size>0x279</size>
         <input_file_ref idref="fl-102"/>
      </object_component>
      <object_component id="oc-210">
         <name>.debug_info</name>
         <load_address>0xee6c</load_address>
         <run_address>0xee6c</run_address>
         <size>0x279</size>
         <input_file_ref idref="fl-102"/>
      </object_component>
      <object_component id="oc-1c8">
         <name>.debug_info</name>
         <load_address>0xf0e5</load_address>
         <run_address>0xf0e5</run_address>
         <size>0x2b7</size>
         <input_file_ref idref="fl-102"/>
      </object_component>
      <object_component id="oc-1c2">
         <name>.debug_info</name>
         <load_address>0xf39c</load_address>
         <run_address>0xf39c</run_address>
         <size>0x285</size>
         <input_file_ref idref="fl-102"/>
      </object_component>
      <object_component id="oc-234">
         <name>.debug_info</name>
         <load_address>0xf621</load_address>
         <run_address>0xf621</run_address>
         <size>0x279</size>
         <input_file_ref idref="fl-102"/>
      </object_component>
      <object_component id="oc-e6">
         <name>.debug_info</name>
         <load_address>0xf89a</load_address>
         <run_address>0xf89a</run_address>
         <size>0x27b</size>
         <input_file_ref idref="fl-102"/>
      </object_component>
      <object_component id="oc-17a">
         <name>.debug_info</name>
         <load_address>0xfb15</load_address>
         <run_address>0xfb15</run_address>
         <size>0x280</size>
         <input_file_ref idref="fl-102"/>
      </object_component>
      <object_component id="oc-2e7">
         <name>.debug_info</name>
         <load_address>0xfd95</load_address>
         <run_address>0xfd95</run_address>
         <size>0x298</size>
         <input_file_ref idref="fl-102"/>
      </object_component>
      <object_component id="oc-1f8">
         <name>.debug_info</name>
         <load_address>0x1002d</load_address>
         <run_address>0x1002d</run_address>
         <size>0x2bb</size>
         <input_file_ref idref="fl-102"/>
      </object_component>
      <object_component id="oc-1fe">
         <name>.debug_info</name>
         <load_address>0x102e8</load_address>
         <run_address>0x102e8</run_address>
         <size>0x2cf</size>
         <input_file_ref idref="fl-102"/>
      </object_component>
      <object_component id="oc-204">
         <name>.debug_info</name>
         <load_address>0x105b7</load_address>
         <run_address>0x105b7</run_address>
         <size>0x28f</size>
         <input_file_ref idref="fl-102"/>
      </object_component>
      <object_component id="oc-ec">
         <name>.debug_info</name>
         <load_address>0x10846</load_address>
         <run_address>0x10846</run_address>
         <size>0x28d</size>
         <input_file_ref idref="fl-102"/>
      </object_component>
      <object_component id="oc-334">
         <name>.debug_info</name>
         <load_address>0x10ad3</load_address>
         <run_address>0x10ad3</run_address>
         <size>0x20e</size>
         <input_file_ref idref="fl-103"/>
      </object_component>
      <object_component id="oc-336">
         <name>.debug_info</name>
         <load_address>0x10ce1</load_address>
         <run_address>0x10ce1</run_address>
         <size>0x210</size>
         <input_file_ref idref="fl-103"/>
      </object_component>
      <object_component id="oc-331">
         <name>.debug_info</name>
         <load_address>0x10ef1</load_address>
         <run_address>0x10ef1</run_address>
         <size>0x157</size>
         <input_file_ref idref="fl-103"/>
      </object_component>
      <object_component id="oc-2d7">
         <name>.debug_info</name>
         <load_address>0x11048</load_address>
         <run_address>0x11048</run_address>
         <size>0x2c1</size>
         <input_file_ref idref="fl-103"/>
      </object_component>
      <object_component id="oc-2dc">
         <name>.debug_info</name>
         <load_address>0x11309</load_address>
         <run_address>0x11309</run_address>
         <size>0x268</size>
         <input_file_ref idref="fl-103"/>
      </object_component>
      <object_component id="oc-2f1">
         <name>.debug_info</name>
         <load_address>0x11571</load_address>
         <run_address>0x11571</run_address>
         <size>0x1ed</size>
         <input_file_ref idref="fl-104"/>
      </object_component>
      <object_component id="oc-222">
         <name>.debug_info</name>
         <load_address>0x1175e</load_address>
         <run_address>0x1175e</run_address>
         <size>0x2f6</size>
         <input_file_ref idref="fl-104"/>
      </object_component>
      <object_component id="oc-22e">
         <name>.debug_info</name>
         <load_address>0x11a54</load_address>
         <run_address>0x11a54</run_address>
         <size>0x2c4</size>
         <input_file_ref idref="fl-104"/>
      </object_component>
      <object_component id="oc-21c">
         <name>.debug_info</name>
         <load_address>0x11d18</load_address>
         <run_address>0x11d18</run_address>
         <size>0x2b6</size>
         <input_file_ref idref="fl-104"/>
      </object_component>
      <object_component id="oc-228">
         <name>.debug_info</name>
         <load_address>0x11fce</load_address>
         <run_address>0x11fce</run_address>
         <size>0x276</size>
         <input_file_ref idref="fl-104"/>
      </object_component>
      <object_component id="oc-216">
         <name>.debug_info</name>
         <load_address>0x12244</load_address>
         <run_address>0x12244</run_address>
         <size>0x2b3</size>
         <input_file_ref idref="fl-104"/>
      </object_component>
      <object_component id="oc-294">
         <name>.debug_info</name>
         <load_address>0x124f7</load_address>
         <run_address>0x124f7</run_address>
         <size>0x21c</size>
         <input_file_ref idref="fl-105"/>
      </object_component>
      <object_component id="oc-259">
         <name>.debug_info</name>
         <load_address>0x12713</load_address>
         <run_address>0x12713</run_address>
         <size>0x242</size>
         <input_file_ref idref="fl-105"/>
      </object_component>
      <object_component id="oc-16f">
         <name>.debug_info</name>
         <load_address>0x12955</load_address>
         <run_address>0x12955</run_address>
         <size>0x276</size>
         <input_file_ref idref="fl-105"/>
      </object_component>
      <object_component id="oc-252">
         <name>.debug_info</name>
         <load_address>0x12bcb</load_address>
         <run_address>0x12bcb</run_address>
         <size>0x3d9</size>
         <input_file_ref idref="fl-105"/>
      </object_component>
      <object_component id="oc-1b4">
         <name>.debug_info</name>
         <load_address>0x12fa4</load_address>
         <run_address>0x12fa4</run_address>
         <size>0x298</size>
         <input_file_ref idref="fl-106"/>
      </object_component>
      <object_component id="oc-296">
         <name>.debug_info</name>
         <load_address>0x1323c</load_address>
         <run_address>0x1323c</run_address>
         <size>0x14d</size>
         <input_file_ref idref="fl-106"/>
      </object_component>
      <object_component id="oc-1bc">
         <name>.debug_info</name>
         <load_address>0x13389</load_address>
         <run_address>0x13389</run_address>
         <size>0x27f</size>
         <input_file_ref idref="fl-106"/>
      </object_component>
      <object_component id="oc-1b6">
         <name>.debug_info</name>
         <load_address>0x13608</load_address>
         <run_address>0x13608</run_address>
         <size>0x27d</size>
         <input_file_ref idref="fl-106"/>
      </object_component>
      <object_component id="oc-20a">
         <name>.debug_info</name>
         <load_address>0x13885</load_address>
         <run_address>0x13885</run_address>
         <size>0x263</size>
         <input_file_ref idref="fl-106"/>
      </object_component>
      <object_component id="oc-f2">
         <name>.debug_info</name>
         <load_address>0x13ae8</load_address>
         <run_address>0x13ae8</run_address>
         <size>0x2db</size>
         <input_file_ref idref="fl-106"/>
      </object_component>
      <object_component id="oc-174">
         <name>.debug_info</name>
         <load_address>0x13dc3</load_address>
         <run_address>0x13dc3</run_address>
         <size>0x2b5</size>
         <input_file_ref idref="fl-106"/>
      </object_component>
      <object_component id="oc-2c3">
         <name>.debug_info</name>
         <load_address>0x14078</load_address>
         <run_address>0x14078</run_address>
         <size>0x5f</size>
         <input_file_ref idref="fl-106"/>
      </object_component>
      <object_component id="oc-1af">
         <name>.debug_info</name>
         <load_address>0x140d7</load_address>
         <run_address>0x140d7</run_address>
         <size>0x223</size>
         <input_file_ref idref="fl-107"/>
      </object_component>
      <object_component id="oc-32a">
         <name>.debug_info</name>
         <load_address>0x142fa</load_address>
         <run_address>0x142fa</run_address>
         <size>0x15a</size>
         <input_file_ref idref="fl-107"/>
      </object_component>
      <object_component id="oc-32d">
         <name>.debug_info</name>
         <load_address>0x14454</load_address>
         <run_address>0x14454</run_address>
         <size>0x16c</size>
         <input_file_ref idref="fl-107"/>
      </object_component>
      <object_component id="oc-1db">
         <name>.debug_info</name>
         <load_address>0x145c0</load_address>
         <run_address>0x145c0</run_address>
         <size>0x2ba</size>
         <input_file_ref idref="fl-107"/>
      </object_component>
      <object_component id="oc-2d0">
         <name>.debug_info</name>
         <load_address>0x1487a</load_address>
         <run_address>0x1487a</run_address>
         <size>0x2eb</size>
         <input_file_ref idref="fl-107"/>
      </object_component>
      <object_component id="oc-1e0">
         <name>.debug_info</name>
         <load_address>0x14b65</load_address>
         <run_address>0x14b65</run_address>
         <size>0x2e4</size>
         <input_file_ref idref="fl-107"/>
      </object_component>
      <object_component id="oc-1e6">
         <name>.debug_info</name>
         <load_address>0x14e49</load_address>
         <run_address>0x14e49</run_address>
         <size>0x294</size>
         <input_file_ref idref="fl-107"/>
      </object_component>
      <object_component id="oc-df">
         <name>.debug_info</name>
         <load_address>0x150dd</load_address>
         <run_address>0x150dd</run_address>
         <size>0x292</size>
         <input_file_ref idref="fl-107"/>
      </object_component>
      <object_component id="oc-1ec">
         <name>.debug_info</name>
         <load_address>0x1536f</load_address>
         <run_address>0x1536f</run_address>
         <size>0x27f</size>
         <input_file_ref idref="fl-107"/>
      </object_component>
      <object_component id="oc-1d4">
         <name>.debug_info</name>
         <load_address>0x155ee</load_address>
         <run_address>0x155ee</run_address>
         <size>0x28c</size>
         <input_file_ref idref="fl-107"/>
      </object_component>
      <object_component id="oc-1ce">
         <name>.debug_info</name>
         <load_address>0x1587a</load_address>
         <run_address>0x1587a</run_address>
         <size>0x296</size>
         <input_file_ref idref="fl-107"/>
      </object_component>
      <object_component id="oc-38d">
         <name>.debug_info</name>
         <load_address>0x15b10</load_address>
         <run_address>0x15b10</run_address>
         <size>0xab</size>
      </object_component>
      <object_component id="oc-161">
         <name>.debug_line</name>
         <load_address>0x0</load_address>
         <run_address>0x0</run_address>
         <size>0x11b</size>
         <input_file_ref idref="fl-2"/>
      </object_component>
      <object_component id="oc-26f">
         <name>.debug_line</name>
         <load_address>0x11b</load_address>
         <run_address>0x11b</run_address>
         <size>0x2f</size>
         <input_file_ref idref="fl-2"/>
      </object_component>
      <object_component id="oc-266">
         <name>.debug_line</name>
         <load_address>0x14a</load_address>
         <run_address>0x14a</run_address>
         <size>0x2f</size>
         <input_file_ref idref="fl-2"/>
      </object_component>
      <object_component id="oc-271">
         <name>.debug_line</name>
         <load_address>0x179</load_address>
         <run_address>0x179</run_address>
         <size>0x2f</size>
         <input_file_ref idref="fl-2"/>
      </object_component>
      <object_component id="oc-268">
         <name>.debug_line</name>
         <load_address>0x1a8</load_address>
         <run_address>0x1a8</run_address>
         <size>0x2d</size>
         <input_file_ref idref="fl-2"/>
      </object_component>
      <object_component id="oc-a3">
         <name>.debug_line</name>
         <load_address>0x1d5</load_address>
         <run_address>0x1d5</run_address>
         <size>0x26a</size>
         <input_file_ref idref="fl-2"/>
      </object_component>
      <object_component id="oc-26c">
         <name>.debug_line</name>
         <load_address>0x43f</load_address>
         <run_address>0x43f</run_address>
         <size>0x2d</size>
         <input_file_ref idref="fl-2"/>
      </object_component>
      <object_component id="oc-77">
         <name>.debug_line</name>
         <load_address>0x46c</load_address>
         <run_address>0x46c</run_address>
         <size>0x6f</size>
         <input_file_ref idref="fl-2"/>
      </object_component>
      <object_component id="oc-c5">
         <name>.debug_line</name>
         <load_address>0x4db</load_address>
         <run_address>0x4db</run_address>
         <size>0x20</size>
         <input_file_ref idref="fl-2"/>
      </object_component>
      <object_component id="oc-c0">
         <name>.debug_line</name>
         <load_address>0x4fb</load_address>
         <run_address>0x4fb</run_address>
         <size>0x73</size>
         <input_file_ref idref="fl-2"/>
      </object_component>
      <object_component id="oc-7c">
         <name>.debug_line</name>
         <load_address>0x56e</load_address>
         <run_address>0x56e</run_address>
         <size>0x70</size>
         <input_file_ref idref="fl-2"/>
      </object_component>
      <object_component id="oc-165">
         <name>.debug_line</name>
         <load_address>0x5de</load_address>
         <run_address>0x5de</run_address>
         <size>0x2f</size>
         <input_file_ref idref="fl-2"/>
      </object_component>
      <object_component id="oc-39">
         <name>.debug_line</name>
         <load_address>0x60d</load_address>
         <run_address>0x60d</run_address>
         <size>0x20</size>
         <input_file_ref idref="fl-3"/>
      </object_component>
      <object_component id="oc-2b5">
         <name>.debug_line</name>
         <load_address>0x62d</load_address>
         <run_address>0x62d</run_address>
         <size>0xe4</size>
         <input_file_ref idref="fl-4"/>
      </object_component>
      <object_component id="oc-2a9">
         <name>.debug_line</name>
         <load_address>0x711</load_address>
         <run_address>0x711</run_address>
         <size>0x2f</size>
         <input_file_ref idref="fl-4"/>
      </object_component>
      <object_component id="oc-2b3">
         <name>.debug_line</name>
         <load_address>0x740</load_address>
         <run_address>0x740</run_address>
         <size>0x2f</size>
         <input_file_ref idref="fl-4"/>
      </object_component>
      <object_component id="oc-2a5">
         <name>.debug_line</name>
         <load_address>0x76f</load_address>
         <run_address>0x76f</run_address>
         <size>0x2f</size>
         <input_file_ref idref="fl-4"/>
      </object_component>
      <object_component id="oc-2a7">
         <name>.debug_line</name>
         <load_address>0x79e</load_address>
         <run_address>0x79e</run_address>
         <size>0x2f</size>
         <input_file_ref idref="fl-4"/>
      </object_component>
      <object_component id="oc-2ab">
         <name>.debug_line</name>
         <load_address>0x7cd</load_address>
         <run_address>0x7cd</run_address>
         <size>0x2f</size>
         <input_file_ref idref="fl-4"/>
      </object_component>
      <object_component id="oc-2ad">
         <name>.debug_line</name>
         <load_address>0x7fc</load_address>
         <run_address>0x7fc</run_address>
         <size>0x2f</size>
         <input_file_ref idref="fl-4"/>
      </object_component>
      <object_component id="oc-2af">
[...]
         <value>0x7599</value>
         <object_component_ref idref="oc-27"/>
      </symbol>
      <symbol id="sm-3c0">
         <name>USB0_Handler</name>
         <value>0x751b</value>
         <object_component_ref idref="oc-27"/>
      </symbol>
      <symbol id="sm-3c1">
         <name>PWM1Generator0_Handler</name>
         <value>0x759d</value>
         <object_component_ref idref="oc-27"/>
      </symbol>
      <symbol id="sm-3c2">
         <name>EndCritical</name>
         <value>0x75b7</value>
         <object_component_ref idref="oc-27"/>
      </symbol>
      <symbol id="sm-3c3">
         <name>SSI1_Handler</name>
         <value>0x7507</value>
         <object_component_ref idref="oc-27"/>
      </symbol>
      <symbol id="sm-3c4">
         <name>Timer1B_Handler</name>
         <value>0x74ef</value>
         <object_component_ref idref="oc-27"/>
      </symbol>
      <symbol id="sm-3c5">
         <name>Timer3B_Handler</name>
         <value>0x750b</value>
         <object_component_ref idref="oc-27"/>
      </symbol>
      <symbol id="sm-3c6">
         <name>Timer5B_Handler</name>
         <value>0x754d</value>
         <object_component_ref idref="oc-27"/>
      </symbol>
      <symbol id="sm-3c7">
         <name>ADC1Seq0_Handler</name>
         <value>0x7523</value>
         <object_component_ref idref="oc-27"/>
      </symbol>
      <symbol id="sm-3c8">
         <name>GPIOPortK_Handler</name>
         <value>0x7531</value>
         <object_component_ref idref="oc-27"/>
      </symbol>
      <symbol id="sm-3c9">
         <name>WideTimer3B_Handler</name>
         <value>0x755d</value>
         <object_component_ref idref="oc-27"/>
      </symbol>
      <symbol id="sm-3ca">
         <name>WideTimer1B_Handler</name>
         <value>0x7555</value>
         <object_component_ref idref="oc-27"/>
      </symbol>
      <symbol id="sm-3cb">
         <name>WideTimer5B_Handler</name>
         <value>0x7565</value>
         <object_component_ref idref="oc-27"/>
      </symbol>
      <symbol id="sm-3cc">
         <name>SysCtl_Handler</name>
         <value>0x74fb</value>
         <object_component_ref idref="oc-27"/>
      </symbol>
      <symbol id="sm-3cd">
         <name>GPIOPortB_Handler</name>
         <value>0x74c5</value>
         <object_component_ref idref="oc-27"/>
      </symbol>
      <symbol id="sm-3ce">
         <name>uDMA_Handler</name>
         <value>0x751f</value>
         <object_component_ref idref="oc-27"/>
      </symbol>
      <symbol id="sm-3cf">
         <name>ADC0Seq1_Handler</name>
         <value>0x74e1</value>
         <object_component_ref idref="oc-27"/>
      </symbol>
      <symbol id="sm-3d0">
         <name>UART0_Handler</name>
         <value>0x74cd</value>
         <object_component_ref idref="oc-27"/>
      </symbol>
      <symbol id="sm-3d1">
         <name>GPIOPortP7_Handler</name>
         <value>0x7587</value>
         <object_component_ref idref="oc-27"/>
      </symbol>
      <symbol id="sm-3d2">
         <name>PWM1Fault_Handler</name>
         <value>0x75a5</value>
         <object_component_ref idref="oc-27"/>
      </symbol>
      <symbol id="sm-3d3">
         <name>I2C1_Handler</name>
         <value>0x750d</value>
         <object_component_ref idref="oc-27"/>
      </symbol>
      <symbol id="sm-3d4">
         <name>SSI3_Handler</name>
         <value>0x7537</value>
         <object_component_ref idref="oc-27"/>
      </symbol>
      <symbol id="sm-3d5">
         <name>GPIOPortM_Handler</name>
         <value>0x7571</value>
         <object_component_ref idref="oc-27"/>
      </symbol>
      <symbol id="sm-3d6">
         <name>g_pfnVectors</name>
         <value>0x0</value>
         <object_component_ref idref="oc-f"/>
      </symbol>
      <symbol id="sm-3d7">
         <name>GPIOPortD_Handler</name>
         <value>0x74c9</value>
         <object_component_ref idref="oc-27"/>
      </symbol>
      <symbol id="sm-3d8">
         <name>GPIOPortQ2_Handler</name>
         <value>0x758d</value>
         <object_component_ref idref="oc-27"/>
      </symbol>
      <symbol id="sm-3d9">
         <name>UART2_Handler</name>
         <value>0x7505</value>
         <object_component_ref idref="oc-27"/>
      </symbol>
      <symbol id="sm-3da">
         <name>CAN1_Handler</name>
         <value>0x7513</value>
         <object_component_ref idref="oc-27"/>
      </symbol>
      <symbol id="sm-3db">
         <name>Quadrature0_Handler</name>
         <value>0x74dd</value>
         <object_component_ref idref="oc-27"/>
      </symbol>
      <symbol id="sm-3dc">
         <name>WideTimer2B_Handler</name>
         <value>0x7559</value>
         <object_component_ref idref="oc-27"/>
      </symbol>
      <symbol id="sm-3dd">
         <name>WideTimer0B_Handler</name>
         <value>0x7551</value>
         <object_component_ref idref="oc-27"/>
      </symbol>
      <symbol id="sm-3de">
         <name>WideTimer4B_Handler</name>
         <value>0x7561</value>
         <object_component_ref idref="oc-27"/>
      </symbol>
      <symbol id="sm-3df">
         <name>GPIOPortQ_Handler</name>
         <value>0x7589</value>
         <object_component_ref idref="oc-27"/>
      </symbol>
      <symbol id="sm-3e0">
         <name>DisableInterrupts</name>
         <value>0x75a7</value>
         <object_component_ref idref="oc-27"/>
      </symbol>
      <symbol id="sm-3e1">
         <name>Comp0_Handler</name>
         <value>0x74f5</value>
         <object_component_ref idref="oc-27"/>
      </symbol>
      <symbol id="sm-3e2">
         <name>PWM0Generator2_Handler</name>
         <value>0x74db</value>
         <object_component_ref idref="oc-27"/>
      </symbol>
      <symbol id="sm-3e3">
         <name>I2C3_Handler</name>
         <value>0x7545</value>
         <object_component_ref idref="oc-27"/>
      </symbol>
      <symbol id="sm-3e4">
         <name>Ethernet_Handler</name>
         <value>0x7517</value>
         <object_component_ref idref="oc-27"/>
      </symbol>
      <symbol id="sm-3e5">
         <name>PWM1Generator3_Handler</name>
         <value>0x75a3</value>
         <object_component_ref idref="oc-27"/>
      </symbol>
      <symbol id="sm-3e6">
         <name>I2C4_Handler</name>
         <value>0x756d</value>
         <object_component_ref idref="oc-27"/>
      </symbol>
      <symbol id="sm-3e7">
         <name>Fan0_Handler</name>
         <value>0x7577</value>
         <object_component_ref idref="oc-27"/>
      </symbol>
      <symbol id="sm-3e8">
         <name>WaitForInterrupt</name>
         <value>0x75bd</value>
         <object_component_ref idref="oc-27"/>
      </symbol>
      <symbol id="sm-3e9">
         <name>ADC1Seq3_Handler</name>
         <value>0x7529</value>
         <object_component_ref idref="oc-27"/>
      </symbol>
      <symbol id="sm-3ea">
         <name>GPIOPortF_Handler</name>
         <value>0x74ff</value>
         <object_component_ref idref="oc-27"/>
      </symbol>
      <symbol id="sm-3eb">
         <name>GPIOPortQ4_Handler</name>
         <value>0x7591</value>
         <object_component_ref idref="oc-27"/>
      </symbol>
      <symbol id="sm-3ec">
         <name>EnableInterrupts</name>
         <value>0x75ab</value>
         <object_component_ref idref="oc-27"/>
      </symbol>
      <symbol id="sm-3ed">
         <name>GPIOPortA_Handler</name>
         <value>0x74c3</value>
         <object_component_ref idref="oc-27"/>
      </symbol>
      <symbol id="sm-3ee">
         <name>UART4_Handler</name>
         <value>0x753b</value>
         <object_component_ref idref="oc-27"/>
      </symbol>
      <symbol id="sm-3ef">
         <name>Quadrature2_Handler</name>
         <value>0x7575</value>
         <object_component_ref idref="oc-27"/>
      </symbol>
      <symbol id="sm-3f0">
         <name>GPIOPortP2_Handler</name>
         <value>0x757d</value>
         <object_component_ref idref="oc-27"/>
      </symbol>
      <symbol id="sm-3f1">
         <name>GPIOPortS_Handler</name>
         <value>0x759b</value>
         <object_component_ref idref="oc-27"/>
      </symbol>
      <symbol id="sm-3f2">
         <name>Comp2_Handler</name>
         <value>0x74f9</value>
         <object_component_ref idref="oc-27"/>
      </symbol>
      <symbol id="sm-3f3">
         <name>DebugMon_Handler</name>
         <value>0x74bd</value>
         <object_component_ref idref="oc-27"/>
      </symbol>
      <symbol id="sm-3f4">
         <name>PWM0Generator0_Handler</name>
         <value>0x74d7</value>
         <object_component_ref idref="oc-27"/>
      </symbol>
      <symbol id="sm-3f5">
         <name>PWM1Generator1_Handler</name>
         <value>0x759f</value>
         <object_component_ref idref="oc-27"/>
      </symbol>
      <symbol id="sm-3f6">
         <name>SSI0_Handler</name>
         <value>0x74d1</value>
         <object_component_ref idref="oc-27"/>
      </symbol>
      <symbol id="sm-3f7">
         <name>ADC1Seq1_Handler</name>
         <value>0x7525</value>
         <object_component_ref idref="oc-27"/>
      </symbol>
      <symbol id="sm-3f8">
         <name>GPIOPortH_Handler</name>
         <value>0x7503</value>
         <object_component_ref idref="oc-27"/>
      </symbol>
      <symbol id="sm-3f9">
         <name>GPIOPortQ6_Handler</name>
         <value>0x7595</value>
         <object_component_ref idref="oc-27"/>
      </symbol>
      <symbol id="sm-3fa">
         <name>GPIOPortC_Handler</name>
         <value>0x74c7</value>
         <object_component_ref idref="oc-27"/>
      </symbol>
      <symbol id="sm-3fb">
         <name>GPIOPortQ1_Handler</name>
         <value>0x758b</value>
         <object_component_ref idref="oc-27"/>
      </symbol>
      <symbol id="sm-3fc">
         <name>UART6_Handler</name>
         <value>0x753f</value>
         <object_component_ref idref="oc-27"/>
      </symbol>
      <symbol id="sm-3fd">
         <name>ADC0Seq2_Handler</name>
         <value>0x74e3</value>
         <object_component_ref idref="oc-27"/>
      </symbol>
      <symbol id="sm-42d">
         <name>memcpy</name>
         <value>0x77c5</value>
         <object_component_ref idref="oc-3b"/>
      </symbol>
      <symbol id="sm-42e">
         <name>__aeabi_memcpy</name>
         <value>0x77c5</value>
         <object_component_ref idref="oc-3b"/>
      </symbol>
      <symbol id="sm-42f">
         <name>__aeabi_memcpy8</name>
         <value>0x77c5</value>
         <object_component_ref idref="oc-3b"/>
      </symbol>
      <symbol id="sm-430">
         <name>__aeabi_memcpy4</name>
         <value>0x77c5</value>
         <object_component_ref idref="oc-3b"/>
      </symbol>
      <symbol id="sm-444">
         <name>__TI_zero_init_nomemset</name>
         <value>0x7d97</value>
         <object_component_ref idref="oc-47"/>
      </symbol>
      <symbol id="sm-45b">
         <name>__TI_decompress_none</name>
         <value>0x7ecf</value>
         <object_component_ref idref="oc-18"/>
      </symbol>
      <symbol id="sm-47e">
         <name>__TI_decompress_lzss</name>
         <value>0x7945</value>
         <object_component_ref idref="oc-12"/>
      </symbol>
      <symbol id="sm-489">
         <name>C$$EXIT</name>
         <value>0x7f41</value>
         <object_component_ref idref="oc-122"/>
      </symbol>
      <symbol id="sm-48a">
         <name>abort</name>
         <value>0x7f41</value>
         <object_component_ref idref="oc-122"/>
      </symbol>
      <symbol id="sm-4a6">
         <name>_sys_memory</name>
         <value>0x200004b0</value>
         <object_component_ref idref="oc-21"/>
      </symbol>
      <symbol id="sm-4bd">
         <name>__stack</name>
         <value>0x20000270</value>
         <object_component_ref idref="oc-24"/>
      </symbol>
      <symbol id="sm-4be">
         <name>_c_int00_noargs</name>
         <value>0x7cad</value>
         <object_component_ref idref="oc-59"/>
      </symbol>
      <symbol id="sm-4ed">
         <name>__TI_auto_init_nobinit_nopinit</name>
         <value>0x7b8d</value>
         <object_component_ref idref="oc-12e"/>
      </symbol>
      <symbol id="sm-4f7">
         <name>_system_pre_init</name>
         <value>0x7f3d</value>
         <object_component_ref idref="oc-99"/>
      </symbol>
      <symbol id="sm-55e">
         <name>ADCProcessorTrigger</name>
         <value>0x7db3</value>
         <object_component_ref idref="oc-10f"/>
      </symbol>
      <symbol id="sm-55f">
         <name>ADCSequenceEnable</name>
         <value>0x7eb3</value>
         <object_component_ref idref="oc-24b"/>
      </symbol>
      <symbol id="sm-560">
         <name>ADCSequenceConfigure</name>
         <value>0x7a63</value>
         <object_component_ref idref="oc-23f"/>
      </symbol>
      <symbol id="sm-561">
         <name>ADCSequenceStepConfigure</name>
         <value>0x7861</value>
         <object_component_ref idref="oc-245"/>
      </symbol>
      <symbol id="sm-562">
         <name>ADCIntClear</name>
         <value>0x7ef5</value>
         <object_component_ref idref="oc-103"/>
      </symbol>
      <symbol id="sm-563">
         <name>ADCIntStatus</name>
         <value>0x7ce1</value>
         <object_component_ref idref="oc-fd"/>
      </symbol>
      <symbol id="sm-564">
         <name>ADCSequenceDisable</name>
         <value>0x7ea5</value>
         <object_component_ref idref="oc-239"/>
      </symbol>
      <symbol id="sm-565">
         <name>ADCSequenceDataGet</name>
         <value>0x7d5b</value>
         <object_component_ref idref="oc-109"/>
      </symbol>
      <symbol id="sm-606">
         <name>GPIOPinTypePWM</name>
         <value>0x7e4d</value>
         <object_component_ref idref="oc-20f"/>
      </symbol>
      <symbol id="sm-607">
         <name>GPIOIntRegister</name>
         <value>0x7dcb</value>
         <object_component_ref idref="oc-1fd"/>
      </symbol>
      <symbol id="sm-608">
         <name>GPIOPinConfigure</name>
         <value>0x7b01</value>
         <object_component_ref idref="oc-179"/>
      </symbol>
      <symbol id="sm-609">
         <name>GPIOIntEnable</name>
         <value>0x7edd</value>
         <object_component_ref idref="oc-203"/>
      </symbol>
      <symbol id="sm-60a">
         <name>GPIOIntTypeSet</name>
         <value>0x7a0d</value>
         <object_component_ref idref="oc-1f7"/>
      </symbol>
      <symbol id="sm-60b">
         <name>GPIOPinTypeADC</name>
         <value>0x7e29</value>
         <object_component_ref idref="oc-233"/>
      </symbol>
      <symbol id="sm-60c">
         <name>GPIOPinTypeGPIOInput</name>
         <value>0x7e3b</value>
         <object_component_ref idref="oc-1c1"/>
      </symbol>
      <symbol id="sm-60d">
         <name>GPIOIntClear</name>
         <value>0x7f1b</value>
         <object_component_ref idref="oc-eb"/>
      </symbol>
      <symbol id="sm-60e">
         <name>GPIOPinTypeGPIOOutput</name>
         <value>0x7de3</value>
         <object_component_ref idref="oc-1c7"/>
      </symbol>
      <symbol id="sm-60f">
         <name>GPIOPinRead</name>
         <value>0x7f21</value>
         <object_component_ref idref="oc-e5"/>
      </symbol>
      <symbol id="sm-610">
         <name>GPIODirModeSet</name>
         <value>0x7d0f</value>
         <object_component_ref idref="oc-29d"/>
      </symbol>
      <symbol id="sm-611">
         <name>GPIOPinWrite</name>
         <value>0x7f27</value>
         <object_component_ref idref="oc-167"/>
      </symbol>
      <symbol id="sm-612">
         <name>GPIOPadConfigSet</name>
         <value>0x737d</value>
         <object_component_ref idref="oc-1f1"/>
      </symbol>
      <symbol id="sm-613">
         <name>GPIOPinTypeSSI</name>
         <value>0x7e5f</value>
         <object_component_ref idref="oc-17f"/>
      </symbol>
      <symbol id="sm-64c">
         <name>IntEnable</name>
         <value>0x78dd</value>
         <object_component_ref idref="oc-2db"/>
      </symbol>
      <symbol id="sm-64d">
         <name>IntRegister</name>
         <value>0x7c45</value>
         <object_component_ref idref="oc-2d5"/>
      </symbol>
      <symbol id="sm-64e">
         <name>g_pfnRAMVectors</name>
         <value>0x20000000</value>
         <object_component_ref idref="oc-330"/>
      </symbol>
      <symbol id="sm-67b">
         <name>PWMGenPeriodSet</name>
         <value>0x7e95</value>
         <object_component_ref idref="oc-21b"/>
      </symbol>
      <symbol id="sm-67c">
         <name>PWMPulseWidthSet</name>
         <value>0x7d79</value>
         <object_component_ref idref="oc-221"/>
      </symbol>
      <symbol id="sm-67d">
         <name>PWMOutputState</name>
         <value>0x7e71</value>
         <object_component_ref idref="oc-22d"/>
      </symbol>
      <symbol id="sm-67e">
         <name>PWMGenEnable</name>
         <value>0x7ee9</value>
         <object_component_ref idref="oc-227"/>
      </symbol>
      <symbol id="sm-67f">
         <name>PWMGenConfigure</name>
         <value>0x7d39</value>
         <object_component_ref idref="oc-215"/>
      </symbol>
      <symbol id="sm-69e">
         <name>SSIDataPut</name>
         <value>0x7eff</value>
         <object_component_ref idref="oc-16d"/>
      </symbol>
      <symbol id="sm-69f">
         <name>SSIConfigSetExpClk</name>
         <value>0x7bd1</value>
         <object_component_ref idref="oc-251"/>
      </symbol>
      <symbol id="sm-6a0">
         <name>SSIEnable</name>
         <value>0x7f09</value>
         <object_component_ref idref="oc-257"/>
      </symbol>
      <symbol id="sm-707">
         <name>SysCtlClockSet</name>
         <value>0x76d1</value>
         <object_component_ref idref="oc-f1"/>
      </symbol>
      <symbol id="sm-708">
         <name>SysCtlDelay</name>
         <value>0x7f2d</value>
         <object_component_ref idref="oc-e4"/>
      </symbol>
      <symbol id="sm-709">
         <name>SysCtlPeripheralEnable</name>
         <value>0x7c79</value>
         <object_component_ref idref="oc-1b5"/>
      </symbol>
      <symbol id="sm-70a">
         <name>SysCtlClockGet</name>
         <value>0x75c1</value>
         <object_component_ref idref="oc-173"/>
      </symbol>
      <symbol id="sm-70b">
         <name>SysCtlPWMClockSet</name>
         <value>0x7e15</value>
         <object_component_ref idref="oc-209"/>
      </symbol>
      <symbol id="sm-70c">
         <name>SysCtlPeripheralReady</name>
         <value>0x7c0d</value>
         <object_component_ref idref="oc-1bb"/>
      </symbol>
      <symbol id="sm-76f">
         <name>TimerLoadSet</name>
         <value>0x7e83</value>
         <object_component_ref idref="oc-1d9"/>
      </symbol>
      <symbol id="sm-770">
         <name>TimerIntRegister</name>
         <value>0x7dfb</value>
         <object_component_ref idref="oc-1df"/>
      </symbol>
      <symbol id="sm-771">
         <name>TimerEnable</name>
         <value>0x7ec1</value>
         <object_component_ref idref="oc-1eb"/>
      </symbol>
      <symbol id="sm-772">
         <name>TimerIntEnable</name>
         <value>0x7f13</value>
         <object_component_ref idref="oc-1e5"/>
      </symbol>
      <symbol id="sm-773">
         <name>TimerClockSourceSet</name>
         <value>0x7f33</value>
         <object_component_ref idref="oc-1cd"/>
      </symbol>
      <symbol id="sm-774">
         <name>TimerConfigure</name>
         <value>0x79ad</value>
         <object_component_ref idref="oc-1d3"/>
      </symbol>
      <symbol id="sm-775">
         <name>TimerIntClear</name>
         <value>0x7f39</value>
         <object_component_ref idref="oc-de"/>
      </symbol>
      <symbol id="sm-777">
         <name>__TI_static_base__</name>
         <value>0x0</value>
      </symbol>
      <symbol id="sm-77a">
         <name>__mpu_init</name>
         <value>0x0</value>
      </symbol>
      <symbol id="sm-77b">
         <name>_system_post_cinit</name>
         <value>0x0</value>
      </symbol>
   </symbol_table>
   <title>Link successful</title>
</link_info>
